Archive member included to satisfy reference by file (symbol)

.\CortexM0\ARM_GCC_541\Debug\SkorobohatyiLab6.a(CyLib.o)
                              .\CortexM0\ARM_GCC_541\Debug\cyfitter_cfg.o (CyIntEnable)
.\CortexM0\ARM_GCC_541\Debug\SkorobohatyiLab6.a(CyLFClk.o)
                              .\CortexM0\ARM_GCC_541\Debug\cyfitter_cfg.o (CySysWdtIsr)
.\CortexM0\ARM_GCC_541\Debug\SkorobohatyiLab6.a(COLUMN_0.o)
                              .\CortexM0\ARM_GCC_541\Debug\main.o (COLUMN_0_SetDriveMode)
.\CortexM0\ARM_GCC_541\Debug\SkorobohatyiLab6.a(COLUMN_1.o)
                              .\CortexM0\ARM_GCC_541\Debug\main.o (COLUMN_1_SetDriveMode)
.\CortexM0\ARM_GCC_541\Debug\SkorobohatyiLab6.a(COLUMN_2.o)
                              .\CortexM0\ARM_GCC_541\Debug\main.o (COLUMN_2_SetDriveMode)
.\CortexM0\ARM_GCC_541\Debug\SkorobohatyiLab6.a(ROW_0.o)
                              .\CortexM0\ARM_GCC_541\Debug\main.o (ROW_0_Read)
.\CortexM0\ARM_GCC_541\Debug\SkorobohatyiLab6.a(ROW_1.o)
                              .\CortexM0\ARM_GCC_541\Debug\main.o (ROW_1_Read)
.\CortexM0\ARM_GCC_541\Debug\SkorobohatyiLab6.a(ROW_2.o)
                              .\CortexM0\ARM_GCC_541\Debug\main.o (ROW_2_Read)
.\CortexM0\ARM_GCC_541\Debug\SkorobohatyiLab6.a(ROW_3.o)
                              .\CortexM0\ARM_GCC_541\Debug\main.o (ROW_3_Read)
.\CortexM0\ARM_GCC_541\Debug\SkorobohatyiLab6.a(Pin_Latch.o)
                              .\CortexM0\ARM_GCC_541\Debug\main.o (Pin_Latch_Write)
.\CortexM0\ARM_GCC_541\Debug\SkorobohatyiLab6.a(Pin_CLK.o)
                              .\CortexM0\ARM_GCC_541\Debug\main.o (Pin_CLK_Write)
.\CortexM0\ARM_GCC_541\Debug\SkorobohatyiLab6.a(Pin_DO.o)
                              .\CortexM0\ARM_GCC_541\Debug\main.o (Pin_DO_Write)
.\CortexM0\ARM_GCC_541\Debug\SkorobohatyiLab6.a(Timer_Int.o)
                              .\CortexM0\ARM_GCC_541\Debug\main.o (Timer_Int_StartEx)
.\CortexM0\ARM_GCC_541\Debug\SkorobohatyiLab6.a(Timer.o)
                              .\CortexM0\ARM_GCC_541\Debug\main.o (Timer_Start)
.\CortexM0\ARM_GCC_541\Debug\SkorobohatyiLab6.a(LED_R.o)
                              .\CortexM0\ARM_GCC_541\Debug\main.o (LED_R_Write)
.\CortexM0\ARM_GCC_541\Debug\SkorobohatyiLab6.a(LED_G.o)
                              .\CortexM0\ARM_GCC_541\Debug\main.o (LED_G_Write)
.\CortexM0\ARM_GCC_541\Debug\SkorobohatyiLab6.a(LED_B.o)
                              .\CortexM0\ARM_GCC_541\Debug\main.o (LED_B_Write)
.\CortexM0\ARM_GCC_541\Debug\SkorobohatyiLab6.a(CyBootAsmGnu.o)
                              .\CortexM0\ARM_GCC_541\Debug\SkorobohatyiLab6.a(CyLib.o) (CyDelayCycles)
.\CortexM0\ARM_GCC_541\Debug\SkorobohatyiLab6.a(cyutils.o)
                              .\CortexM0\ARM_GCC_541\Debug\SkorobohatyiLab6.a(Timer.o) (CySetReg24)
e:/psoc creator/4.4/psoc creator/import/gnu/arm/5.4.1/bin/../lib/gcc/arm-none-eabi/5.4.1/armv6-m\libgcc.a(_udivsi3.o)
                              .\CortexM0\ARM_GCC_541\Debug\main.o (__aeabi_uidiv)
e:/psoc creator/4.4/psoc creator/import/gnu/arm/5.4.1/bin/../lib/gcc/arm-none-eabi/5.4.1/armv6-m\libgcc.a(_dvmd_tls.o)
                              e:/psoc creator/4.4/psoc creator/import/gnu/arm/5.4.1/bin/../lib/gcc/arm-none-eabi/5.4.1/armv6-m\libgcc.a(_udivsi3.o) (__aeabi_idiv0)
e:/psoc creator/4.4/psoc creator/import/gnu/arm/5.4.1/bin/../lib/gcc/arm-none-eabi/5.4.1/../../../../arm-none-eabi/lib/armv6-m\libg_nano.a(lib_a-errno.o)
                              .\CortexM0\ARM_GCC_541\Debug\Cm0Start.o (__errno)
e:/psoc creator/4.4/psoc creator/import/gnu/arm/5.4.1/bin/../lib/gcc/arm-none-eabi/5.4.1/../../../../arm-none-eabi/lib/armv6-m\libg_nano.a(lib_a-exit.o)
                              e:/psoc creator/4.4/psoc creator/import/gnu/arm/5.4.1/bin/../lib/gcc/arm-none-eabi/5.4.1/../../../../arm-none-eabi/lib/armv6-m/crt0.o (exit)
e:/psoc creator/4.4/psoc creator/import/gnu/arm/5.4.1/bin/../lib/gcc/arm-none-eabi/5.4.1/../../../../arm-none-eabi/lib/armv6-m\libg_nano.a(lib_a-impure.o)
                              e:/psoc creator/4.4/psoc creator/import/gnu/arm/5.4.1/bin/../lib/gcc/arm-none-eabi/5.4.1/../../../../arm-none-eabi/lib/armv6-m\libg_nano.a(lib_a-exit.o) (_global_impure_ptr)
e:/psoc creator/4.4/psoc creator/import/gnu/arm/5.4.1/bin/../lib/gcc/arm-none-eabi/5.4.1/../../../../arm-none-eabi/lib/armv6-m\libg_nano.a(lib_a-init.o)
                              e:/psoc creator/4.4/psoc creator/import/gnu/arm/5.4.1/bin/../lib/gcc/arm-none-eabi/5.4.1/../../../../arm-none-eabi/lib/armv6-m/crt0.o (__libc_init_array)
e:/psoc creator/4.4/psoc creator/import/gnu/arm/5.4.1/bin/../lib/gcc/arm-none-eabi/5.4.1/../../../../arm-none-eabi/lib/armv6-m\libg_nano.a(lib_a-memset.o)
                              e:/psoc creator/4.4/psoc creator/import/gnu/arm/5.4.1/bin/../lib/gcc/arm-none-eabi/5.4.1/../../../../arm-none-eabi/lib/armv6-m/crt0.o (memset)
e:/psoc creator/4.4/psoc creator/import/gnu/arm/5.4.1/bin/../lib/gcc/arm-none-eabi/5.4.1/../../../../arm-none-eabi/lib/armv6-m\libg_nano.a(lib_a-strncmp.o)
                              .\CortexM0\ARM_GCC_541\Debug\main.o (strncmp)

Discarded input sections

 .text          0x00000000        0x0 e:/psoc creator/4.4/psoc creator/import/gnu/arm/5.4.1/bin/../lib/gcc/arm-none-eabi/5.4.1/armv6-m/crti.o
 .data          0x00000000        0x0 e:/psoc creator/4.4/psoc creator/import/gnu/arm/5.4.1/bin/../lib/gcc/arm-none-eabi/5.4.1/armv6-m/crti.o
 .bss           0x00000000        0x0 e:/psoc creator/4.4/psoc creator/import/gnu/arm/5.4.1/bin/../lib/gcc/arm-none-eabi/5.4.1/armv6-m/crti.o
 .data          0x00000000        0x4 e:/psoc creator/4.4/psoc creator/import/gnu/arm/5.4.1/bin/../lib/gcc/arm-none-eabi/5.4.1/armv6-m/crtbegin.o
 .text          0x00000000       0x78 e:/psoc creator/4.4/psoc creator/import/gnu/arm/5.4.1/bin/../lib/gcc/arm-none-eabi/5.4.1/../../../../arm-none-eabi/lib/armv6-m/crt0.o
 .data          0x00000000        0x0 e:/psoc creator/4.4/psoc creator/import/gnu/arm/5.4.1/bin/../lib/gcc/arm-none-eabi/5.4.1/../../../../arm-none-eabi/lib/armv6-m/crt0.o
 .bss           0x00000000        0x0 e:/psoc creator/4.4/psoc creator/import/gnu/arm/5.4.1/bin/../lib/gcc/arm-none-eabi/5.4.1/../../../../arm-none-eabi/lib/armv6-m/crt0.o
 .ARM.extab     0x00000000        0x0 e:/psoc creator/4.4/psoc creator/import/gnu/arm/5.4.1/bin/../lib/gcc/arm-none-eabi/5.4.1/../../../../arm-none-eabi/lib/armv6-m/crt0.o
 .ARM.exidx     0x00000000        0x8 e:/psoc creator/4.4/psoc creator/import/gnu/arm/5.4.1/bin/../lib/gcc/arm-none-eabi/5.4.1/../../../../arm-none-eabi/lib/armv6-m/crt0.o
 .text          0x00000000        0x0 .\CortexM0\ARM_GCC_541\Debug\main.o
 .text          0x00000000        0x0 .\CortexM0\ARM_GCC_541\Debug\cyfitter_cfg.o
 .data          0x00000000        0x0 .\CortexM0\ARM_GCC_541\Debug\cyfitter_cfg.o
 .bss           0x00000000        0x0 .\CortexM0\ARM_GCC_541\Debug\cyfitter_cfg.o
 .text          0x00000000        0x0 .\CortexM0\ARM_GCC_541\Debug\cymetadata.o
 .data          0x00000000        0x0 .\CortexM0\ARM_GCC_541\Debug\cymetadata.o
 .bss           0x00000000        0x0 .\CortexM0\ARM_GCC_541\Debug\cymetadata.o
 .text          0x00000000        0x0 .\CortexM0\ARM_GCC_541\Debug\Cm0Start.o
 .data          0x00000000        0x4 .\CortexM0\ARM_GCC_541\Debug\Cm0Start.o
 .bss           0x00000000        0x0 .\CortexM0\ARM_GCC_541\Debug\Cm0Start.o
 .text._exit    0x00000000        0xc .\CortexM0\ARM_GCC_541\Debug\Cm0Start.o
 .text._sbrk    0x00000000       0x30 .\CortexM0\ARM_GCC_541\Debug\Cm0Start.o
 .text          0x00000000        0x0 .\CortexM0\ARM_GCC_541\Debug\SkorobohatyiLab6.a(CyLib.o)
 .bss           0x00000000       0x18 .\CortexM0\ARM_GCC_541\Debug\SkorobohatyiLab6.a(CyLib.o)
 .text.CySysClkImoStart
                0x00000000       0x14 .\CortexM0\ARM_GCC_541\Debug\SkorobohatyiLab6.a(CyLib.o)
 .text.CySysClkImoStop
                0x00000000       0x10 .\CortexM0\ARM_GCC_541\Debug\SkorobohatyiLab6.a(CyLib.o)
 .text.CySysClkWriteHfclkDirect
                0x00000000       0x20 .\CortexM0\ARM_GCC_541\Debug\SkorobohatyiLab6.a(CyLib.o)
 .text.CySysEnablePumpClock
                0x00000000       0x38 .\CortexM0\ARM_GCC_541\Debug\SkorobohatyiLab6.a(CyLib.o)
 .text.CySysClkGetSysclkSource
                0x00000000       0x1c .\CortexM0\ARM_GCC_541\Debug\SkorobohatyiLab6.a(CyLib.o)
 .text.CySysClkWriteSysclkDiv
                0x00000000       0x30 .\CortexM0\ARM_GCC_541\Debug\SkorobohatyiLab6.a(CyLib.o)
 .text.CySysLvdDisable
                0x00000000       0x20 .\CortexM0\ARM_GCC_541\Debug\SkorobohatyiLab6.a(CyLib.o)
 .text.CySysLvdGetInterruptSource
                0x00000000       0x10 .\CortexM0\ARM_GCC_541\Debug\SkorobohatyiLab6.a(CyLib.o)
 .text.CySysLvdClearInterrupt
                0x00000000        0xc .\CortexM0\ARM_GCC_541\Debug\SkorobohatyiLab6.a(CyLib.o)
 .text.CySysGetResetReason
                0x00000000       0x14 .\CortexM0\ARM_GCC_541\Debug\SkorobohatyiLab6.a(CyLib.o)
 .text.CyDisableInts
                0x00000000       0x10 .\CortexM0\ARM_GCC_541\Debug\SkorobohatyiLab6.a(CyLib.o)
 .text.CyEnableInts
                0x00000000        0xc .\CortexM0\ARM_GCC_541\Debug\SkorobohatyiLab6.a(CyLib.o)
 .text.CyIntGetState
                0x00000000       0x18 .\CortexM0\ARM_GCC_541\Debug\SkorobohatyiLab6.a(CyLib.o)
 .text.CyIntDisable
                0x00000000       0x14 .\CortexM0\ARM_GCC_541\Debug\SkorobohatyiLab6.a(CyLib.o)
 .text.CyIntSetPending
                0x00000000       0x14 .\CortexM0\ARM_GCC_541\Debug\SkorobohatyiLab6.a(CyLib.o)
 .text.CyIntClearPending
                0x00000000       0x14 .\CortexM0\ARM_GCC_541\Debug\SkorobohatyiLab6.a(CyLib.o)
 .text.CyIntSetSysVector
                0x00000000       0x20 .\CortexM0\ARM_GCC_541\Debug\SkorobohatyiLab6.a(CyLib.o)
 .text.CyIntGetSysVector
                0x00000000       0x1c .\CortexM0\ARM_GCC_541\Debug\SkorobohatyiLab6.a(CyLib.o)
 .text.CyIntGetVector
                0x00000000       0x20 .\CortexM0\ARM_GCC_541\Debug\SkorobohatyiLab6.a(CyLib.o)
 .text.CyIntSetPriority
                0x00000000       0x4c .\CortexM0\ARM_GCC_541\Debug\SkorobohatyiLab6.a(CyLib.o)
 .text.CyIntGetPriority
                0x00000000       0x2c .\CortexM0\ARM_GCC_541\Debug\SkorobohatyiLab6.a(CyLib.o)
 .text.CySoftwareReset
                0x00000000       0x18 .\CortexM0\ARM_GCC_541\Debug\SkorobohatyiLab6.a(CyLib.o)
 .text.CySysLvdEnable
                0x00000000       0x44 .\CortexM0\ARM_GCC_541\Debug\SkorobohatyiLab6.a(CyLib.o)
 .text.CyDelayFreq
                0x00000000       0x4c .\CortexM0\ARM_GCC_541\Debug\SkorobohatyiLab6.a(CyLib.o)
 .text.CySysTickStop
                0x00000000       0x10 .\CortexM0\ARM_GCC_541\Debug\SkorobohatyiLab6.a(CyLib.o)
 .text.CySysTickEnableInterrupt
                0x00000000       0x10 .\CortexM0\ARM_GCC_541\Debug\SkorobohatyiLab6.a(CyLib.o)
 .text.CySysTickEnable
                0x00000000       0x18 .\CortexM0\ARM_GCC_541\Debug\SkorobohatyiLab6.a(CyLib.o)
 .text.CySysTickDisableInterrupt
                0x00000000       0x10 .\CortexM0\ARM_GCC_541\Debug\SkorobohatyiLab6.a(CyLib.o)
 .text.CySysTickSetReload
                0x00000000       0x10 .\CortexM0\ARM_GCC_541\Debug\SkorobohatyiLab6.a(CyLib.o)
 .text.CySysTickGetReload
                0x00000000       0x10 .\CortexM0\ARM_GCC_541\Debug\SkorobohatyiLab6.a(CyLib.o)
 .text.CySysTickGetValue
                0x00000000       0x10 .\CortexM0\ARM_GCC_541\Debug\SkorobohatyiLab6.a(CyLib.o)
 .text.CySysTickGetCountFlag
                0x00000000       0x10 .\CortexM0\ARM_GCC_541\Debug\SkorobohatyiLab6.a(CyLib.o)
 .text.CySysTickServiceCallbacks
                0x00000000       0x28 .\CortexM0\ARM_GCC_541\Debug\SkorobohatyiLab6.a(CyLib.o)
 .text.CySysTickClear
                0x00000000        0xc .\CortexM0\ARM_GCC_541\Debug\SkorobohatyiLab6.a(CyLib.o)
 .text.CySysTickInit
                0x00000000       0x40 .\CortexM0\ARM_GCC_541\Debug\SkorobohatyiLab6.a(CyLib.o)
 .text.CySysTickStart
                0x00000000       0x20 .\CortexM0\ARM_GCC_541\Debug\SkorobohatyiLab6.a(CyLib.o)
 .text.CySysTickSetCallback
                0x00000000       0x10 .\CortexM0\ARM_GCC_541\Debug\SkorobohatyiLab6.a(CyLib.o)
 .text.CySysTickGetCallback
                0x00000000        0xc .\CortexM0\ARM_GCC_541\Debug\SkorobohatyiLab6.a(CyLib.o)
 .text.CyGetUniqueId
                0x00000000       0x70 .\CortexM0\ARM_GCC_541\Debug\SkorobohatyiLab6.a(CyLib.o)
 .text          0x00000000        0x0 .\CortexM0\ARM_GCC_541\Debug\SkorobohatyiLab6.a(CyLFClk.o)
 .text.CySysClkIloEnabled
                0x00000000       0x14 .\CortexM0\ARM_GCC_541\Debug\SkorobohatyiLab6.a(CyLFClk.o)
 .text.CySysClkIloStart
                0x00000000       0x14 .\CortexM0\ARM_GCC_541\Debug\SkorobohatyiLab6.a(CyLFClk.o)
 .text.CySysClkIloStartMeasurement
                0x00000000       0x34 .\CortexM0\ARM_GCC_541\Debug\SkorobohatyiLab6.a(CyLFClk.o)
 .text.CySysClkIloStopMeasurement
                0x00000000       0x14 .\CortexM0\ARM_GCC_541\Debug\SkorobohatyiLab6.a(CyLFClk.o)
 .text.CySysClkIloCompensate
                0x00000000      0x104 .\CortexM0\ARM_GCC_541\Debug\SkorobohatyiLab6.a(CyLFClk.o)
 .text.CySysWdtGetEnabledStatus
                0x00000000       0x24 .\CortexM0\ARM_GCC_541\Debug\SkorobohatyiLab6.a(CyLFClk.o)
 .text.CySysWdtSetMode
                0x00000000       0x38 .\CortexM0\ARM_GCC_541\Debug\SkorobohatyiLab6.a(CyLFClk.o)
 .text.CySysClkLfclkPosedgeRestore
                0x00000000       0x2c .\CortexM0\ARM_GCC_541\Debug\SkorobohatyiLab6.a(CyLFClk.o)
 .text.CySysWdtGetMode
                0x00000000       0x14 .\CortexM0\ARM_GCC_541\Debug\SkorobohatyiLab6.a(CyLFClk.o)
 .text.CySysWdtSetClearOnMatch
                0x00000000       0x34 .\CortexM0\ARM_GCC_541\Debug\SkorobohatyiLab6.a(CyLFClk.o)
 .text.CySysWdtGetClearOnMatch
                0x00000000       0x24 .\CortexM0\ARM_GCC_541\Debug\SkorobohatyiLab6.a(CyLFClk.o)
 .text.CySysWdtEnable
                0x00000000       0x40 .\CortexM0\ARM_GCC_541\Debug\SkorobohatyiLab6.a(CyLFClk.o)
 .text.CySysWdtDisable
                0x00000000       0x44 .\CortexM0\ARM_GCC_541\Debug\SkorobohatyiLab6.a(CyLFClk.o)
 .text.CySysWdtSetCascade
                0x00000000       0x34 .\CortexM0\ARM_GCC_541\Debug\SkorobohatyiLab6.a(CyLFClk.o)
 .text.CySysWdtGetCascade
                0x00000000       0x14 .\CortexM0\ARM_GCC_541\Debug\SkorobohatyiLab6.a(CyLFClk.o)
 .text.CySysWdtSetMatch
                0x00000000       0x38 .\CortexM0\ARM_GCC_541\Debug\SkorobohatyiLab6.a(CyLFClk.o)
 .text.CySysWdtSetToggleBit
                0x00000000       0x30 .\CortexM0\ARM_GCC_541\Debug\SkorobohatyiLab6.a(CyLFClk.o)
 .text.CySysWdtGetToggleBit
                0x00000000       0x10 .\CortexM0\ARM_GCC_541\Debug\SkorobohatyiLab6.a(CyLFClk.o)
 .text.CySysWdtGetMatch
                0x00000000       0x20 .\CortexM0\ARM_GCC_541\Debug\SkorobohatyiLab6.a(CyLFClk.o)
 .text.CySysWdtGetCount
                0x00000000       0x3c .\CortexM0\ARM_GCC_541\Debug\SkorobohatyiLab6.a(CyLFClk.o)
 .text.CySysClkLfclkPosedgeCatch
                0x00000000       0x74 .\CortexM0\ARM_GCC_541\Debug\SkorobohatyiLab6.a(CyLFClk.o)
 .text.CySysClkIloStop
                0x00000000       0x38 .\CortexM0\ARM_GCC_541\Debug\SkorobohatyiLab6.a(CyLFClk.o)
 .text.CySysWdtGetInterruptSource
                0x00000000       0x14 .\CortexM0\ARM_GCC_541\Debug\SkorobohatyiLab6.a(CyLFClk.o)
 .text.CySysWdtResetCounters
                0x00000000       0x20 .\CortexM0\ARM_GCC_541\Debug\SkorobohatyiLab6.a(CyLFClk.o)
 .text.CySysWdtSetInterruptCallback
                0x00000000       0x20 .\CortexM0\ARM_GCC_541\Debug\SkorobohatyiLab6.a(CyLFClk.o)
 .text.CySysWdtGetInterruptCallback
                0x00000000       0x20 .\CortexM0\ARM_GCC_541\Debug\SkorobohatyiLab6.a(CyLFClk.o)
 .text.CySysWdtEnableCounterIsr
                0x00000000       0x34 .\CortexM0\ARM_GCC_541\Debug\SkorobohatyiLab6.a(CyLFClk.o)
 .text.CySysWdtDisableCounterIsr
                0x00000000       0x28 .\CortexM0\ARM_GCC_541\Debug\SkorobohatyiLab6.a(CyLFClk.o)
 .text.CySysWatchdogFeed
                0x00000000       0x60 .\CortexM0\ARM_GCC_541\Debug\SkorobohatyiLab6.a(CyLFClk.o)
 .text.CySysTimerDelayUntilMatch
                0x00000000       0x6c .\CortexM0\ARM_GCC_541\Debug\SkorobohatyiLab6.a(CyLFClk.o)
 .text.CySysTimerDelay
                0x00000000       0x3c .\CortexM0\ARM_GCC_541\Debug\SkorobohatyiLab6.a(CyLFClk.o)
 .rodata        0x00000000        0xc .\CortexM0\ARM_GCC_541\Debug\SkorobohatyiLab6.a(CyLFClk.o)
 .text          0x00000000        0x0 .\CortexM0\ARM_GCC_541\Debug\SkorobohatyiLab6.a(COLUMN_0.o)
 .data          0x00000000        0x0 .\CortexM0\ARM_GCC_541\Debug\SkorobohatyiLab6.a(COLUMN_0.o)
 .bss           0x00000000        0x0 .\CortexM0\ARM_GCC_541\Debug\SkorobohatyiLab6.a(COLUMN_0.o)
 .text.COLUMN_0_Read
                0x00000000       0x10 .\CortexM0\ARM_GCC_541\Debug\SkorobohatyiLab6.a(COLUMN_0.o)
 .text.COLUMN_0_ReadDataReg
                0x00000000       0x10 .\CortexM0\ARM_GCC_541\Debug\SkorobohatyiLab6.a(COLUMN_0.o)
 .text.COLUMN_0_SetInterruptMode
                0x00000000       0x14 .\CortexM0\ARM_GCC_541\Debug\SkorobohatyiLab6.a(COLUMN_0.o)
 .text.COLUMN_0_ClearInterrupt
                0x00000000       0x10 .\CortexM0\ARM_GCC_541\Debug\SkorobohatyiLab6.a(COLUMN_0.o)
 .text          0x00000000        0x0 .\CortexM0\ARM_GCC_541\Debug\SkorobohatyiLab6.a(COLUMN_1.o)
 .data          0x00000000        0x0 .\CortexM0\ARM_GCC_541\Debug\SkorobohatyiLab6.a(COLUMN_1.o)
 .bss           0x00000000        0x0 .\CortexM0\ARM_GCC_541\Debug\SkorobohatyiLab6.a(COLUMN_1.o)
 .text.COLUMN_1_Read
                0x00000000       0x10 .\CortexM0\ARM_GCC_541\Debug\SkorobohatyiLab6.a(COLUMN_1.o)
 .text.COLUMN_1_ReadDataReg
                0x00000000       0x10 .\CortexM0\ARM_GCC_541\Debug\SkorobohatyiLab6.a(COLUMN_1.o)
 .text.COLUMN_1_SetInterruptMode
                0x00000000       0x14 .\CortexM0\ARM_GCC_541\Debug\SkorobohatyiLab6.a(COLUMN_1.o)
 .text.COLUMN_1_ClearInterrupt
                0x00000000       0x14 .\CortexM0\ARM_GCC_541\Debug\SkorobohatyiLab6.a(COLUMN_1.o)
 .text          0x00000000        0x0 .\CortexM0\ARM_GCC_541\Debug\SkorobohatyiLab6.a(COLUMN_2.o)
 .data          0x00000000        0x0 .\CortexM0\ARM_GCC_541\Debug\SkorobohatyiLab6.a(COLUMN_2.o)
 .bss           0x00000000        0x0 .\CortexM0\ARM_GCC_541\Debug\SkorobohatyiLab6.a(COLUMN_2.o)
 .text.COLUMN_2_Read
                0x00000000       0x10 .\CortexM0\ARM_GCC_541\Debug\SkorobohatyiLab6.a(COLUMN_2.o)
 .text.COLUMN_2_ReadDataReg
                0x00000000       0x10 .\CortexM0\ARM_GCC_541\Debug\SkorobohatyiLab6.a(COLUMN_2.o)
 .text.COLUMN_2_SetInterruptMode
                0x00000000       0x14 .\CortexM0\ARM_GCC_541\Debug\SkorobohatyiLab6.a(COLUMN_2.o)
 .text.COLUMN_2_ClearInterrupt
                0x00000000       0x10 .\CortexM0\ARM_GCC_541\Debug\SkorobohatyiLab6.a(COLUMN_2.o)
 .text          0x00000000        0x0 .\CortexM0\ARM_GCC_541\Debug\SkorobohatyiLab6.a(ROW_0.o)
 .data          0x00000000        0x0 .\CortexM0\ARM_GCC_541\Debug\SkorobohatyiLab6.a(ROW_0.o)
 .bss           0x00000000        0x0 .\CortexM0\ARM_GCC_541\Debug\SkorobohatyiLab6.a(ROW_0.o)
 .text.ROW_0_SetDriveMode
                0x00000000       0x14 .\CortexM0\ARM_GCC_541\Debug\SkorobohatyiLab6.a(ROW_0.o)
 .text.ROW_0_Write
                0x00000000       0x18 .\CortexM0\ARM_GCC_541\Debug\SkorobohatyiLab6.a(ROW_0.o)
 .text.ROW_0_ReadDataReg
                0x00000000       0x10 .\CortexM0\ARM_GCC_541\Debug\SkorobohatyiLab6.a(ROW_0.o)
 .text.ROW_0_SetInterruptMode
                0x00000000       0x14 .\CortexM0\ARM_GCC_541\Debug\SkorobohatyiLab6.a(ROW_0.o)
 .text.ROW_0_ClearInterrupt
                0x00000000       0x14 .\CortexM0\ARM_GCC_541\Debug\SkorobohatyiLab6.a(ROW_0.o)
 .text          0x00000000        0x0 .\CortexM0\ARM_GCC_541\Debug\SkorobohatyiLab6.a(ROW_1.o)
 .data          0x00000000        0x0 .\CortexM0\ARM_GCC_541\Debug\SkorobohatyiLab6.a(ROW_1.o)
 .bss           0x00000000        0x0 .\CortexM0\ARM_GCC_541\Debug\SkorobohatyiLab6.a(ROW_1.o)
 .text.ROW_1_SetDriveMode
                0x00000000       0x18 .\CortexM0\ARM_GCC_541\Debug\SkorobohatyiLab6.a(ROW_1.o)
 .text.ROW_1_Write
                0x00000000       0x18 .\CortexM0\ARM_GCC_541\Debug\SkorobohatyiLab6.a(ROW_1.o)
 .text.ROW_1_ReadDataReg
                0x00000000       0x10 .\CortexM0\ARM_GCC_541\Debug\SkorobohatyiLab6.a(ROW_1.o)
 .text.ROW_1_SetInterruptMode
                0x00000000       0x14 .\CortexM0\ARM_GCC_541\Debug\SkorobohatyiLab6.a(ROW_1.o)
 .text.ROW_1_ClearInterrupt
                0x00000000       0x14 .\CortexM0\ARM_GCC_541\Debug\SkorobohatyiLab6.a(ROW_1.o)
 .text          0x00000000        0x0 .\CortexM0\ARM_GCC_541\Debug\SkorobohatyiLab6.a(ROW_2.o)
 .data          0x00000000        0x0 .\CortexM0\ARM_GCC_541\Debug\SkorobohatyiLab6.a(ROW_2.o)
 .bss           0x00000000        0x0 .\CortexM0\ARM_GCC_541\Debug\SkorobohatyiLab6.a(ROW_2.o)
 .text.ROW_2_SetDriveMode
                0x00000000       0x18 .\CortexM0\ARM_GCC_541\Debug\SkorobohatyiLab6.a(ROW_2.o)
 .text.ROW_2_Write
                0x00000000       0x18 .\CortexM0\ARM_GCC_541\Debug\SkorobohatyiLab6.a(ROW_2.o)
 .text.ROW_2_ReadDataReg
                0x00000000       0x10 .\CortexM0\ARM_GCC_541\Debug\SkorobohatyiLab6.a(ROW_2.o)
 .text.ROW_2_SetInterruptMode
                0x00000000       0x14 .\CortexM0\ARM_GCC_541\Debug\SkorobohatyiLab6.a(ROW_2.o)
 .text.ROW_2_ClearInterrupt
                0x00000000       0x14 .\CortexM0\ARM_GCC_541\Debug\SkorobohatyiLab6.a(ROW_2.o)
 .text          0x00000000        0x0 .\CortexM0\ARM_GCC_541\Debug\SkorobohatyiLab6.a(ROW_3.o)
 .data          0x00000000        0x0 .\CortexM0\ARM_GCC_541\Debug\SkorobohatyiLab6.a(ROW_3.o)
 .bss           0x00000000        0x0 .\CortexM0\ARM_GCC_541\Debug\SkorobohatyiLab6.a(ROW_3.o)
 .text.ROW_3_SetDriveMode
                0x00000000       0x18 .\CortexM0\ARM_GCC_541\Debug\SkorobohatyiLab6.a(ROW_3.o)
 .text.ROW_3_Write
                0x00000000       0x18 .\CortexM0\ARM_GCC_541\Debug\SkorobohatyiLab6.a(ROW_3.o)
 .text.ROW_3_ReadDataReg
                0x00000000       0x10 .\CortexM0\ARM_GCC_541\Debug\SkorobohatyiLab6.a(ROW_3.o)
 .text.ROW_3_SetInterruptMode
                0x00000000       0x14 .\CortexM0\ARM_GCC_541\Debug\SkorobohatyiLab6.a(ROW_3.o)
 .text.ROW_3_ClearInterrupt
                0x00000000       0x14 .\CortexM0\ARM_GCC_541\Debug\SkorobohatyiLab6.a(ROW_3.o)
 .text          0x00000000        0x0 .\CortexM0\ARM_GCC_541\Debug\SkorobohatyiLab6.a(Pin_Latch.o)
 .data          0x00000000        0x0 .\CortexM0\ARM_GCC_541\Debug\SkorobohatyiLab6.a(Pin_Latch.o)
 .bss           0x00000000        0x0 .\CortexM0\ARM_GCC_541\Debug\SkorobohatyiLab6.a(Pin_Latch.o)
 .text.Pin_Latch_SetDriveMode
                0x00000000       0x18 .\CortexM0\ARM_GCC_541\Debug\SkorobohatyiLab6.a(Pin_Latch.o)
 .text.Pin_Latch_Read
                0x00000000       0x10 .\CortexM0\ARM_GCC_541\Debug\SkorobohatyiLab6.a(Pin_Latch.o)
 .text.Pin_Latch_ReadDataReg
                0x00000000       0x10 .\CortexM0\ARM_GCC_541\Debug\SkorobohatyiLab6.a(Pin_Latch.o)
 .text.Pin_Latch_SetInterruptMode
                0x00000000       0x14 .\CortexM0\ARM_GCC_541\Debug\SkorobohatyiLab6.a(Pin_Latch.o)
 .text.Pin_Latch_ClearInterrupt
                0x00000000       0x14 .\CortexM0\ARM_GCC_541\Debug\SkorobohatyiLab6.a(Pin_Latch.o)
 .text          0x00000000        0x0 .\CortexM0\ARM_GCC_541\Debug\SkorobohatyiLab6.a(Pin_CLK.o)
 .data          0x00000000        0x0 .\CortexM0\ARM_GCC_541\Debug\SkorobohatyiLab6.a(Pin_CLK.o)
 .bss           0x00000000        0x0 .\CortexM0\ARM_GCC_541\Debug\SkorobohatyiLab6.a(Pin_CLK.o)
 .text.Pin_CLK_SetDriveMode
                0x00000000       0x18 .\CortexM0\ARM_GCC_541\Debug\SkorobohatyiLab6.a(Pin_CLK.o)
 .text.Pin_CLK_Read
                0x00000000       0x10 .\CortexM0\ARM_GCC_541\Debug\SkorobohatyiLab6.a(Pin_CLK.o)
 .text.Pin_CLK_ReadDataReg
                0x00000000       0x10 .\CortexM0\ARM_GCC_541\Debug\SkorobohatyiLab6.a(Pin_CLK.o)
 .text.Pin_CLK_SetInterruptMode
                0x00000000       0x14 .\CortexM0\ARM_GCC_541\Debug\SkorobohatyiLab6.a(Pin_CLK.o)
 .text.Pin_CLK_ClearInterrupt
                0x00000000       0x14 .\CortexM0\ARM_GCC_541\Debug\SkorobohatyiLab6.a(Pin_CLK.o)
 .text          0x00000000        0x0 .\CortexM0\ARM_GCC_541\Debug\SkorobohatyiLab6.a(Pin_DO.o)
 .data          0x00000000        0x0 .\CortexM0\ARM_GCC_541\Debug\SkorobohatyiLab6.a(Pin_DO.o)
 .bss           0x00000000        0x0 .\CortexM0\ARM_GCC_541\Debug\SkorobohatyiLab6.a(Pin_DO.o)
 .text.Pin_DO_SetDriveMode
                0x00000000       0x14 .\CortexM0\ARM_GCC_541\Debug\SkorobohatyiLab6.a(Pin_DO.o)
 .text.Pin_DO_Read
                0x00000000       0x10 .\CortexM0\ARM_GCC_541\Debug\SkorobohatyiLab6.a(Pin_DO.o)
 .text.Pin_DO_ReadDataReg
                0x00000000       0x10 .\CortexM0\ARM_GCC_541\Debug\SkorobohatyiLab6.a(Pin_DO.o)
 .text.Pin_DO_SetInterruptMode
                0x00000000       0x14 .\CortexM0\ARM_GCC_541\Debug\SkorobohatyiLab6.a(Pin_DO.o)
 .text.Pin_DO_ClearInterrupt
                0x00000000       0x10 .\CortexM0\ARM_GCC_541\Debug\SkorobohatyiLab6.a(Pin_DO.o)
 .text          0x00000000        0x0 .\CortexM0\ARM_GCC_541\Debug\SkorobohatyiLab6.a(Timer_Int.o)
 .data          0x00000000        0x0 .\CortexM0\ARM_GCC_541\Debug\SkorobohatyiLab6.a(Timer_Int.o)
 .bss           0x00000000        0x0 .\CortexM0\ARM_GCC_541\Debug\SkorobohatyiLab6.a(Timer_Int.o)
 .text.Timer_Int_Interrupt
                0x00000000        0x4 .\CortexM0\ARM_GCC_541\Debug\SkorobohatyiLab6.a(Timer_Int.o)
 .text.Timer_Int_GetVector
                0x00000000        0xc .\CortexM0\ARM_GCC_541\Debug\SkorobohatyiLab6.a(Timer_Int.o)
 .text.Timer_Int_GetPriority
                0x00000000       0x10 .\CortexM0\ARM_GCC_541\Debug\SkorobohatyiLab6.a(Timer_Int.o)
 .text.Timer_Int_GetState
                0x00000000       0x10 .\CortexM0\ARM_GCC_541\Debug\SkorobohatyiLab6.a(Timer_Int.o)
 .text.Timer_Int_Start
                0x00000000       0x1c .\CortexM0\ARM_GCC_541\Debug\SkorobohatyiLab6.a(Timer_Int.o)
 .text.Timer_Int_Stop
                0x00000000       0x14 .\CortexM0\ARM_GCC_541\Debug\SkorobohatyiLab6.a(Timer_Int.o)
 .text.Timer_Int_SetPending
                0x00000000        0xc .\CortexM0\ARM_GCC_541\Debug\SkorobohatyiLab6.a(Timer_Int.o)
 .text.Timer_Int_ClearPending
                0x00000000        0xc .\CortexM0\ARM_GCC_541\Debug\SkorobohatyiLab6.a(Timer_Int.o)
 .text          0x00000000        0x0 .\CortexM0\ARM_GCC_541\Debug\SkorobohatyiLab6.a(Timer.o)
 .data          0x00000000        0x0 .\CortexM0\ARM_GCC_541\Debug\SkorobohatyiLab6.a(Timer.o)
 .text.Timer_Stop
                0x00000000       0x10 .\CortexM0\ARM_GCC_541\Debug\SkorobohatyiLab6.a(Timer.o)
 .text.Timer_SoftwareCapture
                0x00000000        0xc .\CortexM0\ARM_GCC_541\Debug\SkorobohatyiLab6.a(Timer.o)
 .text.Timer_ReadControlRegister
                0x00000000        0xc .\CortexM0\ARM_GCC_541\Debug\SkorobohatyiLab6.a(Timer.o)
 .text.Timer_WriteControlRegister
                0x00000000        0xc .\CortexM0\ARM_GCC_541\Debug\SkorobohatyiLab6.a(Timer.o)
 .text.Timer_ReadPeriod
                0x00000000       0x10 .\CortexM0\ARM_GCC_541\Debug\SkorobohatyiLab6.a(Timer.o)
 .text.Timer_ReadCounter
                0x00000000       0x18 .\CortexM0\ARM_GCC_541\Debug\SkorobohatyiLab6.a(Timer.o)
 .text          0x00000000        0x0 .\CortexM0\ARM_GCC_541\Debug\SkorobohatyiLab6.a(LED_R.o)
 .data          0x00000000        0x0 .\CortexM0\ARM_GCC_541\Debug\SkorobohatyiLab6.a(LED_R.o)
 .bss           0x00000000        0x0 .\CortexM0\ARM_GCC_541\Debug\SkorobohatyiLab6.a(LED_R.o)
 .text.LED_R_SetDriveMode
                0x00000000       0x18 .\CortexM0\ARM_GCC_541\Debug\SkorobohatyiLab6.a(LED_R.o)
 .text.LED_R_Read
                0x00000000       0x10 .\CortexM0\ARM_GCC_541\Debug\SkorobohatyiLab6.a(LED_R.o)
 .text.LED_R_ReadDataReg
                0x00000000       0x10 .\CortexM0\ARM_GCC_541\Debug\SkorobohatyiLab6.a(LED_R.o)
 .text.LED_R_SetInterruptMode
                0x00000000       0x14 .\CortexM0\ARM_GCC_541\Debug\SkorobohatyiLab6.a(LED_R.o)
 .text.LED_R_ClearInterrupt
                0x00000000       0x14 .\CortexM0\ARM_GCC_541\Debug\SkorobohatyiLab6.a(LED_R.o)
 .text          0x00000000        0x0 .\CortexM0\ARM_GCC_541\Debug\SkorobohatyiLab6.a(LED_G.o)
 .data          0x00000000        0x0 .\CortexM0\ARM_GCC_541\Debug\SkorobohatyiLab6.a(LED_G.o)
 .bss           0x00000000        0x0 .\CortexM0\ARM_GCC_541\Debug\SkorobohatyiLab6.a(LED_G.o)
 .text.LED_G_SetDriveMode
                0x00000000       0x18 .\CortexM0\ARM_GCC_541\Debug\SkorobohatyiLab6.a(LED_G.o)
 .text.LED_G_Read
                0x00000000       0x10 .\CortexM0\ARM_GCC_541\Debug\SkorobohatyiLab6.a(LED_G.o)
 .text.LED_G_ReadDataReg
                0x00000000       0x10 .\CortexM0\ARM_GCC_541\Debug\SkorobohatyiLab6.a(LED_G.o)
 .text.LED_G_SetInterruptMode
                0x00000000       0x14 .\CortexM0\ARM_GCC_541\Debug\SkorobohatyiLab6.a(LED_G.o)
 .text.LED_G_ClearInterrupt
                0x00000000       0x14 .\CortexM0\ARM_GCC_541\Debug\SkorobohatyiLab6.a(LED_G.o)
 .text          0x00000000        0x0 .\CortexM0\ARM_GCC_541\Debug\SkorobohatyiLab6.a(LED_B.o)
 .data          0x00000000        0x0 .\CortexM0\ARM_GCC_541\Debug\SkorobohatyiLab6.a(LED_B.o)
 .bss           0x00000000        0x0 .\CortexM0\ARM_GCC_541\Debug\SkorobohatyiLab6.a(LED_B.o)
 .text.LED_B_SetDriveMode
                0x00000000       0x18 .\CortexM0\ARM_GCC_541\Debug\SkorobohatyiLab6.a(LED_B.o)
 .text.LED_B_Read
                0x00000000       0x10 .\CortexM0\ARM_GCC_541\Debug\SkorobohatyiLab6.a(LED_B.o)
 .text.LED_B_ReadDataReg
                0x00000000       0x10 .\CortexM0\ARM_GCC_541\Debug\SkorobohatyiLab6.a(LED_B.o)
 .text.LED_B_SetInterruptMode
                0x00000000       0x14 .\CortexM0\ARM_GCC_541\Debug\SkorobohatyiLab6.a(LED_B.o)
 .text.LED_B_ClearInterrupt
                0x00000000       0x14 .\CortexM0\ARM_GCC_541\Debug\SkorobohatyiLab6.a(LED_B.o)
 .data          0x00000000        0x0 .\CortexM0\ARM_GCC_541\Debug\SkorobohatyiLab6.a(CyBootAsmGnu.o)
 .bss           0x00000000        0x0 .\CortexM0\ARM_GCC_541\Debug\SkorobohatyiLab6.a(CyBootAsmGnu.o)
 .text          0x00000000        0x0 .\CortexM0\ARM_GCC_541\Debug\SkorobohatyiLab6.a(cyutils.o)
 .data          0x00000000        0x0 .\CortexM0\ARM_GCC_541\Debug\SkorobohatyiLab6.a(cyutils.o)
 .bss           0x00000000        0x0 .\CortexM0\ARM_GCC_541\Debug\SkorobohatyiLab6.a(cyutils.o)
 .data          0x00000000        0x0 e:/psoc creator/4.4/psoc creator/import/gnu/arm/5.4.1/bin/../lib/gcc/arm-none-eabi/5.4.1/armv6-m\libgcc.a(_udivsi3.o)
 .bss           0x00000000        0x0 e:/psoc creator/4.4/psoc creator/import/gnu/arm/5.4.1/bin/../lib/gcc/arm-none-eabi/5.4.1/armv6-m\libgcc.a(_udivsi3.o)
 .data          0x00000000        0x0 e:/psoc creator/4.4/psoc creator/import/gnu/arm/5.4.1/bin/../lib/gcc/arm-none-eabi/5.4.1/armv6-m\libgcc.a(_dvmd_tls.o)
 .bss           0x00000000        0x0 e:/psoc creator/4.4/psoc creator/import/gnu/arm/5.4.1/bin/../lib/gcc/arm-none-eabi/5.4.1/armv6-m\libgcc.a(_dvmd_tls.o)
 .text          0x00000000        0x0 e:/psoc creator/4.4/psoc creator/import/gnu/arm/5.4.1/bin/../lib/gcc/arm-none-eabi/5.4.1/../../../../arm-none-eabi/lib/armv6-m\libg_nano.a(lib_a-errno.o)
 .data          0x00000000        0x0 e:/psoc creator/4.4/psoc creator/import/gnu/arm/5.4.1/bin/../lib/gcc/arm-none-eabi/5.4.1/../../../../arm-none-eabi/lib/armv6-m\libg_nano.a(lib_a-errno.o)
 .bss           0x00000000        0x0 e:/psoc creator/4.4/psoc creator/import/gnu/arm/5.4.1/bin/../lib/gcc/arm-none-eabi/5.4.1/../../../../arm-none-eabi/lib/armv6-m\libg_nano.a(lib_a-errno.o)
 .text          0x00000000        0x0 e:/psoc creator/4.4/psoc creator/import/gnu/arm/5.4.1/bin/../lib/gcc/arm-none-eabi/5.4.1/../../../../arm-none-eabi/lib/armv6-m\libg_nano.a(lib_a-exit.o)
 .data          0x00000000        0x0 e:/psoc creator/4.4/psoc creator/import/gnu/arm/5.4.1/bin/../lib/gcc/arm-none-eabi/5.4.1/../../../../arm-none-eabi/lib/armv6-m\libg_nano.a(lib_a-exit.o)
 .bss           0x00000000        0x0 e:/psoc creator/4.4/psoc creator/import/gnu/arm/5.4.1/bin/../lib/gcc/arm-none-eabi/5.4.1/../../../../arm-none-eabi/lib/armv6-m\libg_nano.a(lib_a-exit.o)
 .text.exit     0x00000000       0x2c e:/psoc creator/4.4/psoc creator/import/gnu/arm/5.4.1/bin/../lib/gcc/arm-none-eabi/5.4.1/../../../../arm-none-eabi/lib/armv6-m\libg_nano.a(lib_a-exit.o)
 .text          0x00000000        0x0 e:/psoc creator/4.4/psoc creator/import/gnu/arm/5.4.1/bin/../lib/gcc/arm-none-eabi/5.4.1/../../../../arm-none-eabi/lib/armv6-m\libg_nano.a(lib_a-impure.o)
 .data          0x00000000        0x0 e:/psoc creator/4.4/psoc creator/import/gnu/arm/5.4.1/bin/../lib/gcc/arm-none-eabi/5.4.1/../../../../arm-none-eabi/lib/armv6-m\libg_nano.a(lib_a-impure.o)
 .bss           0x00000000        0x0 e:/psoc creator/4.4/psoc creator/import/gnu/arm/5.4.1/bin/../lib/gcc/arm-none-eabi/5.4.1/../../../../arm-none-eabi/lib/armv6-m\libg_nano.a(lib_a-impure.o)
 .rodata._global_impure_ptr
                0x00000000        0x4 e:/psoc creator/4.4/psoc creator/import/gnu/arm/5.4.1/bin/../lib/gcc/arm-none-eabi/5.4.1/../../../../arm-none-eabi/lib/armv6-m\libg_nano.a(lib_a-impure.o)
 .text          0x00000000        0x0 e:/psoc creator/4.4/psoc creator/import/gnu/arm/5.4.1/bin/../lib/gcc/arm-none-eabi/5.4.1/../../../../arm-none-eabi/lib/armv6-m\libg_nano.a(lib_a-init.o)
 .data          0x00000000        0x0 e:/psoc creator/4.4/psoc creator/import/gnu/arm/5.4.1/bin/../lib/gcc/arm-none-eabi/5.4.1/../../../../arm-none-eabi/lib/armv6-m\libg_nano.a(lib_a-init.o)
 .bss           0x00000000        0x0 e:/psoc creator/4.4/psoc creator/import/gnu/arm/5.4.1/bin/../lib/gcc/arm-none-eabi/5.4.1/../../../../arm-none-eabi/lib/armv6-m\libg_nano.a(lib_a-init.o)
 .text          0x00000000        0x0 e:/psoc creator/4.4/psoc creator/import/gnu/arm/5.4.1/bin/../lib/gcc/arm-none-eabi/5.4.1/../../../../arm-none-eabi/lib/armv6-m\libg_nano.a(lib_a-memset.o)
 .data          0x00000000        0x0 e:/psoc creator/4.4/psoc creator/import/gnu/arm/5.4.1/bin/../lib/gcc/arm-none-eabi/5.4.1/../../../../arm-none-eabi/lib/armv6-m\libg_nano.a(lib_a-memset.o)
 .bss           0x00000000        0x0 e:/psoc creator/4.4/psoc creator/import/gnu/arm/5.4.1/bin/../lib/gcc/arm-none-eabi/5.4.1/../../../../arm-none-eabi/lib/armv6-m\libg_nano.a(lib_a-memset.o)
 .text          0x00000000        0x0 e:/psoc creator/4.4/psoc creator/import/gnu/arm/5.4.1/bin/../lib/gcc/arm-none-eabi/5.4.1/../../../../arm-none-eabi/lib/armv6-m\libg_nano.a(lib_a-strncmp.o)
 .data          0x00000000        0x0 e:/psoc creator/4.4/psoc creator/import/gnu/arm/5.4.1/bin/../lib/gcc/arm-none-eabi/5.4.1/../../../../arm-none-eabi/lib/armv6-m\libg_nano.a(lib_a-strncmp.o)
 .bss           0x00000000        0x0 e:/psoc creator/4.4/psoc creator/import/gnu/arm/5.4.1/bin/../lib/gcc/arm-none-eabi/5.4.1/../../../../arm-none-eabi/lib/armv6-m\libg_nano.a(lib_a-strncmp.o)
 .text          0x00000000        0x0 e:/psoc creator/4.4/psoc creator/import/gnu/arm/5.4.1/bin/../lib/gcc/arm-none-eabi/5.4.1/armv6-m/crtend.o
 .data          0x00000000        0x0 e:/psoc creator/4.4/psoc creator/import/gnu/arm/5.4.1/bin/../lib/gcc/arm-none-eabi/5.4.1/armv6-m/crtend.o
 .bss           0x00000000        0x0 e:/psoc creator/4.4/psoc creator/import/gnu/arm/5.4.1/bin/../lib/gcc/arm-none-eabi/5.4.1/armv6-m/crtend.o
 .text          0x00000000        0x0 e:/psoc creator/4.4/psoc creator/import/gnu/arm/5.4.1/bin/../lib/gcc/arm-none-eabi/5.4.1/armv6-m/crtn.o
 .data          0x00000000        0x0 e:/psoc creator/4.4/psoc creator/import/gnu/arm/5.4.1/bin/../lib/gcc/arm-none-eabi/5.4.1/armv6-m/crtn.o
 .bss           0x00000000        0x0 e:/psoc creator/4.4/psoc creator/import/gnu/arm/5.4.1/bin/../lib/gcc/arm-none-eabi/5.4.1/armv6-m/crtn.o

Memory Configuration

Name             Origin             Length             Attributes
rom              0x00000000         0x00008000         xr
ram              0x20000000         0x00001000         xrw
*default*        0x00000000         0xffffffff

Linker script and memory map

LOAD e:/psoc creator/4.4/psoc creator/import/gnu/arm/5.4.1/bin/../lib/gcc/arm-none-eabi/5.4.1/armv6-m/crti.o
LOAD e:/psoc creator/4.4/psoc creator/import/gnu/arm/5.4.1/bin/../lib/gcc/arm-none-eabi/5.4.1/armv6-m/crtbegin.o
LOAD e:/psoc creator/4.4/psoc creator/import/gnu/arm/5.4.1/bin/../lib/gcc/arm-none-eabi/5.4.1/../../../../arm-none-eabi/lib/armv6-m/crt0.o
START GROUP
LOAD .\CortexM0\ARM_GCC_541\Debug\main.o
LOAD .\CortexM0\ARM_GCC_541\Debug\cyfitter_cfg.o
LOAD .\CortexM0\ARM_GCC_541\Debug\cymetadata.o
LOAD .\CortexM0\ARM_GCC_541\Debug\Cm0Start.o
LOAD .\CortexM0\ARM_GCC_541\Debug\SkorobohatyiLab6.a
END GROUP
START GROUP
LOAD e:/psoc creator/4.4/psoc creator/import/gnu/arm/5.4.1/bin/../lib/gcc/arm-none-eabi/5.4.1/armv6-m\libgcc.a
LOAD e:/psoc creator/4.4/psoc creator/import/gnu/arm/5.4.1/bin/../lib/gcc/arm-none-eabi/5.4.1/../../../../arm-none-eabi/lib/armv6-m\libg_nano.a
LOAD e:/psoc creator/4.4/psoc creator/import/gnu/arm/5.4.1/bin/../lib/gcc/arm-none-eabi/5.4.1/../../../../arm-none-eabi/lib/armv6-m\libc_nano.a
END GROUP
START GROUP
LOAD e:/psoc creator/4.4/psoc creator/import/gnu/arm/5.4.1/bin/../lib/gcc/arm-none-eabi/5.4.1/armv6-m\libgcc.a
LOAD e:/psoc creator/4.4/psoc creator/import/gnu/arm/5.4.1/bin/../lib/gcc/arm-none-eabi/5.4.1/../../../../arm-none-eabi/lib/armv6-m\libc_nano.a
END GROUP
LOAD e:/psoc creator/4.4/psoc creator/import/gnu/arm/5.4.1/bin/../lib/gcc/arm-none-eabi/5.4.1/armv6-m/crtend.o
LOAD e:/psoc creator/4.4/psoc creator/import/gnu/arm/5.4.1/bin/../lib/gcc/arm-none-eabi/5.4.1/armv6-m/crtn.o
START GROUP
LOAD e:/psoc creator/4.4/psoc creator/import/gnu/arm/5.4.1/bin/../lib/gcc/arm-none-eabi/5.4.1/armv6-m\libgcc.a
LOAD e:/psoc creator/4.4/psoc creator/import/gnu/arm/5.4.1/bin/../lib/gcc/arm-none-eabi/5.4.1/../../../../arm-none-eabi/lib/armv6-m\libc.a
LOAD e:/psoc creator/4.4/psoc creator/import/gnu/arm/5.4.1/bin/../lib/gcc/arm-none-eabi/5.4.1/../../../../arm-none-eabi/lib/armv6-m\libnosys.a
END GROUP
                0x00000000                CY_APPL_ORIGIN = 0x0
                0x00000080                CY_FLASH_ROW_SIZE = 0x80
                0x00000001                CY_APPL_NUM = 0x1
                0x00000001                CY_APPL_MAX = 0x1
                0x00000040                CY_METADATA_SIZE = 0x40
                0x00000000                CY_APPL_LOADABLE = 0x0
                0x00000000                CY_CHECKSUM_EXCLUDE_SIZE = ALIGN (0x0, CY_FLASH_ROW_SIZE)
                0x00000000                CY_APP_FOR_STACK_AND_COPIER = 0x0
                [!provide]                PROVIDE (__cy_heap_start, _end)
                0x00000001                PROVIDE (__cy_region_num, ((__cy_regions_end - __cy_regions) / 0x10))
                0x20001000                PROVIDE (__cy_stack, (ORIGIN (ram) + LENGTH (ram)))
                [!provide]                PROVIDE (__cy_heap_end, (__cy_stack - 0x400))

.cybootloader   0x00000000        0x0
 *(.cybootloader)
                0x00000000                appl1_start = CY_APPL_ORIGIN?CY_APPL_ORIGIN:ALIGN (CY_FLASH_ROW_SIZE)
                0x00003f80                appl2_start = (appl1_start + ALIGN ((((LENGTH (rom) - appl1_start) - (0x2 * CY_FLASH_ROW_SIZE)) / 0x2), CY_FLASH_ROW_SIZE))
                0x00000000                appl_start = (CY_APPL_NUM == 0x1)?appl1_start:appl2_start
                0x00000001                cy_project_type_bootloader = (appl_start == 0x0)?0x1:0x0
                0x00000000                cy_project_type_app_for_stack_and_copier = (CY_APP_FOR_STACK_AND_COPIER == 0x1)?0x1:0x0

.text           0x00000000      0xf80
 CREATE_OBJECT_SYMBOLS
                0x00000000                PROVIDE (__cy_interrupt_vector, RomVectors)
 *(.romvectors)
 .romvectors    0x00000000       0x10 .\CortexM0\ARM_GCC_541\Debug\Cm0Start.o
                0x00000000                RomVectors
                0x00000001                ASSERT ((. != __cy_interrupt_vector), No interrupt vector)
                0x00000001                ASSERT (CY_APPL_ORIGIN?(SIZEOF (.cybootloader) <= CY_APPL_ORIGIN):0x1, Wrong image location)
                0x00000010                PROVIDE (__cy_reset, Reset)
 *(.text.Reset)
 .text.Reset    0x00000010        0x8 .\CortexM0\ARM_GCC_541\Debug\Cm0Start.o
                0x00000010                Reset
                0x00000001                ASSERT ((. != __cy_reset), No reset code)
 *(.psocinit)
 .psocinit      0x00000018      0x160 .\CortexM0\ARM_GCC_541\Debug\cyfitter_cfg.o
                0x00000074                cyfitter_cfg
                0x00000178                . = MAX (., 0x100)
 *(.text .text.* .gnu.linkonce.t.*)
 .text          0x00000178       0x60 e:/psoc creator/4.4/psoc creator/import/gnu/arm/5.4.1/bin/../lib/gcc/arm-none-eabi/5.4.1/armv6-m/crtbegin.o
 .text.HC595_sendByte
                0x000001d8       0x30 .\CortexM0\ARM_GCC_541\Debug\main.o
                0x000001d8                HC595_sendByte
 .text.Timer_Int_Handler
                0x00000208       0x50 .\CortexM0\ARM_GCC_541\Debug\main.o
                0x00000208                Timer_Int_Handler
 .text.rgb_set  0x00000258       0x18 .\CortexM0\ARM_GCC_541\Debug\main.o
                0x00000258                rgb_set
 .text.clear_display
                0x00000270       0x18 .\CortexM0\ARM_GCC_541\Debug\main.o
                0x00000270                clear_display
 .text.matrix_init
                0x00000288       0x40 .\CortexM0\ARM_GCC_541\Debug\main.o
                0x00000288                matrix_init
 .text.get_key  0x000002c8       0xe4 .\CortexM0\ARM_GCC_541\Debug\main.o
                0x000002c8                get_key
 .text.main     0x000003ac      0x358 .\CortexM0\ARM_GCC_541\Debug\main.o
                0x000003ac                main
 .text.cfg_write_bytes32
                0x00000704       0x34 .\CortexM0\ARM_GCC_541\Debug\cyfitter_cfg.o
 .text.CYMEMZERO
                0x00000738        0xc .\CortexM0\ARM_GCC_541\Debug\cyfitter_cfg.o
 .text.IntDefaultHandler
                0x00000744       0x10 .\CortexM0\ARM_GCC_541\Debug\Cm0Start.o
                0x00000744                IntDefaultHandler
 .text.Start_c  0x00000754       0x48 .\CortexM0\ARM_GCC_541\Debug\Cm0Start.o
                0x00000754                Start_c
 .text.initialize_psoc
                0x0000079c       0x40 .\CortexM0\ARM_GCC_541\Debug\Cm0Start.o
                0x0000079c                initialize_psoc
 .text.CyIntEnable
                0x000007dc       0x14 .\CortexM0\ARM_GCC_541\Debug\SkorobohatyiLab6.a(CyLib.o)
                0x000007dc                CyIntEnable
 .text.CyHalt   0x000007f0        0x4 .\CortexM0\ARM_GCC_541\Debug\SkorobohatyiLab6.a(CyLib.o)
                0x000007f0                CyHalt
 .text.CyIntSetVector
                0x000007f4       0x24 .\CortexM0\ARM_GCC_541\Debug\SkorobohatyiLab6.a(CyLib.o)
                0x000007f4                CyIntSetVector
 .text.CyDelay  0x00000818       0x30 .\CortexM0\ARM_GCC_541\Debug\SkorobohatyiLab6.a(CyLib.o)
                0x00000818                CyDelay
 .text.CyDelayUs
                0x00000848       0x14 .\CortexM0\ARM_GCC_541\Debug\SkorobohatyiLab6.a(CyLib.o)
                0x00000848                CyDelayUs
 .text.CySysClkWriteImoFreq
                0x0000085c      0x164 .\CortexM0\ARM_GCC_541\Debug\SkorobohatyiLab6.a(CyLib.o)
                0x0000085c                CySysClkWriteImoFreq
 .text.CySysWdtLocked
                0x000009c0       0x14 .\CortexM0\ARM_GCC_541\Debug\SkorobohatyiLab6.a(CyLFClk.o)
 .text.CySysWdtLock
                0x000009d4       0x1c .\CortexM0\ARM_GCC_541\Debug\SkorobohatyiLab6.a(CyLFClk.o)
                0x000009d4                CySysWdtLock
 .text.CySysWdtUnlock
                0x000009f0       0x30 .\CortexM0\ARM_GCC_541\Debug\SkorobohatyiLab6.a(CyLFClk.o)
                0x000009f0                CySysWdtUnlock
 .text.CySysWdtClearInterrupt
                0x00000a20       0x4c .\CortexM0\ARM_GCC_541\Debug\SkorobohatyiLab6.a(CyLFClk.o)
                0x00000a20                CySysWdtClearInterrupt
 .text.CySysWdtIsr
                0x00000a6c       0xa4 .\CortexM0\ARM_GCC_541\Debug\SkorobohatyiLab6.a(CyLFClk.o)
                0x00000a6c                CySysWdtIsr
 .text.COLUMN_0_SetDriveMode
                0x00000b10       0x14 .\CortexM0\ARM_GCC_541\Debug\SkorobohatyiLab6.a(COLUMN_0.o)
                0x00000b10                COLUMN_0_SetDriveMode
 .text.COLUMN_0_Write
                0x00000b24       0x18 .\CortexM0\ARM_GCC_541\Debug\SkorobohatyiLab6.a(COLUMN_0.o)
                0x00000b24                COLUMN_0_Write
 .text.COLUMN_1_SetDriveMode
                0x00000b3c       0x14 .\CortexM0\ARM_GCC_541\Debug\SkorobohatyiLab6.a(COLUMN_1.o)
                0x00000b3c                COLUMN_1_SetDriveMode
 .text.COLUMN_1_Write
                0x00000b50       0x18 .\CortexM0\ARM_GCC_541\Debug\SkorobohatyiLab6.a(COLUMN_1.o)
                0x00000b50                COLUMN_1_Write
 .text.COLUMN_2_SetDriveMode
                0x00000b68       0x14 .\CortexM0\ARM_GCC_541\Debug\SkorobohatyiLab6.a(COLUMN_2.o)
                0x00000b68                COLUMN_2_SetDriveMode
 .text.COLUMN_2_Write
                0x00000b7c       0x18 .\CortexM0\ARM_GCC_541\Debug\SkorobohatyiLab6.a(COLUMN_2.o)
                0x00000b7c                COLUMN_2_Write
 .text.ROW_0_Read
                0x00000b94       0x10 .\CortexM0\ARM_GCC_541\Debug\SkorobohatyiLab6.a(ROW_0.o)
                0x00000b94                ROW_0_Read
 .text.ROW_1_Read
                0x00000ba4       0x10 .\CortexM0\ARM_GCC_541\Debug\SkorobohatyiLab6.a(ROW_1.o)
                0x00000ba4                ROW_1_Read
 .text.ROW_2_Read
                0x00000bb4       0x10 .\CortexM0\ARM_GCC_541\Debug\SkorobohatyiLab6.a(ROW_2.o)
                0x00000bb4                ROW_2_Read
 .text.ROW_3_Read
                0x00000bc4       0x10 .\CortexM0\ARM_GCC_541\Debug\SkorobohatyiLab6.a(ROW_3.o)
                0x00000bc4                ROW_3_Read
 .text.Pin_Latch_Write
                0x00000bd4       0x18 .\CortexM0\ARM_GCC_541\Debug\SkorobohatyiLab6.a(Pin_Latch.o)
                0x00000bd4                Pin_Latch_Write
 .text.Pin_CLK_Write
                0x00000bec       0x18 .\CortexM0\ARM_GCC_541\Debug\SkorobohatyiLab6.a(Pin_CLK.o)
                0x00000bec                Pin_CLK_Write
 .text.Pin_DO_Write
                0x00000c04       0x18 .\CortexM0\ARM_GCC_541\Debug\SkorobohatyiLab6.a(Pin_DO.o)
                0x00000c04                Pin_DO_Write
 .text.Timer_Int_SetVector
                0x00000c1c        0xc .\CortexM0\ARM_GCC_541\Debug\SkorobohatyiLab6.a(Timer_Int.o)
                0x00000c1c                Timer_Int_SetVector
 .text.Timer_Int_SetPriority
                0x00000c28       0x20 .\CortexM0\ARM_GCC_541\Debug\SkorobohatyiLab6.a(Timer_Int.o)
                0x00000c28                Timer_Int_SetPriority
 .text.Timer_Int_Enable
                0x00000c48        0xc .\CortexM0\ARM_GCC_541\Debug\SkorobohatyiLab6.a(Timer_Int.o)
                0x00000c48                Timer_Int_Enable
 .text.Timer_Int_Disable
                0x00000c54        0xc .\CortexM0\ARM_GCC_541\Debug\SkorobohatyiLab6.a(Timer_Int.o)
                0x00000c54                Timer_Int_Disable
 .text.Timer_Int_StartEx
                0x00000c60       0x1c .\CortexM0\ARM_GCC_541\Debug\SkorobohatyiLab6.a(Timer_Int.o)
                0x00000c60                Timer_Int_StartEx
 .text.Timer_Enable
                0x00000c7c       0x14 .\CortexM0\ARM_GCC_541\Debug\SkorobohatyiLab6.a(Timer.o)
                0x00000c7c                Timer_Enable
 .text.Timer_SetInterruptMode
                0x00000c90        0xc .\CortexM0\ARM_GCC_541\Debug\SkorobohatyiLab6.a(Timer.o)
                0x00000c90                Timer_SetInterruptMode
 .text.Timer_ReadStatusRegister
                0x00000c9c        0xc .\CortexM0\ARM_GCC_541\Debug\SkorobohatyiLab6.a(Timer.o)
                0x00000c9c                Timer_ReadStatusRegister
 .text.Timer_WritePeriod
                0x00000ca8       0x10 .\CortexM0\ARM_GCC_541\Debug\SkorobohatyiLab6.a(Timer.o)
                0x00000ca8                Timer_WritePeriod
 .text.Timer_ReadCapture
                0x00000cb8       0x10 .\CortexM0\ARM_GCC_541\Debug\SkorobohatyiLab6.a(Timer.o)
                0x00000cb8                Timer_ReadCapture
 .text.Timer_WriteCounter
                0x00000cc8       0x10 .\CortexM0\ARM_GCC_541\Debug\SkorobohatyiLab6.a(Timer.o)
                0x00000cc8                Timer_WriteCounter
 .text.Timer_ClearFIFO
                0x00000cd8       0x14 .\CortexM0\ARM_GCC_541\Debug\SkorobohatyiLab6.a(Timer.o)
                0x00000cd8                Timer_ClearFIFO
 .text.Timer_Init
                0x00000cec       0x38 .\CortexM0\ARM_GCC_541\Debug\SkorobohatyiLab6.a(Timer.o)
                0x00000cec                Timer_Init
 .text.Timer_Start
                0x00000d24       0x20 .\CortexM0\ARM_GCC_541\Debug\SkorobohatyiLab6.a(Timer.o)
                0x00000d24                Timer_Start
 .text.LED_R_Write
                0x00000d44       0x18 .\CortexM0\ARM_GCC_541\Debug\SkorobohatyiLab6.a(LED_R.o)
                0x00000d44                LED_R_Write
 .text.LED_G_Write
                0x00000d5c       0x18 .\CortexM0\ARM_GCC_541\Debug\SkorobohatyiLab6.a(LED_G.o)
                0x00000d5c                LED_G_Write
 .text.LED_B_Write
                0x00000d74       0x18 .\CortexM0\ARM_GCC_541\Debug\SkorobohatyiLab6.a(LED_B.o)
                0x00000d74                LED_B_Write
 *fill*         0x00000d8c        0x4 
 .text          0x00000d90       0x24 .\CortexM0\ARM_GCC_541\Debug\SkorobohatyiLab6.a(CyBootAsmGnu.o)
                0x00000d90                CyDelayCycles
                0x00000da4                CyEnterCriticalSection
                0x00000dac                CyExitCriticalSection
 .text.CySetReg24
                0x00000db4       0x14 .\CortexM0\ARM_GCC_541\Debug\SkorobohatyiLab6.a(cyutils.o)
                0x00000db4                CySetReg24
 .text.CyGetReg24
                0x00000dc8       0x14 .\CortexM0\ARM_GCC_541\Debug\SkorobohatyiLab6.a(cyutils.o)
                0x00000dc8                CyGetReg24
 .text          0x00000ddc      0x114 e:/psoc creator/4.4/psoc creator/import/gnu/arm/5.4.1/bin/../lib/gcc/arm-none-eabi/5.4.1/armv6-m\libgcc.a(_udivsi3.o)
                0x00000ddc                __aeabi_uidiv
                0x00000ddc                __udivsi3
                0x00000ee8                __aeabi_uidivmod
 .text          0x00000ef0        0x4 e:/psoc creator/4.4/psoc creator/import/gnu/arm/5.4.1/bin/../lib/gcc/arm-none-eabi/5.4.1/armv6-m\libgcc.a(_dvmd_tls.o)
                0x00000ef0                __aeabi_idiv0
                0x00000ef0                __aeabi_ldiv0
 .text.__errno  0x00000ef4        0xc e:/psoc creator/4.4/psoc creator/import/gnu/arm/5.4.1/bin/../lib/gcc/arm-none-eabi/5.4.1/../../../../arm-none-eabi/lib/armv6-m\libg_nano.a(lib_a-errno.o)
                0x00000ef4                __errno
 .text.__libc_init_array
                0x00000f00       0x4c e:/psoc creator/4.4/psoc creator/import/gnu/arm/5.4.1/bin/../lib/gcc/arm-none-eabi/5.4.1/../../../../arm-none-eabi/lib/armv6-m\libg_nano.a(lib_a-init.o)
                0x00000f00                __libc_init_array
 .text.memset   0x00000f4c       0x10 e:/psoc creator/4.4/psoc creator/import/gnu/arm/5.4.1/bin/../lib/gcc/arm-none-eabi/5.4.1/../../../../arm-none-eabi/lib/armv6-m\libg_nano.a(lib_a-memset.o)
                0x00000f4c                memset
 .text.strncmp  0x00000f5c       0x24 e:/psoc creator/4.4/psoc creator/import/gnu/arm/5.4.1/bin/../lib/gcc/arm-none-eabi/5.4.1/../../../../arm-none-eabi/lib/armv6-m\libg_nano.a(lib_a-strncmp.o)
                0x00000f5c                strncmp
 *(.plt)
 *(.gnu.warning)
 *(.glue_7t)
 .glue_7t       0x00000f80        0x0 linker stubs
 *(.glue_7)
 .glue_7        0x00000f80        0x0 linker stubs
 *(.vfp11_veneer)
 .vfp11_veneer  0x00000f80        0x0 linker stubs
 *(.bootloader)
 *(.ARM.extab* .gnu.linkonce.armextab.*)
 *(.gcc_except_table)

.v4_bx          0x00000f80        0x0
 .v4_bx         0x00000f80        0x0 linker stubs

.iplt           0x00000f80        0x0
 .iplt          0x00000f80        0x0 e:/psoc creator/4.4/psoc creator/import/gnu/arm/5.4.1/bin/../lib/gcc/arm-none-eabi/5.4.1/armv6-m/crtbegin.o

.eh_frame_hdr
 *(.eh_frame_hdr)

.eh_frame       0x00000f80        0x4
 *(.eh_frame)
 .eh_frame      0x00000f80        0x0 e:/psoc creator/4.4/psoc creator/import/gnu/arm/5.4.1/bin/../lib/gcc/arm-none-eabi/5.4.1/armv6-m/crtbegin.o
 .eh_frame      0x00000f80        0x4 e:/psoc creator/4.4/psoc creator/import/gnu/arm/5.4.1/bin/../lib/gcc/arm-none-eabi/5.4.1/armv6-m/crtend.o
                [!provide]                PROVIDE (__exidx_start, .)

.ARM.exidx
 *(.ARM.exidx* .gnu.linkonce.armexidx.*)
                0x00000f84                __exidx_end = .

.rodata         0x00000f84      0x21c
 *(.rodata .rodata.* .gnu.linkonce.r.*)
 .rodata        0x00000f84       0xa0 .\CortexM0\ARM_GCC_541\Debug\main.o
                0x00000fa4                ascii_font
 .rodata.str1.4
                0x00001024       0x14 .\CortexM0\ARM_GCC_541\Debug\main.o
                                 0x11 (size before relaxing)
 .rodata        0x00001038      0x104 .\CortexM0\ARM_GCC_541\Debug\cyfitter_cfg.o
 .rodata        0x0000113c       0x2e .\CortexM0\ARM_GCC_541\Debug\SkorobohatyiLab6.a(CyLib.o)
                0x0000113c                cyImoFreqMhz2Reg
 .rodata.str1.1
                0x0000116a        0x2 e:/psoc creator/4.4/psoc creator/import/gnu/arm/5.4.1/bin/../lib/gcc/arm-none-eabi/5.4.1/../../../../arm-none-eabi/lib/armv6-m\libg_nano.a(lib_a-impure.o)
                0x0000116c                . = ALIGN (0x4)
 *(.init)
 .init          0x0000116c        0x4 e:/psoc creator/4.4/psoc creator/import/gnu/arm/5.4.1/bin/../lib/gcc/arm-none-eabi/5.4.1/armv6-m/crti.o
                0x0000116c                _init
 .init          0x00001170        0x8 e:/psoc creator/4.4/psoc creator/import/gnu/arm/5.4.1/bin/../lib/gcc/arm-none-eabi/5.4.1/armv6-m/crtn.o
                0x00001178                . = ALIGN (0x4)
                0x00001178                __preinit_array_start = .
 *(.preinit_array)
                0x00001178                __preinit_array_end = .
                0x00001178                . = ALIGN (0x4)
                0x00001178                __init_array_start = .
 *(SORT(.init_array.*))
 *(.init_array)
 .init_array    0x00001178        0x4 e:/psoc creator/4.4/psoc creator/import/gnu/arm/5.4.1/bin/../lib/gcc/arm-none-eabi/5.4.1/armv6-m/crtbegin.o
 .init_array    0x0000117c        0x4 .\CortexM0\ARM_GCC_541\Debug\Cm0Start.o
                0x00001180                __init_array_end = .
                0x00001180                . = ALIGN (0x4)
 *(.fini)
 .fini          0x00001180        0x4 e:/psoc creator/4.4/psoc creator/import/gnu/arm/5.4.1/bin/../lib/gcc/arm-none-eabi/5.4.1/armv6-m/crti.o
                0x00001180                _fini
 .fini          0x00001184        0x8 e:/psoc creator/4.4/psoc creator/import/gnu/arm/5.4.1/bin/../lib/gcc/arm-none-eabi/5.4.1/armv6-m/crtn.o
                0x0000118c                . = ALIGN (0x4)
                0x0000118c                __fini_array_start = .
 *(.fini_array)
 .fini_array    0x0000118c        0x4 e:/psoc creator/4.4/psoc creator/import/gnu/arm/5.4.1/bin/../lib/gcc/arm-none-eabi/5.4.1/armv6-m/crtbegin.o
 *(SORT(.fini_array.*))
                0x00001190                __fini_array_end = .
                0x00001190                . = ALIGN (0x4)
 *crtbegin.o(.ctors)
 *(EXCLUDE_FILE(*crtend.o) .ctors)
 *(SORT(.ctors.*))
 *crtend.o(.ctors)
                0x00001190                . = ALIGN (0x4)
 *crtbegin.o(.dtors)
 *(EXCLUDE_FILE(*crtend.o) .dtors)
 *(SORT(.dtors.*))
 *crtend.o(.dtors)
                0x00001190                . = ALIGN (0x4)
                0x00001190                __cy_regions = .
                0x00001190        0x4 LONG 0x11a0 __cy_region_init_ram
                0x00001194        0x4 LONG 0x200000c0 __cy_region_start_data
                0x00001198        0x4 LONG 0x88 __cy_region_init_size_ram
                0x0000119c        0x4 LONG 0x58 __cy_region_zero_size_ram
                0x000011a0                __cy_regions_end = .
                0x000011a0                . = ALIGN (0x8)
                0x000011a0                _etext = .

.cy_checksum_exclude
                0x000011a0        0x0
 *(.cy_checksum_exclude)

.ramvectors     0x20000000       0xc0
                0x20000000                __cy_region_start_ram = .
 *(.ramvectors)
 .ramvectors    0x20000000       0xc0 .\CortexM0\ARM_GCC_541\Debug\Cm0Start.o
                0x20000000                CyRamVectors

.noinit
 *(.noinit)

.data           0x200000c0       0x88 load address 0x000011a0
                0x200000c0                __cy_region_start_data = .
 *(.jcr)
 .jcr           0x200000c0        0x0 e:/psoc creator/4.4/psoc creator/import/gnu/arm/5.4.1/bin/../lib/gcc/arm-none-eabi/5.4.1/armv6-m/crtbegin.o
 .jcr           0x200000c0        0x4 e:/psoc creator/4.4/psoc creator/import/gnu/arm/5.4.1/bin/../lib/gcc/arm-none-eabi/5.4.1/armv6-m/crtend.o
 *(.got.plt)
 *(.got)
 *(.shdata)
 *(.data .data.* .gnu.linkonce.d.*)
 .data          0x200000c4        0x8 .\CortexM0\ARM_GCC_541\Debug\main.o
                0x200000c4                display_data
 .data          0x200000cc       0x14 .\CortexM0\ARM_GCC_541\Debug\SkorobohatyiLab6.a(CyLib.o)
                0x200000cc                CySysClkPumpConfig
                0x200000d0                cydelay32kMs
                0x200000d4                cydelayFreqKhz
                0x200000d8                cydelayFreqMhz
                0x200000dc                cydelayFreqHz
 .data          0x200000e0        0x4 .\CortexM0\ARM_GCC_541\Debug\SkorobohatyiLab6.a(CyLFClk.o)
 .data.impure_data
                0x200000e4       0x60 e:/psoc creator/4.4/psoc creator/import/gnu/arm/5.4.1/bin/../lib/gcc/arm-none-eabi/5.4.1/../../../../arm-none-eabi/lib/armv6-m\libg_nano.a(lib_a-impure.o)
 .data._impure_ptr
                0x20000144        0x4 e:/psoc creator/4.4/psoc creator/import/gnu/arm/5.4.1/bin/../lib/gcc/arm-none-eabi/5.4.1/../../../../arm-none-eabi/lib/armv6-m\libg_nano.a(lib_a-impure.o)
                0x20000144                _impure_ptr
                0x20000148                . = ALIGN (0x8)
 *(.ram)
                0x20000148                _edata = .

.igot.plt       0x20000148        0x0 load address 0x00001228
 .igot.plt      0x20000148        0x0 e:/psoc creator/4.4/psoc creator/import/gnu/arm/5.4.1/bin/../lib/gcc/arm-none-eabi/5.4.1/armv6-m/crtbegin.o

.bss            0x20000148       0x58 load address 0x00001228
                0x20000148                PROVIDE (__bss_start__, .)
 *(.shbss)
 *(.bss .bss.* .gnu.linkonce.b.*)
 .bss           0x20000148       0x1c e:/psoc creator/4.4/psoc creator/import/gnu/arm/5.4.1/bin/../lib/gcc/arm-none-eabi/5.4.1/armv6-m/crtbegin.o
 .bss           0x20000164       0x14 .\CortexM0\ARM_GCC_541\Debug\main.o
                0x20000168                system_tick_ms
 .bss           0x20000178       0x20 .\CortexM0\ARM_GCC_541\Debug\SkorobohatyiLab6.a(CyLFClk.o)
 .bss           0x20000198        0x1 .\CortexM0\ARM_GCC_541\Debug\SkorobohatyiLab6.a(Timer.o)
                0x20000198                Timer_initVar
 *(COMMON)
                0x200001a0                . = ALIGN (0x8)
 *fill*         0x20000199        0x7 
 *(.ram.b)
                0x200001a0                _end = .
                0x200001a0                __end = .
                0x200001a0                PROVIDE (end, .)
                0x200001a0                PROVIDE (__bss_end__, .)
                0x000011a0                __cy_region_init_ram = LOADADDR (.data)
                0x00000088                __cy_region_init_size_ram = (_edata - ADDR (.data))
                0x00000058                __cy_region_zero_size_ram = (_end - _edata)

.heap           0x200001a0       0x80 load address 0x00001228
                0x200001a0                . = _end
                0x20000220                . = (. + 0x80)
 *fill*         0x200001a0       0x80 
                0x20000220                __cy_heap_limit = .

.stack          0x20000c00      0x400
                0x20000c00                __cy_stack_limit = .
                0x20001000                . = (. + 0x400)
 *fill*         0x20000c00      0x400 
                0x00000001                ASSERT ((__cy_stack_limit >= __cy_heap_limit), region RAM overflowed with stack)
                0x00000000                cy_checksum_exclude_size = (CY_APPL_LOADABLE == 0x1)?SIZEOF (.cy_checksum_exclude):0x0
                0x00000001                ASSERT ((cy_checksum_exclude_size <= CY_CHECKSUM_EXCLUDE_SIZE), CY_BOOT: Section .cy_checksum_exclude size exceedes specified limit.)
                0x00007fc0                cyloadermeta_start = (cy_project_type_bootloader || cy_project_type_app_for_stack_and_copier)?(LENGTH (rom) - CY_METADATA_SIZE):0xf0000000

.cyloadermeta
 *(.cyloadermeta)
                0x00007fc0                cyloadablemeta_start = cy_project_type_app_for_stack_and_copier?((LENGTH (rom) - CY_FLASH_ROW_SIZE) - CY_METADATA_SIZE):((LENGTH (rom) - (CY_FLASH_ROW_SIZE * (CY_APPL_NUM - 0x1))) - CY_METADATA_SIZE)

.cyloadablemeta
 *(.cyloadablemeta)

.cyflashprotect
                0x90400000       0x20
 *(.cyflashprotect)
 .cyflashprotect
                0x90400000       0x20 .\CortexM0\ARM_GCC_541\Debug\cymetadata.o
                0x90400000                cy_meta_flashprotect

.cymeta         0x90500000        0xc
 *(.cymeta)
 .cymeta        0x90500000        0xc .\CortexM0\ARM_GCC_541\Debug\cymetadata.o
                0x90500000                cy_metadata

.cychipprotect  0x90600000        0x1
 *(.cychipprotect)
 .cychipprotect
                0x90600000        0x1 .\CortexM0\ARM_GCC_541\Debug\cymetadata.o
                0x90600000                cy_meta_chipprotect

.rel.dyn        0x00001228        0x0 load address 0x90600004
 .rel.iplt      0x00001228        0x0 e:/psoc creator/4.4/psoc creator/import/gnu/arm/5.4.1/bin/../lib/gcc/arm-none-eabi/5.4.1/armv6-m/crtbegin.o

.stab
 *(.stab)

.stabstr
 *(.stabstr)

.debug
 *(.debug)

.line
 *(.line)

.debug_srcinfo
 *(.debug_srcinfo)

.debug_sfnames
 *(.debug_sfnames)

.debug_aranges  0x00000000      0x8a0
 *(.debug_aranges)
 .debug_aranges
                0x00000000       0x50 .\CortexM0\ARM_GCC_541\Debug\main.o
 .debug_aranges
                0x00000050       0x38 .\CortexM0\ARM_GCC_541\Debug\cyfitter_cfg.o
 .debug_aranges
                0x00000088       0x18 .\CortexM0\ARM_GCC_541\Debug\cymetadata.o
 .debug_aranges
                0x000000a0       0x48 .\CortexM0\ARM_GCC_541\Debug\Cm0Start.o
 .debug_aranges
                0x000000e8      0x180 .\CortexM0\ARM_GCC_541\Debug\SkorobohatyiLab6.a(CyLib.o)
 .debug_aranges
                0x00000268      0x138 .\CortexM0\ARM_GCC_541\Debug\SkorobohatyiLab6.a(CyLFClk.o)
 .debug_aranges
                0x000003a0       0x48 .\CortexM0\ARM_GCC_541\Debug\SkorobohatyiLab6.a(COLUMN_0.o)
 .debug_aranges
                0x000003e8       0x48 .\CortexM0\ARM_GCC_541\Debug\SkorobohatyiLab6.a(COLUMN_1.o)
 .debug_aranges
                0x00000430       0x48 .\CortexM0\ARM_GCC_541\Debug\SkorobohatyiLab6.a(COLUMN_2.o)
 .debug_aranges
                0x00000478       0x48 .\CortexM0\ARM_GCC_541\Debug\SkorobohatyiLab6.a(ROW_0.o)
 .debug_aranges
                0x000004c0       0x48 .\CortexM0\ARM_GCC_541\Debug\SkorobohatyiLab6.a(ROW_1.o)
 .debug_aranges
                0x00000508       0x48 .\CortexM0\ARM_GCC_541\Debug\SkorobohatyiLab6.a(ROW_2.o)
 .debug_aranges
                0x00000550       0x48 .\CortexM0\ARM_GCC_541\Debug\SkorobohatyiLab6.a(ROW_3.o)
 .debug_aranges
                0x00000598       0x48 .\CortexM0\ARM_GCC_541\Debug\SkorobohatyiLab6.a(Pin_Latch.o)
 .debug_aranges
                0x000005e0       0x48 .\CortexM0\ARM_GCC_541\Debug\SkorobohatyiLab6.a(Pin_CLK.o)
 .debug_aranges
                0x00000628       0x48 .\CortexM0\ARM_GCC_541\Debug\SkorobohatyiLab6.a(Pin_DO.o)
 .debug_aranges
                0x00000670       0x80 .\CortexM0\ARM_GCC_541\Debug\SkorobohatyiLab6.a(Timer_Int.o)
 .debug_aranges
                0x000006f0       0x90 .\CortexM0\ARM_GCC_541\Debug\SkorobohatyiLab6.a(Timer.o)
 .debug_aranges
                0x00000780       0x48 .\CortexM0\ARM_GCC_541\Debug\SkorobohatyiLab6.a(LED_R.o)
 .debug_aranges
                0x000007c8       0x48 .\CortexM0\ARM_GCC_541\Debug\SkorobohatyiLab6.a(LED_G.o)
 .debug_aranges
                0x00000810       0x48 .\CortexM0\ARM_GCC_541\Debug\SkorobohatyiLab6.a(LED_B.o)
 .debug_aranges
                0x00000858       0x20 .\CortexM0\ARM_GCC_541\Debug\SkorobohatyiLab6.a(CyBootAsmGnu.o)
 .debug_aranges
                0x00000878       0x28 .\CortexM0\ARM_GCC_541\Debug\SkorobohatyiLab6.a(cyutils.o)

.debug_pubnames
 *(.debug_pubnames)

.debug_info     0x00000000     0x46d8
 *(.debug_info .gnu.linkonce.wi.*)
 .debug_info    0x00000000      0x952 .\CortexM0\ARM_GCC_541\Debug\main.o
 .debug_info    0x00000952      0x3a0 .\CortexM0\ARM_GCC_541\Debug\cyfitter_cfg.o
 .debug_info    0x00000cf2       0xf8 .\CortexM0\ARM_GCC_541\Debug\cymetadata.o
 .debug_info    0x00000dea      0x3a2 .\CortexM0\ARM_GCC_541\Debug\Cm0Start.o
 .debug_info    0x0000118c      0xaed .\CortexM0\ARM_GCC_541\Debug\SkorobohatyiLab6.a(CyLib.o)
 .debug_info    0x00001c79      0xcfe .\CortexM0\ARM_GCC_541\Debug\SkorobohatyiLab6.a(CyLFClk.o)
 .debug_info    0x00002977      0x19b .\CortexM0\ARM_GCC_541\Debug\SkorobohatyiLab6.a(COLUMN_0.o)
 .debug_info    0x00002b12      0x19d .\CortexM0\ARM_GCC_541\Debug\SkorobohatyiLab6.a(COLUMN_1.o)
 .debug_info    0x00002caf      0x19b .\CortexM0\ARM_GCC_541\Debug\SkorobohatyiLab6.a(COLUMN_2.o)
 .debug_info    0x00002e4a      0x19d .\CortexM0\ARM_GCC_541\Debug\SkorobohatyiLab6.a(ROW_0.o)
 .debug_info    0x00002fe7      0x19d .\CortexM0\ARM_GCC_541\Debug\SkorobohatyiLab6.a(ROW_1.o)
 .debug_info    0x00003184      0x19d .\CortexM0\ARM_GCC_541\Debug\SkorobohatyiLab6.a(ROW_2.o)
 .debug_info    0x00003321      0x19d .\CortexM0\ARM_GCC_541\Debug\SkorobohatyiLab6.a(ROW_3.o)
 .debug_info    0x000034be      0x19d .\CortexM0\ARM_GCC_541\Debug\SkorobohatyiLab6.a(Pin_Latch.o)
 .debug_info    0x0000365b      0x19d .\CortexM0\ARM_GCC_541\Debug\SkorobohatyiLab6.a(Pin_CLK.o)
 .debug_info    0x000037f8      0x19b .\CortexM0\ARM_GCC_541\Debug\SkorobohatyiLab6.a(Pin_DO.o)
 .debug_info    0x00003993      0x305 .\CortexM0\ARM_GCC_541\Debug\SkorobohatyiLab6.a(Timer_Int.o)
 .debug_info    0x00003c98      0x386 .\CortexM0\ARM_GCC_541\Debug\SkorobohatyiLab6.a(Timer.o)
 .debug_info    0x0000401e      0x19d .\CortexM0\ARM_GCC_541\Debug\SkorobohatyiLab6.a(LED_R.o)
 .debug_info    0x000041bb      0x19d .\CortexM0\ARM_GCC_541\Debug\SkorobohatyiLab6.a(LED_G.o)
 .debug_info    0x00004358      0x19d .\CortexM0\ARM_GCC_541\Debug\SkorobohatyiLab6.a(LED_B.o)
 .debug_info    0x000044f5       0x98 .\CortexM0\ARM_GCC_541\Debug\SkorobohatyiLab6.a(CyBootAsmGnu.o)
 .debug_info    0x0000458d      0x14b .\CortexM0\ARM_GCC_541\Debug\SkorobohatyiLab6.a(cyutils.o)

.debug_abbrev   0x00000000     0x173e
 *(.debug_abbrev)
 .debug_abbrev  0x00000000      0x191 .\CortexM0\ARM_GCC_541\Debug\main.o
 .debug_abbrev  0x00000191      0x199 .\CortexM0\ARM_GCC_541\Debug\cyfitter_cfg.o
 .debug_abbrev  0x0000032a       0x5d .\CortexM0\ARM_GCC_541\Debug\cymetadata.o
 .debug_abbrev  0x00000387      0x1d7 .\CortexM0\ARM_GCC_541\Debug\Cm0Start.o
 .debug_abbrev  0x0000055e      0x1d3 .\CortexM0\ARM_GCC_541\Debug\SkorobohatyiLab6.a(CyLib.o)
 .debug_abbrev  0x00000731      0x210 .\CortexM0\ARM_GCC_541\Debug\SkorobohatyiLab6.a(CyLFClk.o)
 .debug_abbrev  0x00000941       0xc8 .\CortexM0\ARM_GCC_541\Debug\SkorobohatyiLab6.a(COLUMN_0.o)
 .debug_abbrev  0x00000a09       0xc8 .\CortexM0\ARM_GCC_541\Debug\SkorobohatyiLab6.a(COLUMN_1.o)
 .debug_abbrev  0x00000ad1       0xc8 .\CortexM0\ARM_GCC_541\Debug\SkorobohatyiLab6.a(COLUMN_2.o)
 .debug_abbrev  0x00000b99       0xc8 .\CortexM0\ARM_GCC_541\Debug\SkorobohatyiLab6.a(ROW_0.o)
 .debug_abbrev  0x00000c61       0xc8 .\CortexM0\ARM_GCC_541\Debug\SkorobohatyiLab6.a(ROW_1.o)
 .debug_abbrev  0x00000d29       0xc8 .\CortexM0\ARM_GCC_541\Debug\SkorobohatyiLab6.a(ROW_2.o)
 .debug_abbrev  0x00000df1       0xc8 .\CortexM0\ARM_GCC_541\Debug\SkorobohatyiLab6.a(ROW_3.o)
 .debug_abbrev  0x00000eb9       0xc8 .\CortexM0\ARM_GCC_541\Debug\SkorobohatyiLab6.a(Pin_Latch.o)
 .debug_abbrev  0x00000f81       0xc8 .\CortexM0\ARM_GCC_541\Debug\SkorobohatyiLab6.a(Pin_CLK.o)
 .debug_abbrev  0x00001049       0xc8 .\CortexM0\ARM_GCC_541\Debug\SkorobohatyiLab6.a(Pin_DO.o)
 .debug_abbrev  0x00001111      0x19a .\CortexM0\ARM_GCC_541\Debug\SkorobohatyiLab6.a(Timer_Int.o)
 .debug_abbrev  0x000012ab      0x167 .\CortexM0\ARM_GCC_541\Debug\SkorobohatyiLab6.a(Timer.o)
 .debug_abbrev  0x00001412       0xc8 .\CortexM0\ARM_GCC_541\Debug\SkorobohatyiLab6.a(LED_R.o)
 .debug_abbrev  0x000014da       0xc8 .\CortexM0\ARM_GCC_541\Debug\SkorobohatyiLab6.a(LED_G.o)
 .debug_abbrev  0x000015a2       0xc8 .\CortexM0\ARM_GCC_541\Debug\SkorobohatyiLab6.a(LED_B.o)
 .debug_abbrev  0x0000166a       0x14 .\CortexM0\ARM_GCC_541\Debug\SkorobohatyiLab6.a(CyBootAsmGnu.o)
 .debug_abbrev  0x0000167e       0xc0 .\CortexM0\ARM_GCC_541\Debug\SkorobohatyiLab6.a(cyutils.o)

.debug_line     0x00000000     0x1e77
 *(.debug_line)
 .debug_line    0x00000000      0x419 .\CortexM0\ARM_GCC_541\Debug\main.o
 .debug_line    0x00000419      0x145 .\CortexM0\ARM_GCC_541\Debug\cyfitter_cfg.o
 .debug_line    0x0000055e      0x109 .\CortexM0\ARM_GCC_541\Debug\cymetadata.o
 .debug_line    0x00000667      0x1fd .\CortexM0\ARM_GCC_541\Debug\Cm0Start.o
 .debug_line    0x00000864      0x460 .\CortexM0\ARM_GCC_541\Debug\SkorobohatyiLab6.a(CyLib.o)
 .debug_line    0x00000cc4      0x466 .\CortexM0\ARM_GCC_541\Debug\SkorobohatyiLab6.a(CyLFClk.o)
 .debug_line    0x0000112a       0xbf .\CortexM0\ARM_GCC_541\Debug\SkorobohatyiLab6.a(COLUMN_0.o)
 .debug_line    0x000011e9       0xc0 .\CortexM0\ARM_GCC_541\Debug\SkorobohatyiLab6.a(COLUMN_1.o)
 .debug_line    0x000012a9       0xbf .\CortexM0\ARM_GCC_541\Debug\SkorobohatyiLab6.a(COLUMN_2.o)
 .debug_line    0x00001368       0xbd .\CortexM0\ARM_GCC_541\Debug\SkorobohatyiLab6.a(ROW_0.o)
 .debug_line    0x00001425       0xbd .\CortexM0\ARM_GCC_541\Debug\SkorobohatyiLab6.a(ROW_1.o)
 .debug_line    0x000014e2       0xbd .\CortexM0\ARM_GCC_541\Debug\SkorobohatyiLab6.a(ROW_2.o)
 .debug_line    0x0000159f       0xbd .\CortexM0\ARM_GCC_541\Debug\SkorobohatyiLab6.a(ROW_3.o)
 .debug_line    0x0000165c       0xc1 .\CortexM0\ARM_GCC_541\Debug\SkorobohatyiLab6.a(Pin_Latch.o)
 .debug_line    0x0000171d       0xbf .\CortexM0\ARM_GCC_541\Debug\SkorobohatyiLab6.a(Pin_CLK.o)
 .debug_line    0x000017dc       0xbd .\CortexM0\ARM_GCC_541\Debug\SkorobohatyiLab6.a(Pin_DO.o)
 .debug_line    0x00001899      0x151 .\CortexM0\ARM_GCC_541\Debug\SkorobohatyiLab6.a(Timer_Int.o)
 .debug_line    0x000019ea      0x179 .\CortexM0\ARM_GCC_541\Debug\SkorobohatyiLab6.a(Timer.o)
 .debug_line    0x00001b63       0xbd .\CortexM0\ARM_GCC_541\Debug\SkorobohatyiLab6.a(LED_R.o)
 .debug_line    0x00001c20       0xbd .\CortexM0\ARM_GCC_541\Debug\SkorobohatyiLab6.a(LED_G.o)
 .debug_line    0x00001cdd       0xbd .\CortexM0\ARM_GCC_541\Debug\SkorobohatyiLab6.a(LED_B.o)
 .debug_line    0x00001d9a       0x69 .\CortexM0\ARM_GCC_541\Debug\SkorobohatyiLab6.a(CyBootAsmGnu.o)
 .debug_line    0x00001e03       0x74 .\CortexM0\ARM_GCC_541\Debug\SkorobohatyiLab6.a(cyutils.o)

.debug_frame    0x00000000     0x12f0
 *(.debug_frame)
 .debug_frame   0x00000000       0xf0 .\CortexM0\ARM_GCC_541\Debug\main.o
 .debug_frame   0x000000f0       0x8c .\CortexM0\ARM_GCC_541\Debug\cyfitter_cfg.o
 .debug_frame   0x0000017c       0xbc .\CortexM0\ARM_GCC_541\Debug\Cm0Start.o
 .debug_frame   0x00000238      0x3e0 .\CortexM0\ARM_GCC_541\Debug\SkorobohatyiLab6.a(CyLib.o)
 .debug_frame   0x00000618      0x3a8 .\CortexM0\ARM_GCC_541\Debug\SkorobohatyiLab6.a(CyLFClk.o)
 .debug_frame   0x000009c0       0x70 .\CortexM0\ARM_GCC_541\Debug\SkorobohatyiLab6.a(COLUMN_0.o)
 .debug_frame   0x00000a30       0x70 .\CortexM0\ARM_GCC_541\Debug\SkorobohatyiLab6.a(COLUMN_1.o)
 .debug_frame   0x00000aa0       0x70 .\CortexM0\ARM_GCC_541\Debug\SkorobohatyiLab6.a(COLUMN_2.o)
 .debug_frame   0x00000b10       0x70 .\CortexM0\ARM_GCC_541\Debug\SkorobohatyiLab6.a(ROW_0.o)
 .debug_frame   0x00000b80       0x70 .\CortexM0\ARM_GCC_541\Debug\SkorobohatyiLab6.a(ROW_1.o)
 .debug_frame   0x00000bf0       0x70 .\CortexM0\ARM_GCC_541\Debug\SkorobohatyiLab6.a(ROW_2.o)
 .debug_frame   0x00000c60       0x70 .\CortexM0\ARM_GCC_541\Debug\SkorobohatyiLab6.a(ROW_3.o)
 .debug_frame   0x00000cd0       0x70 .\CortexM0\ARM_GCC_541\Debug\SkorobohatyiLab6.a(Pin_Latch.o)
 .debug_frame   0x00000d40       0x70 .\CortexM0\ARM_GCC_541\Debug\SkorobohatyiLab6.a(Pin_CLK.o)
 .debug_frame   0x00000db0       0x70 .\CortexM0\ARM_GCC_541\Debug\SkorobohatyiLab6.a(Pin_DO.o)
 .debug_frame   0x00000e20      0x110 .\CortexM0\ARM_GCC_541\Debug\SkorobohatyiLab6.a(Timer_Int.o)
 .debug_frame   0x00000f30      0x160 .\CortexM0\ARM_GCC_541\Debug\SkorobohatyiLab6.a(Timer.o)
 .debug_frame   0x00001090       0x70 .\CortexM0\ARM_GCC_541\Debug\SkorobohatyiLab6.a(LED_R.o)
 .debug_frame   0x00001100       0x70 .\CortexM0\ARM_GCC_541\Debug\SkorobohatyiLab6.a(LED_G.o)
 .debug_frame   0x00001170       0x70 .\CortexM0\ARM_GCC_541\Debug\SkorobohatyiLab6.a(LED_B.o)
 .debug_frame   0x000011e0       0x30 .\CortexM0\ARM_GCC_541\Debug\SkorobohatyiLab6.a(cyutils.o)
 .debug_frame   0x00001210       0x20 e:/psoc creator/4.4/psoc creator/import/gnu/arm/5.4.1/bin/../lib/gcc/arm-none-eabi/5.4.1/armv6-m\libgcc.a(_udivsi3.o)
 .debug_frame   0x00001230       0x20 e:/psoc creator/4.4/psoc creator/import/gnu/arm/5.4.1/bin/../lib/gcc/arm-none-eabi/5.4.1/../../../../arm-none-eabi/lib/armv6-m\libg_nano.a(lib_a-errno.o)
 .debug_frame   0x00001250       0x28 e:/psoc creator/4.4/psoc creator/import/gnu/arm/5.4.1/bin/../lib/gcc/arm-none-eabi/5.4.1/../../../../arm-none-eabi/lib/armv6-m\libg_nano.a(lib_a-exit.o)
 .debug_frame   0x00001278       0x2c e:/psoc creator/4.4/psoc creator/import/gnu/arm/5.4.1/bin/../lib/gcc/arm-none-eabi/5.4.1/../../../../arm-none-eabi/lib/armv6-m\libg_nano.a(lib_a-init.o)
 .debug_frame   0x000012a4       0x20 e:/psoc creator/4.4/psoc creator/import/gnu/arm/5.4.1/bin/../lib/gcc/arm-none-eabi/5.4.1/../../../../arm-none-eabi/lib/armv6-m\libg_nano.a(lib_a-memset.o)
 .debug_frame   0x000012c4       0x2c e:/psoc creator/4.4/psoc creator/import/gnu/arm/5.4.1/bin/../lib/gcc/arm-none-eabi/5.4.1/../../../../arm-none-eabi/lib/armv6-m\libg_nano.a(lib_a-strncmp.o)

.debug_str      0x00000000     0x19c0
 *(.debug_str)
 .debug_str     0x00000000      0x3e6 .\CortexM0\ARM_GCC_541\Debug\main.o
                                0x43c (size before relaxing)
 .debug_str     0x000003e6      0x120 .\CortexM0\ARM_GCC_541\Debug\cyfitter_cfg.o
                                0x2cd (size before relaxing)
 .debug_str     0x00000506       0x59 .\CortexM0\ARM_GCC_541\Debug\cymetadata.o
                                0x1d0 (size before relaxing)
 .debug_str     0x0000055f      0x135 .\CortexM0\ARM_GCC_541\Debug\Cm0Start.o
                                0x309 (size before relaxing)
 .debug_str     0x00000694      0x4a9 .\CortexM0\ARM_GCC_541\Debug\SkorobohatyiLab6.a(CyLib.o)
                                0x6be (size before relaxing)
 .debug_str     0x00000b3d      0x530 .\CortexM0\ARM_GCC_541\Debug\SkorobohatyiLab6.a(CyLFClk.o)
                                0x745 (size before relaxing)
 .debug_str     0x0000106d       0x9b .\CortexM0\ARM_GCC_541\Debug\SkorobohatyiLab6.a(COLUMN_0.o)
                                0x253 (size before relaxing)
 .debug_str     0x00001108       0x77 .\CortexM0\ARM_GCC_541\Debug\SkorobohatyiLab6.a(COLUMN_1.o)
                                0x253 (size before relaxing)
 .debug_str     0x0000117f       0x77 .\CortexM0\ARM_GCC_541\Debug\SkorobohatyiLab6.a(COLUMN_2.o)
                                0x253 (size before relaxing)
 .debug_str     0x000011f6       0x7c .\CortexM0\ARM_GCC_541\Debug\SkorobohatyiLab6.a(ROW_0.o)
                                0x23e (size before relaxing)
 .debug_str     0x00001272       0x7c .\CortexM0\ARM_GCC_541\Debug\SkorobohatyiLab6.a(ROW_1.o)
                                0x23e (size before relaxing)
 .debug_str     0x000012ee       0x7c .\CortexM0\ARM_GCC_541\Debug\SkorobohatyiLab6.a(ROW_2.o)
                                0x23e (size before relaxing)
 .debug_str     0x0000136a       0x7c .\CortexM0\ARM_GCC_541\Debug\SkorobohatyiLab6.a(ROW_3.o)
                                0x23e (size before relaxing)
 .debug_str     0x000013e6       0x93 .\CortexM0\ARM_GCC_541\Debug\SkorobohatyiLab6.a(Pin_Latch.o)
                                0x25a (size before relaxing)
 .debug_str     0x00001479       0x87 .\CortexM0\ARM_GCC_541\Debug\SkorobohatyiLab6.a(Pin_CLK.o)
                                0x24c (size before relaxing)
 .debug_str     0x00001500       0x81 .\CortexM0\ARM_GCC_541\Debug\SkorobohatyiLab6.a(Pin_DO.o)
                                0x245 (size before relaxing)
 .debug_str     0x00001581      0x11b .\CortexM0\ARM_GCC_541\Debug\SkorobohatyiLab6.a(Timer_Int.o)
                                0x32a (size before relaxing)
 .debug_str     0x0000169c      0x185 .\CortexM0\ARM_GCC_541\Debug\SkorobohatyiLab6.a(Timer.o)
                                0x359 (size before relaxing)
 .debug_str     0x00001821       0x7b .\CortexM0\ARM_GCC_541\Debug\SkorobohatyiLab6.a(LED_R.o)
                                0x23e (size before relaxing)
 .debug_str     0x0000189c       0x7b .\CortexM0\ARM_GCC_541\Debug\SkorobohatyiLab6.a(LED_G.o)
                                0x23e (size before relaxing)
 .debug_str     0x00001917       0x7b .\CortexM0\ARM_GCC_541\Debug\SkorobohatyiLab6.a(LED_B.o)
                                0x23e (size before relaxing)
 .debug_str     0x00001992       0x2e .\CortexM0\ARM_GCC_541\Debug\SkorobohatyiLab6.a(cyutils.o)
                                0x1c5 (size before relaxing)

.debug_loc      0x00000000     0x2053
 *(.debug_loc)
 .debug_loc     0x00000000      0x549 .\CortexM0\ARM_GCC_541\Debug\main.o
 .debug_loc     0x00000549      0x118 .\CortexM0\ARM_GCC_541\Debug\cyfitter_cfg.o
 .debug_loc     0x00000661      0x14f .\CortexM0\ARM_GCC_541\Debug\Cm0Start.o
 .debug_loc     0x000007b0      0x599 .\CortexM0\ARM_GCC_541\Debug\SkorobohatyiLab6.a(CyLib.o)
 .debug_loc     0x00000d49      0x9b5 .\CortexM0\ARM_GCC_541\Debug\SkorobohatyiLab6.a(CyLFClk.o)
 .debug_loc     0x000016fe       0x81 .\CortexM0\ARM_GCC_541\Debug\SkorobohatyiLab6.a(COLUMN_0.o)
 .debug_loc     0x0000177f       0xa2 .\CortexM0\ARM_GCC_541\Debug\SkorobohatyiLab6.a(COLUMN_1.o)
 .debug_loc     0x00001821       0x81 .\CortexM0\ARM_GCC_541\Debug\SkorobohatyiLab6.a(COLUMN_2.o)
 .debug_loc     0x000018a2       0xa2 .\CortexM0\ARM_GCC_541\Debug\SkorobohatyiLab6.a(ROW_0.o)
 .debug_loc     0x00001944       0xa2 .\CortexM0\ARM_GCC_541\Debug\SkorobohatyiLab6.a(ROW_1.o)
 .debug_loc     0x000019e6       0xa2 .\CortexM0\ARM_GCC_541\Debug\SkorobohatyiLab6.a(ROW_2.o)
 .debug_loc     0x00001a88       0xa2 .\CortexM0\ARM_GCC_541\Debug\SkorobohatyiLab6.a(ROW_3.o)
 .debug_loc     0x00001b2a       0xa2 .\CortexM0\ARM_GCC_541\Debug\SkorobohatyiLab6.a(Pin_Latch.o)
 .debug_loc     0x00001bcc       0xa2 .\CortexM0\ARM_GCC_541\Debug\SkorobohatyiLab6.a(Pin_CLK.o)
 .debug_loc     0x00001c6e       0x81 .\CortexM0\ARM_GCC_541\Debug\SkorobohatyiLab6.a(Pin_DO.o)
 .debug_loc     0x00001cef       0x82 .\CortexM0\ARM_GCC_541\Debug\SkorobohatyiLab6.a(Timer_Int.o)
 .debug_loc     0x00001d71       0x6b .\CortexM0\ARM_GCC_541\Debug\SkorobohatyiLab6.a(Timer.o)
 .debug_loc     0x00001ddc       0xa2 .\CortexM0\ARM_GCC_541\Debug\SkorobohatyiLab6.a(LED_R.o)
 .debug_loc     0x00001e7e       0xa2 .\CortexM0\ARM_GCC_541\Debug\SkorobohatyiLab6.a(LED_G.o)
 .debug_loc     0x00001f20       0xa2 .\CortexM0\ARM_GCC_541\Debug\SkorobohatyiLab6.a(LED_B.o)
 .debug_loc     0x00001fc2       0x91 .\CortexM0\ARM_GCC_541\Debug\SkorobohatyiLab6.a(cyutils.o)

.debug_macinfo
 *(.debug_macinfo)

.debug_ranges   0x00000000      0x748
 *(.debug_ranges)
 .debug_ranges  0x00000000       0x70 .\CortexM0\ARM_GCC_541\Debug\main.o
 .debug_ranges  0x00000070       0x28 .\CortexM0\ARM_GCC_541\Debug\cyfitter_cfg.o
 .debug_ranges  0x00000098       0x38 .\CortexM0\ARM_GCC_541\Debug\Cm0Start.o
 .debug_ranges  0x000000d0      0x170 .\CortexM0\ARM_GCC_541\Debug\SkorobohatyiLab6.a(CyLib.o)
 .debug_ranges  0x00000240      0x128 .\CortexM0\ARM_GCC_541\Debug\SkorobohatyiLab6.a(CyLFClk.o)
 .debug_ranges  0x00000368       0x38 .\CortexM0\ARM_GCC_541\Debug\SkorobohatyiLab6.a(COLUMN_0.o)
 .debug_ranges  0x000003a0       0x38 .\CortexM0\ARM_GCC_541\Debug\SkorobohatyiLab6.a(COLUMN_1.o)
 .debug_ranges  0x000003d8       0x38 .\CortexM0\ARM_GCC_541\Debug\SkorobohatyiLab6.a(COLUMN_2.o)
 .debug_ranges  0x00000410       0x38 .\CortexM0\ARM_GCC_541\Debug\SkorobohatyiLab6.a(ROW_0.o)
 .debug_ranges  0x00000448       0x38 .\CortexM0\ARM_GCC_541\Debug\SkorobohatyiLab6.a(ROW_1.o)
 .debug_ranges  0x00000480       0x38 .\CortexM0\ARM_GCC_541\Debug\SkorobohatyiLab6.a(ROW_2.o)
 .debug_ranges  0x000004b8       0x38 .\CortexM0\ARM_GCC_541\Debug\SkorobohatyiLab6.a(ROW_3.o)
 .debug_ranges  0x000004f0       0x38 .\CortexM0\ARM_GCC_541\Debug\SkorobohatyiLab6.a(Pin_Latch.o)
 .debug_ranges  0x00000528       0x38 .\CortexM0\ARM_GCC_541\Debug\SkorobohatyiLab6.a(Pin_CLK.o)
 .debug_ranges  0x00000560       0x38 .\CortexM0\ARM_GCC_541\Debug\SkorobohatyiLab6.a(Pin_DO.o)
 .debug_ranges  0x00000598       0x70 .\CortexM0\ARM_GCC_541\Debug\SkorobohatyiLab6.a(Timer_Int.o)
 .debug_ranges  0x00000608       0x80 .\CortexM0\ARM_GCC_541\Debug\SkorobohatyiLab6.a(Timer.o)
 .debug_ranges  0x00000688       0x38 .\CortexM0\ARM_GCC_541\Debug\SkorobohatyiLab6.a(LED_R.o)
 .debug_ranges  0x000006c0       0x38 .\CortexM0\ARM_GCC_541\Debug\SkorobohatyiLab6.a(LED_G.o)
 .debug_ranges  0x000006f8       0x38 .\CortexM0\ARM_GCC_541\Debug\SkorobohatyiLab6.a(LED_B.o)
 .debug_ranges  0x00000730       0x18 .\CortexM0\ARM_GCC_541\Debug\SkorobohatyiLab6.a(cyutils.o)

.comment        0x00000000       0x6e
 .comment       0x00000000       0x6e .\CortexM0\ARM_GCC_541\Debug\main.o
                                 0x6f (size before relaxing)
 .comment       0x0000006e       0x6f .\CortexM0\ARM_GCC_541\Debug\cyfitter_cfg.o
 .comment       0x0000006e       0x6f .\CortexM0\ARM_GCC_541\Debug\cymetadata.o
 .comment       0x0000006e       0x6f .\CortexM0\ARM_GCC_541\Debug\Cm0Start.o
 .comment       0x0000006e       0x6f .\CortexM0\ARM_GCC_541\Debug\SkorobohatyiLab6.a(CyLib.o)
 .comment       0x0000006e       0x6f .\CortexM0\ARM_GCC_541\Debug\SkorobohatyiLab6.a(CyLFClk.o)
 .comment       0x0000006e       0x6f .\CortexM0\ARM_GCC_541\Debug\SkorobohatyiLab6.a(COLUMN_0.o)
 .comment       0x0000006e       0x6f .\CortexM0\ARM_GCC_541\Debug\SkorobohatyiLab6.a(COLUMN_1.o)
 .comment       0x0000006e       0x6f .\CortexM0\ARM_GCC_541\Debug\SkorobohatyiLab6.a(COLUMN_2.o)
 .comment       0x0000006e       0x6f .\CortexM0\ARM_GCC_541\Debug\SkorobohatyiLab6.a(ROW_0.o)
 .comment       0x0000006e       0x6f .\CortexM0\ARM_GCC_541\Debug\SkorobohatyiLab6.a(ROW_1.o)
 .comment       0x0000006e       0x6f .\CortexM0\ARM_GCC_541\Debug\SkorobohatyiLab6.a(ROW_2.o)
 .comment       0x0000006e       0x6f .\CortexM0\ARM_GCC_541\Debug\SkorobohatyiLab6.a(ROW_3.o)
 .comment       0x0000006e       0x6f .\CortexM0\ARM_GCC_541\Debug\SkorobohatyiLab6.a(Pin_Latch.o)
 .comment       0x0000006e       0x6f .\CortexM0\ARM_GCC_541\Debug\SkorobohatyiLab6.a(Pin_CLK.o)
 .comment       0x0000006e       0x6f .\CortexM0\ARM_GCC_541\Debug\SkorobohatyiLab6.a(Pin_DO.o)
 .comment       0x0000006e       0x6f .\CortexM0\ARM_GCC_541\Debug\SkorobohatyiLab6.a(Timer_Int.o)
 .comment       0x0000006e       0x6f .\CortexM0\ARM_GCC_541\Debug\SkorobohatyiLab6.a(Timer.o)
 .comment       0x0000006e       0x6f .\CortexM0\ARM_GCC_541\Debug\SkorobohatyiLab6.a(LED_R.o)
 .comment       0x0000006e       0x6f .\CortexM0\ARM_GCC_541\Debug\SkorobohatyiLab6.a(LED_G.o)
 .comment       0x0000006e       0x6f .\CortexM0\ARM_GCC_541\Debug\SkorobohatyiLab6.a(LED_B.o)
 .comment       0x0000006e       0x6f .\CortexM0\ARM_GCC_541\Debug\SkorobohatyiLab6.a(cyutils.o)

.debug_weaknames
 *(.debug_weaknames)

.debug_funcnames
 *(.debug_funcnames)

.debug_typenames
 *(.debug_typenames)

.debug_varnames
 *(.debug_varnames)

.note.gnu.arm.ident
 *(.note.gnu.arm.ident)

.ARM.attributes
                0x00000000       0x28
 *(.ARM.attributes)
 .ARM.attributes
                0x00000000       0x1e e:/psoc creator/4.4/psoc creator/import/gnu/arm/5.4.1/bin/../lib/gcc/arm-none-eabi/5.4.1/armv6-m/crti.o
 .ARM.attributes
                0x0000001e       0x2c e:/psoc creator/4.4/psoc creator/import/gnu/arm/5.4.1/bin/../lib/gcc/arm-none-eabi/5.4.1/armv6-m/crtbegin.o
 .ARM.attributes
                0x0000004a       0x1b e:/psoc creator/4.4/psoc creator/import/gnu/arm/5.4.1/bin/../lib/gcc/arm-none-eabi/5.4.1/../../../../arm-none-eabi/lib/armv6-m/crt0.o
 .ARM.attributes
                0x00000065       0x31 .\CortexM0\ARM_GCC_541\Debug\main.o
 .ARM.attributes
                0x00000096       0x31 .\CortexM0\ARM_GCC_541\Debug\cyfitter_cfg.o
 .ARM.attributes
                0x000000c7       0x31 .\CortexM0\ARM_GCC_541\Debug\cymetadata.o
 .ARM.attributes
                0x000000f8       0x31 .\CortexM0\ARM_GCC_541\Debug\Cm0Start.o
 .ARM.attributes
                0x00000129       0x31 .\CortexM0\ARM_GCC_541\Debug\SkorobohatyiLab6.a(CyLib.o)
 .ARM.attributes
                0x0000015a       0x31 .\CortexM0\ARM_GCC_541\Debug\SkorobohatyiLab6.a(CyLFClk.o)
 .ARM.attributes
                0x0000018b       0x31 .\CortexM0\ARM_GCC_541\Debug\SkorobohatyiLab6.a(COLUMN_0.o)
 .ARM.attributes
                0x000001bc       0x31 .\CortexM0\ARM_GCC_541\Debug\SkorobohatyiLab6.a(COLUMN_1.o)
 .ARM.attributes
                0x000001ed       0x31 .\CortexM0\ARM_GCC_541\Debug\SkorobohatyiLab6.a(COLUMN_2.o)
 .ARM.attributes
                0x0000021e       0x31 .\CortexM0\ARM_GCC_541\Debug\SkorobohatyiLab6.a(ROW_0.o)
 .ARM.attributes
                0x0000024f       0x31 .\CortexM0\ARM_GCC_541\Debug\SkorobohatyiLab6.a(ROW_1.o)
 .ARM.attributes
                0x00000280       0x31 .\CortexM0\ARM_GCC_541\Debug\SkorobohatyiLab6.a(ROW_2.o)
 .ARM.attributes
                0x000002b1       0x31 .\CortexM0\ARM_GCC_541\Debug\SkorobohatyiLab6.a(ROW_3.o)
 .ARM.attributes
                0x000002e2       0x31 .\CortexM0\ARM_GCC_541\Debug\SkorobohatyiLab6.a(Pin_Latch.o)
 .ARM.attributes
                0x00000313       0x31 .\CortexM0\ARM_GCC_541\Debug\SkorobohatyiLab6.a(Pin_CLK.o)
 .ARM.attributes
                0x00000344       0x31 .\CortexM0\ARM_GCC_541\Debug\SkorobohatyiLab6.a(Pin_DO.o)
 .ARM.attributes
                0x00000375       0x31 .\CortexM0\ARM_GCC_541\Debug\SkorobohatyiLab6.a(Timer_Int.o)
 .ARM.attributes
                0x000003a6       0x31 .\CortexM0\ARM_GCC_541\Debug\SkorobohatyiLab6.a(Timer.o)
 .ARM.attributes
                0x000003d7       0x31 .\CortexM0\ARM_GCC_541\Debug\SkorobohatyiLab6.a(LED_R.o)
 .ARM.attributes
                0x00000408       0x31 .\CortexM0\ARM_GCC_541\Debug\SkorobohatyiLab6.a(LED_G.o)
 .ARM.attributes
                0x00000439       0x31 .\CortexM0\ARM_GCC_541\Debug\SkorobohatyiLab6.a(LED_B.o)
 .ARM.attributes
                0x0000046a       0x21 .\CortexM0\ARM_GCC_541\Debug\SkorobohatyiLab6.a(CyBootAsmGnu.o)
 .ARM.attributes
                0x0000048b       0x31 .\CortexM0\ARM_GCC_541\Debug\SkorobohatyiLab6.a(cyutils.o)
 .ARM.attributes
                0x000004bc       0x1e e:/psoc creator/4.4/psoc creator/import/gnu/arm/5.4.1/bin/../lib/gcc/arm-none-eabi/5.4.1/armv6-m\libgcc.a(_udivsi3.o)
 .ARM.attributes
                0x000004da       0x1e e:/psoc creator/4.4/psoc creator/import/gnu/arm/5.4.1/bin/../lib/gcc/arm-none-eabi/5.4.1/armv6-m\libgcc.a(_dvmd_tls.o)
 .ARM.attributes
                0x000004f8       0x2c e:/psoc creator/4.4/psoc creator/import/gnu/arm/5.4.1/bin/../lib/gcc/arm-none-eabi/5.4.1/../../../../arm-none-eabi/lib/armv6-m\libg_nano.a(lib_a-errno.o)
 .ARM.attributes
                0x00000524       0x2c e:/psoc creator/4.4/psoc creator/import/gnu/arm/5.4.1/bin/../lib/gcc/arm-none-eabi/5.4.1/../../../../arm-none-eabi/lib/armv6-m\libg_nano.a(lib_a-exit.o)
 .ARM.attributes
                0x00000550       0x2c e:/psoc creator/4.4/psoc creator/import/gnu/arm/5.4.1/bin/../lib/gcc/arm-none-eabi/5.4.1/../../../../arm-none-eabi/lib/armv6-m\libg_nano.a(lib_a-impure.o)
 .ARM.attributes
                0x0000057c       0x2c e:/psoc creator/4.4/psoc creator/import/gnu/arm/5.4.1/bin/../lib/gcc/arm-none-eabi/5.4.1/../../../../arm-none-eabi/lib/armv6-m\libg_nano.a(lib_a-init.o)
 .ARM.attributes
                0x000005a8       0x2c e:/psoc creator/4.4/psoc creator/import/gnu/arm/5.4.1/bin/../lib/gcc/arm-none-eabi/5.4.1/../../../../arm-none-eabi/lib/armv6-m\libg_nano.a(lib_a-memset.o)
 .ARM.attributes
                0x000005d4       0x2c e:/psoc creator/4.4/psoc creator/import/gnu/arm/5.4.1/bin/../lib/gcc/arm-none-eabi/5.4.1/../../../../arm-none-eabi/lib/armv6-m\libg_nano.a(lib_a-strncmp.o)
 .ARM.attributes
                0x00000600       0x2c e:/psoc creator/4.4/psoc creator/import/gnu/arm/5.4.1/bin/../lib/gcc/arm-none-eabi/5.4.1/armv6-m/crtend.o
 .ARM.attributes
                0x0000062c       0x1e e:/psoc creator/4.4/psoc creator/import/gnu/arm/5.4.1/bin/../lib/gcc/arm-none-eabi/5.4.1/armv6-m/crtn.o

/DISCARD/
 *(.note.GNU-stack)
OUTPUT(E:\lab-mkr-1-main\lab-mkr-1-main\lab3_Skorobohatyi\SkorobohatyiLab6.cydsn\CortexM0\ARM_GCC_541\Debug\SkorobohatyiLab6.elf elf32-littlearm)
