Archive member included to satisfy reference by file (symbol)

.\CortexM0\ARM_GCC_541\Debug\SkorobohatyiLab4.a(CyLib.o)
                              .\CortexM0\ARM_GCC_541\Debug\cyfitter_cfg.o (CyIntEnable)
.\CortexM0\ARM_GCC_541\Debug\SkorobohatyiLab4.a(CyLFClk.o)
                              .\CortexM0\ARM_GCC_541\Debug\cyfitter_cfg.o (CySysWdtIsr)
.\CortexM0\ARM_GCC_541\Debug\SkorobohatyiLab4.a(COLUMN_0.o)
                              .\CortexM0\ARM_GCC_541\Debug\main.o (COLUMN_0_Read)
.\CortexM0\ARM_GCC_541\Debug\SkorobohatyiLab4.a(COLUMN_1.o)
                              .\CortexM0\ARM_GCC_541\Debug\main.o (COLUMN_1_Read)
.\CortexM0\ARM_GCC_541\Debug\SkorobohatyiLab4.a(COLUMN_2.o)
                              .\CortexM0\ARM_GCC_541\Debug\main.o (COLUMN_2_Read)
.\CortexM0\ARM_GCC_541\Debug\SkorobohatyiLab4.a(ROW_0.o)
                              .\CortexM0\ARM_GCC_541\Debug\main.o (ROW_0_Write)
.\CortexM0\ARM_GCC_541\Debug\SkorobohatyiLab4.a(ROW_1.o)
                              .\CortexM0\ARM_GCC_541\Debug\main.o (ROW_1_Write)
.\CortexM0\ARM_GCC_541\Debug\SkorobohatyiLab4.a(ROW_2.o)
                              .\CortexM0\ARM_GCC_541\Debug\main.o (ROW_2_Write)
.\CortexM0\ARM_GCC_541\Debug\SkorobohatyiLab4.a(ROW_3.o)
                              .\CortexM0\ARM_GCC_541\Debug\main.o (ROW_3_Write)
.\CortexM0\ARM_GCC_541\Debug\SkorobohatyiLab4.a(Pin_Latch.o)
                              .\CortexM0\ARM_GCC_541\Debug\main.o (Pin_Latch_Write)
.\CortexM0\ARM_GCC_541\Debug\SkorobohatyiLab4.a(Pin_CLK.o)
                              .\CortexM0\ARM_GCC_541\Debug\main.o (Pin_CLK_Write)
.\CortexM0\ARM_GCC_541\Debug\SkorobohatyiLab4.a(Pin_DO.o)
                              .\CortexM0\ARM_GCC_541\Debug\main.o (Pin_DO_Write)
.\CortexM0\ARM_GCC_541\Debug\SkorobohatyiLab4.a(CyBootAsmGnu.o)
                              .\CortexM0\ARM_GCC_541\Debug\SkorobohatyiLab4.a(CyLib.o) (CyDelayCycles)
e:/psoc creator/4.4/psoc creator/import/gnu/arm/5.4.1/bin/../lib/gcc/arm-none-eabi/5.4.1/armv6-m\libgcc.a(_udivsi3.o)
                              .\CortexM0\ARM_GCC_541\Debug\SkorobohatyiLab4.a(CyLib.o) (__aeabi_uidiv)
e:/psoc creator/4.4/psoc creator/import/gnu/arm/5.4.1/bin/../lib/gcc/arm-none-eabi/5.4.1/armv6-m\libgcc.a(_dvmd_tls.o)
                              e:/psoc creator/4.4/psoc creator/import/gnu/arm/5.4.1/bin/../lib/gcc/arm-none-eabi/5.4.1/armv6-m\libgcc.a(_udivsi3.o) (__aeabi_idiv0)
e:/psoc creator/4.4/psoc creator/import/gnu/arm/5.4.1/bin/../lib/gcc/arm-none-eabi/5.4.1/../../../../arm-none-eabi/lib/armv6-m\libg_nano.a(lib_a-errno.o)
                              .\CortexM0\ARM_GCC_541\Debug\Cm0Start.o (__errno)
e:/psoc creator/4.4/psoc creator/import/gnu/arm/5.4.1/bin/../lib/gcc/arm-none-eabi/5.4.1/../../../../arm-none-eabi/lib/armv6-m\libg_nano.a(lib_a-exit.o)
                              e:/psoc creator/4.4/psoc creator/import/gnu/arm/5.4.1/bin/../lib/gcc/arm-none-eabi/5.4.1/../../../../arm-none-eabi/lib/armv6-m/crt0.o (exit)
e:/psoc creator/4.4/psoc creator/import/gnu/arm/5.4.1/bin/../lib/gcc/arm-none-eabi/5.4.1/../../../../arm-none-eabi/lib/armv6-m\libg_nano.a(lib_a-impure.o)
                              e:/psoc creator/4.4/psoc creator/import/gnu/arm/5.4.1/bin/../lib/gcc/arm-none-eabi/5.4.1/../../../../arm-none-eabi/lib/armv6-m\libg_nano.a(lib_a-exit.o) (_global_impure_ptr)
e:/psoc creator/4.4/psoc creator/import/gnu/arm/5.4.1/bin/../lib/gcc/arm-none-eabi/5.4.1/../../../../arm-none-eabi/lib/armv6-m\libg_nano.a(lib_a-init.o)
                              e:/psoc creator/4.4/psoc creator/import/gnu/arm/5.4.1/bin/../lib/gcc/arm-none-eabi/5.4.1/../../../../arm-none-eabi/lib/armv6-m/crt0.o (__libc_init_array)
e:/psoc creator/4.4/psoc creator/import/gnu/arm/5.4.1/bin/../lib/gcc/arm-none-eabi/5.4.1/../../../../arm-none-eabi/lib/armv6-m\libg_nano.a(lib_a-memset.o)
                              e:/psoc creator/4.4/psoc creator/import/gnu/arm/5.4.1/bin/../lib/gcc/arm-none-eabi/5.4.1/../../../../arm-none-eabi/lib/armv6-m/crt0.o (memset)

Discarded input sections

 .text          0x00000000        0x0 e:/psoc creator/4.4/psoc creator/import/gnu/arm/5.4.1/bin/../lib/gcc/arm-none-eabi/5.4.1/armv6-m/crti.o
 .data          0x00000000        0x0 e:/psoc creator/4.4/psoc creator/import/gnu/arm/5.4.1/bin/../lib/gcc/arm-none-eabi/5.4.1/armv6-m/crti.o
 .bss           0x00000000        0x0 e:/psoc creator/4.4/psoc creator/import/gnu/arm/5.4.1/bin/../lib/gcc/arm-none-eabi/5.4.1/armv6-m/crti.o
 .data          0x00000000        0x4 e:/psoc creator/4.4/psoc creator/import/gnu/arm/5.4.1/bin/../lib/gcc/arm-none-eabi/5.4.1/armv6-m/crtbegin.o
 .text          0x00000000       0x78 e:/psoc creator/4.4/psoc creator/import/gnu/arm/5.4.1/bin/../lib/gcc/arm-none-eabi/5.4.1/../../../../arm-none-eabi/lib/armv6-m/crt0.o
 .data          0x00000000        0x0 e:/psoc creator/4.4/psoc creator/import/gnu/arm/5.4.1/bin/../lib/gcc/arm-none-eabi/5.4.1/../../../../arm-none-eabi/lib/armv6-m/crt0.o
 .bss           0x00000000        0x0 e:/psoc creator/4.4/psoc creator/import/gnu/arm/5.4.1/bin/../lib/gcc/arm-none-eabi/5.4.1/../../../../arm-none-eabi/lib/armv6-m/crt0.o
 .ARM.extab     0x00000000        0x0 e:/psoc creator/4.4/psoc creator/import/gnu/arm/5.4.1/bin/../lib/gcc/arm-none-eabi/5.4.1/../../../../arm-none-eabi/lib/armv6-m/crt0.o
 .ARM.exidx     0x00000000        0x8 e:/psoc creator/4.4/psoc creator/import/gnu/arm/5.4.1/bin/../lib/gcc/arm-none-eabi/5.4.1/../../../../arm-none-eabi/lib/armv6-m/crt0.o
 .text          0x00000000        0x0 .\CortexM0\ARM_GCC_541\Debug\main.o
 .data          0x00000000        0x0 .\CortexM0\ARM_GCC_541\Debug\main.o
 .bss           0x00000000        0x0 .\CortexM0\ARM_GCC_541\Debug\main.o
 .text          0x00000000        0x0 .\CortexM0\ARM_GCC_541\Debug\cyfitter_cfg.o
 .data          0x00000000        0x0 .\CortexM0\ARM_GCC_541\Debug\cyfitter_cfg.o
 .bss           0x00000000        0x0 .\CortexM0\ARM_GCC_541\Debug\cyfitter_cfg.o
 .text          0x00000000        0x0 .\CortexM0\ARM_GCC_541\Debug\cymetadata.o
 .data          0x00000000        0x0 .\CortexM0\ARM_GCC_541\Debug\cymetadata.o
 .bss           0x00000000        0x0 .\CortexM0\ARM_GCC_541\Debug\cymetadata.o
 .text          0x00000000        0x0 .\CortexM0\ARM_GCC_541\Debug\Cm0Start.o
 .data          0x00000000        0x4 .\CortexM0\ARM_GCC_541\Debug\Cm0Start.o
 .bss           0x00000000        0x0 .\CortexM0\ARM_GCC_541\Debug\Cm0Start.o
 .text._exit    0x00000000        0xc .\CortexM0\ARM_GCC_541\Debug\Cm0Start.o
 .text._sbrk    0x00000000       0x30 .\CortexM0\ARM_GCC_541\Debug\Cm0Start.o
 .text          0x00000000        0x0 .\CortexM0\ARM_GCC_541\Debug\SkorobohatyiLab4.a(CyLib.o)
 .bss           0x00000000       0x18 .\CortexM0\ARM_GCC_541\Debug\SkorobohatyiLab4.a(CyLib.o)
 .text.CySysClkImoStart
                0x00000000       0x14 .\CortexM0\ARM_GCC_541\Debug\SkorobohatyiLab4.a(CyLib.o)
 .text.CySysClkImoStop
                0x00000000       0x10 .\CortexM0\ARM_GCC_541\Debug\SkorobohatyiLab4.a(CyLib.o)
 .text.CySysClkWriteHfclkDirect
                0x00000000       0x20 .\CortexM0\ARM_GCC_541\Debug\SkorobohatyiLab4.a(CyLib.o)
 .text.CySysEnablePumpClock
                0x00000000       0x38 .\CortexM0\ARM_GCC_541\Debug\SkorobohatyiLab4.a(CyLib.o)
 .text.CySysClkGetSysclkSource
                0x00000000       0x1c .\CortexM0\ARM_GCC_541\Debug\SkorobohatyiLab4.a(CyLib.o)
 .text.CySysClkWriteSysclkDiv
                0x00000000       0x30 .\CortexM0\ARM_GCC_541\Debug\SkorobohatyiLab4.a(CyLib.o)
 .text.CySysLvdDisable
                0x00000000       0x20 .\CortexM0\ARM_GCC_541\Debug\SkorobohatyiLab4.a(CyLib.o)
 .text.CySysLvdGetInterruptSource
                0x00000000       0x10 .\CortexM0\ARM_GCC_541\Debug\SkorobohatyiLab4.a(CyLib.o)
 .text.CySysLvdClearInterrupt
                0x00000000        0xc .\CortexM0\ARM_GCC_541\Debug\SkorobohatyiLab4.a(CyLib.o)
 .text.CySysGetResetReason
                0x00000000       0x14 .\CortexM0\ARM_GCC_541\Debug\SkorobohatyiLab4.a(CyLib.o)
 .text.CyDisableInts
                0x00000000       0x10 .\CortexM0\ARM_GCC_541\Debug\SkorobohatyiLab4.a(CyLib.o)
 .text.CyEnableInts
                0x00000000        0xc .\CortexM0\ARM_GCC_541\Debug\SkorobohatyiLab4.a(CyLib.o)
 .text.CyIntGetState
                0x00000000       0x18 .\CortexM0\ARM_GCC_541\Debug\SkorobohatyiLab4.a(CyLib.o)
 .text.CyIntDisable
                0x00000000       0x14 .\CortexM0\ARM_GCC_541\Debug\SkorobohatyiLab4.a(CyLib.o)
 .text.CyIntSetPending
                0x00000000       0x14 .\CortexM0\ARM_GCC_541\Debug\SkorobohatyiLab4.a(CyLib.o)
 .text.CyIntClearPending
                0x00000000       0x14 .\CortexM0\ARM_GCC_541\Debug\SkorobohatyiLab4.a(CyLib.o)
 .text.CyIntSetSysVector
                0x00000000       0x20 .\CortexM0\ARM_GCC_541\Debug\SkorobohatyiLab4.a(CyLib.o)
 .text.CyIntGetSysVector
                0x00000000       0x1c .\CortexM0\ARM_GCC_541\Debug\SkorobohatyiLab4.a(CyLib.o)
 .text.CyIntGetVector
                0x00000000       0x20 .\CortexM0\ARM_GCC_541\Debug\SkorobohatyiLab4.a(CyLib.o)
 .text.CyIntSetPriority
                0x00000000       0x4c .\CortexM0\ARM_GCC_541\Debug\SkorobohatyiLab4.a(CyLib.o)
 .text.CyIntGetPriority
                0x00000000       0x2c .\CortexM0\ARM_GCC_541\Debug\SkorobohatyiLab4.a(CyLib.o)
 .text.CySoftwareReset
                0x00000000       0x18 .\CortexM0\ARM_GCC_541\Debug\SkorobohatyiLab4.a(CyLib.o)
 .text.CySysLvdEnable
                0x00000000       0x44 .\CortexM0\ARM_GCC_541\Debug\SkorobohatyiLab4.a(CyLib.o)
 .text.CyDelayFreq
                0x00000000       0x4c .\CortexM0\ARM_GCC_541\Debug\SkorobohatyiLab4.a(CyLib.o)
 .text.CySysTickStop
                0x00000000       0x10 .\CortexM0\ARM_GCC_541\Debug\SkorobohatyiLab4.a(CyLib.o)
 .text.CySysTickEnableInterrupt
                0x00000000       0x10 .\CortexM0\ARM_GCC_541\Debug\SkorobohatyiLab4.a(CyLib.o)
 .text.CySysTickEnable
                0x00000000       0x18 .\CortexM0\ARM_GCC_541\Debug\SkorobohatyiLab4.a(CyLib.o)
 .text.CySysTickDisableInterrupt
                0x00000000       0x10 .\CortexM0\ARM_GCC_541\Debug\SkorobohatyiLab4.a(CyLib.o)
 .text.CySysTickSetReload
                0x00000000       0x10 .\CortexM0\ARM_GCC_541\Debug\SkorobohatyiLab4.a(CyLib.o)
 .text.CySysTickGetReload
                0x00000000       0x10 .\CortexM0\ARM_GCC_541\Debug\SkorobohatyiLab4.a(CyLib.o)
 .text.CySysTickGetValue
                0x00000000       0x10 .\CortexM0\ARM_GCC_541\Debug\SkorobohatyiLab4.a(CyLib.o)
 .text.CySysTickGetCountFlag
                0x00000000       0x10 .\CortexM0\ARM_GCC_541\Debug\SkorobohatyiLab4.a(CyLib.o)
 .text.CySysTickServiceCallbacks
                0x00000000       0x28 .\CortexM0\ARM_GCC_541\Debug\SkorobohatyiLab4.a(CyLib.o)
 .text.CySysTickClear
                0x00000000        0xc .\CortexM0\ARM_GCC_541\Debug\SkorobohatyiLab4.a(CyLib.o)
 .text.CySysTickInit
                0x00000000       0x40 .\CortexM0\ARM_GCC_541\Debug\SkorobohatyiLab4.a(CyLib.o)
 .text.CySysTickStart
                0x00000000       0x20 .\CortexM0\ARM_GCC_541\Debug\SkorobohatyiLab4.a(CyLib.o)
 .text.CySysTickSetCallback
                0x00000000       0x10 .\CortexM0\ARM_GCC_541\Debug\SkorobohatyiLab4.a(CyLib.o)
 .text.CySysTickGetCallback
                0x00000000        0xc .\CortexM0\ARM_GCC_541\Debug\SkorobohatyiLab4.a(CyLib.o)
 .text.CyGetUniqueId
                0x00000000       0x70 .\CortexM0\ARM_GCC_541\Debug\SkorobohatyiLab4.a(CyLib.o)
 .text          0x00000000        0x0 .\CortexM0\ARM_GCC_541\Debug\SkorobohatyiLab4.a(CyLFClk.o)
 .text.CySysClkIloEnabled
                0x00000000       0x14 .\CortexM0\ARM_GCC_541\Debug\SkorobohatyiLab4.a(CyLFClk.o)
 .text.CySysClkIloStart
                0x00000000       0x14 .\CortexM0\ARM_GCC_541\Debug\SkorobohatyiLab4.a(CyLFClk.o)
 .text.CySysClkIloStartMeasurement
                0x00000000       0x34 .\CortexM0\ARM_GCC_541\Debug\SkorobohatyiLab4.a(CyLFClk.o)
 .text.CySysClkIloStopMeasurement
                0x00000000       0x14 .\CortexM0\ARM_GCC_541\Debug\SkorobohatyiLab4.a(CyLFClk.o)
 .text.CySysClkIloCompensate
                0x00000000      0x104 .\CortexM0\ARM_GCC_541\Debug\SkorobohatyiLab4.a(CyLFClk.o)
 .text.CySysWdtGetEnabledStatus
                0x00000000       0x24 .\CortexM0\ARM_GCC_541\Debug\SkorobohatyiLab4.a(CyLFClk.o)
 .text.CySysWdtSetMode
                0x00000000       0x38 .\CortexM0\ARM_GCC_541\Debug\SkorobohatyiLab4.a(CyLFClk.o)
 .text.CySysClkLfclkPosedgeRestore
                0x00000000       0x2c .\CortexM0\ARM_GCC_541\Debug\SkorobohatyiLab4.a(CyLFClk.o)
 .text.CySysWdtGetMode
                0x00000000       0x14 .\CortexM0\ARM_GCC_541\Debug\SkorobohatyiLab4.a(CyLFClk.o)
 .text.CySysWdtSetClearOnMatch
                0x00000000       0x34 .\CortexM0\ARM_GCC_541\Debug\SkorobohatyiLab4.a(CyLFClk.o)
 .text.CySysWdtGetClearOnMatch
                0x00000000       0x24 .\CortexM0\ARM_GCC_541\Debug\SkorobohatyiLab4.a(CyLFClk.o)
 .text.CySysWdtEnable
                0x00000000       0x40 .\CortexM0\ARM_GCC_541\Debug\SkorobohatyiLab4.a(CyLFClk.o)
 .text.CySysWdtDisable
                0x00000000       0x44 .\CortexM0\ARM_GCC_541\Debug\SkorobohatyiLab4.a(CyLFClk.o)
 .text.CySysWdtSetCascade
                0x00000000       0x34 .\CortexM0\ARM_GCC_541\Debug\SkorobohatyiLab4.a(CyLFClk.o)
 .text.CySysWdtGetCascade
                0x00000000       0x14 .\CortexM0\ARM_GCC_541\Debug\SkorobohatyiLab4.a(CyLFClk.o)
 .text.CySysWdtSetMatch
                0x00000000       0x38 .\CortexM0\ARM_GCC_541\Debug\SkorobohatyiLab4.a(CyLFClk.o)
 .text.CySysWdtSetToggleBit
                0x00000000       0x30 .\CortexM0\ARM_GCC_541\Debug\SkorobohatyiLab4.a(CyLFClk.o)
 .text.CySysWdtGetToggleBit
                0x00000000       0x10 .\CortexM0\ARM_GCC_541\Debug\SkorobohatyiLab4.a(CyLFClk.o)
 .text.CySysWdtGetMatch
                0x00000000       0x20 .\CortexM0\ARM_GCC_541\Debug\SkorobohatyiLab4.a(CyLFClk.o)
 .text.CySysWdtGetCount
                0x00000000       0x3c .\CortexM0\ARM_GCC_541\Debug\SkorobohatyiLab4.a(CyLFClk.o)
 .text.CySysClkLfclkPosedgeCatch
                0x00000000       0x74 .\CortexM0\ARM_GCC_541\Debug\SkorobohatyiLab4.a(CyLFClk.o)
 .text.CySysClkIloStop
                0x00000000       0x38 .\CortexM0\ARM_GCC_541\Debug\SkorobohatyiLab4.a(CyLFClk.o)
 .text.CySysWdtGetInterruptSource
                0x00000000       0x14 .\CortexM0\ARM_GCC_541\Debug\SkorobohatyiLab4.a(CyLFClk.o)
 .text.CySysWdtResetCounters
                0x00000000       0x20 .\CortexM0\ARM_GCC_541\Debug\SkorobohatyiLab4.a(CyLFClk.o)
 .text.CySysWdtSetInterruptCallback
                0x00000000       0x20 .\CortexM0\ARM_GCC_541\Debug\SkorobohatyiLab4.a(CyLFClk.o)
 .text.CySysWdtGetInterruptCallback
                0x00000000       0x20 .\CortexM0\ARM_GCC_541\Debug\SkorobohatyiLab4.a(CyLFClk.o)
 .text.CySysWdtEnableCounterIsr
                0x00000000       0x34 .\CortexM0\ARM_GCC_541\Debug\SkorobohatyiLab4.a(CyLFClk.o)
 .text.CySysWdtDisableCounterIsr
                0x00000000       0x28 .\CortexM0\ARM_GCC_541\Debug\SkorobohatyiLab4.a(CyLFClk.o)
 .text.CySysWatchdogFeed
                0x00000000       0x60 .\CortexM0\ARM_GCC_541\Debug\SkorobohatyiLab4.a(CyLFClk.o)
 .text.CySysTimerDelayUntilMatch
                0x00000000       0x6c .\CortexM0\ARM_GCC_541\Debug\SkorobohatyiLab4.a(CyLFClk.o)
 .text.CySysTimerDelay
                0x00000000       0x3c .\CortexM0\ARM_GCC_541\Debug\SkorobohatyiLab4.a(CyLFClk.o)
 .rodata        0x00000000        0xc .\CortexM0\ARM_GCC_541\Debug\SkorobohatyiLab4.a(CyLFClk.o)
 .text          0x00000000        0x0 .\CortexM0\ARM_GCC_541\Debug\SkorobohatyiLab4.a(COLUMN_0.o)
 .data          0x00000000        0x0 .\CortexM0\ARM_GCC_541\Debug\SkorobohatyiLab4.a(COLUMN_0.o)
 .bss           0x00000000        0x0 .\CortexM0\ARM_GCC_541\Debug\SkorobohatyiLab4.a(COLUMN_0.o)
 .text.COLUMN_0_SetDriveMode
                0x00000000       0x14 .\CortexM0\ARM_GCC_541\Debug\SkorobohatyiLab4.a(COLUMN_0.o)
 .text.COLUMN_0_Write
                0x00000000       0x18 .\CortexM0\ARM_GCC_541\Debug\SkorobohatyiLab4.a(COLUMN_0.o)
 .text.COLUMN_0_ReadDataReg
                0x00000000       0x10 .\CortexM0\ARM_GCC_541\Debug\SkorobohatyiLab4.a(COLUMN_0.o)
 .text.COLUMN_0_SetInterruptMode
                0x00000000       0x14 .\CortexM0\ARM_GCC_541\Debug\SkorobohatyiLab4.a(COLUMN_0.o)
 .text.COLUMN_0_ClearInterrupt
                0x00000000       0x10 .\CortexM0\ARM_GCC_541\Debug\SkorobohatyiLab4.a(COLUMN_0.o)
 .text          0x00000000        0x0 .\CortexM0\ARM_GCC_541\Debug\SkorobohatyiLab4.a(COLUMN_1.o)
 .data          0x00000000        0x0 .\CortexM0\ARM_GCC_541\Debug\SkorobohatyiLab4.a(COLUMN_1.o)
 .bss           0x00000000        0x0 .\CortexM0\ARM_GCC_541\Debug\SkorobohatyiLab4.a(COLUMN_1.o)
 .text.COLUMN_1_SetDriveMode
                0x00000000       0x14 .\CortexM0\ARM_GCC_541\Debug\SkorobohatyiLab4.a(COLUMN_1.o)
 .text.COLUMN_1_Write
                0x00000000       0x18 .\CortexM0\ARM_GCC_541\Debug\SkorobohatyiLab4.a(COLUMN_1.o)
 .text.COLUMN_1_ReadDataReg
                0x00000000       0x10 .\CortexM0\ARM_GCC_541\Debug\SkorobohatyiLab4.a(COLUMN_1.o)
 .text.COLUMN_1_SetInterruptMode
                0x00000000       0x14 .\CortexM0\ARM_GCC_541\Debug\SkorobohatyiLab4.a(COLUMN_1.o)
 .text.COLUMN_1_ClearInterrupt
                0x00000000       0x14 .\CortexM0\ARM_GCC_541\Debug\SkorobohatyiLab4.a(COLUMN_1.o)
 .text          0x00000000        0x0 .\CortexM0\ARM_GCC_541\Debug\SkorobohatyiLab4.a(COLUMN_2.o)
 .data          0x00000000        0x0 .\CortexM0\ARM_GCC_541\Debug\SkorobohatyiLab4.a(COLUMN_2.o)
 .bss           0x00000000        0x0 .\CortexM0\ARM_GCC_541\Debug\SkorobohatyiLab4.a(COLUMN_2.o)
 .text.COLUMN_2_SetDriveMode
                0x00000000       0x14 .\CortexM0\ARM_GCC_541\Debug\SkorobohatyiLab4.a(COLUMN_2.o)
 .text.COLUMN_2_Write
                0x00000000       0x18 .\CortexM0\ARM_GCC_541\Debug\SkorobohatyiLab4.a(COLUMN_2.o)
 .text.COLUMN_2_ReadDataReg
                0x00000000       0x10 .\CortexM0\ARM_GCC_541\Debug\SkorobohatyiLab4.a(COLUMN_2.o)
 .text.COLUMN_2_SetInterruptMode
                0x00000000       0x14 .\CortexM0\ARM_GCC_541\Debug\SkorobohatyiLab4.a(COLUMN_2.o)
 .text.COLUMN_2_ClearInterrupt
                0x00000000       0x10 .\CortexM0\ARM_GCC_541\Debug\SkorobohatyiLab4.a(COLUMN_2.o)
 .text          0x00000000        0x0 .\CortexM0\ARM_GCC_541\Debug\SkorobohatyiLab4.a(ROW_0.o)
 .data          0x00000000        0x0 .\CortexM0\ARM_GCC_541\Debug\SkorobohatyiLab4.a(ROW_0.o)
 .bss           0x00000000        0x0 .\CortexM0\ARM_GCC_541\Debug\SkorobohatyiLab4.a(ROW_0.o)
 .text.ROW_0_SetDriveMode
                0x00000000       0x14 .\CortexM0\ARM_GCC_541\Debug\SkorobohatyiLab4.a(ROW_0.o)
 .text.ROW_0_Read
                0x00000000       0x10 .\CortexM0\ARM_GCC_541\Debug\SkorobohatyiLab4.a(ROW_0.o)
 .text.ROW_0_ReadDataReg
                0x00000000       0x10 .\CortexM0\ARM_GCC_541\Debug\SkorobohatyiLab4.a(ROW_0.o)
 .text.ROW_0_SetInterruptMode
                0x00000000       0x14 .\CortexM0\ARM_GCC_541\Debug\SkorobohatyiLab4.a(ROW_0.o)
 .text.ROW_0_ClearInterrupt
                0x00000000       0x14 .\CortexM0\ARM_GCC_541\Debug\SkorobohatyiLab4.a(ROW_0.o)
 .text          0x00000000        0x0 .\CortexM0\ARM_GCC_541\Debug\SkorobohatyiLab4.a(ROW_1.o)
 .data          0x00000000        0x0 .\CortexM0\ARM_GCC_541\Debug\SkorobohatyiLab4.a(ROW_1.o)
 .bss           0x00000000        0x0 .\CortexM0\ARM_GCC_541\Debug\SkorobohatyiLab4.a(ROW_1.o)
 .text.ROW_1_SetDriveMode
                0x00000000       0x18 .\CortexM0\ARM_GCC_541\Debug\SkorobohatyiLab4.a(ROW_1.o)
 .text.ROW_1_Read
                0x00000000       0x10 .\CortexM0\ARM_GCC_541\Debug\SkorobohatyiLab4.a(ROW_1.o)
 .text.ROW_1_ReadDataReg
                0x00000000       0x10 .\CortexM0\ARM_GCC_541\Debug\SkorobohatyiLab4.a(ROW_1.o)
 .text.ROW_1_SetInterruptMode
                0x00000000       0x14 .\CortexM0\ARM_GCC_541\Debug\SkorobohatyiLab4.a(ROW_1.o)
 .text.ROW_1_ClearInterrupt
                0x00000000       0x14 .\CortexM0\ARM_GCC_541\Debug\SkorobohatyiLab4.a(ROW_1.o)
 .text          0x00000000        0x0 .\CortexM0\ARM_GCC_541\Debug\SkorobohatyiLab4.a(ROW_2.o)
 .data          0x00000000        0x0 .\CortexM0\ARM_GCC_541\Debug\SkorobohatyiLab4.a(ROW_2.o)
 .bss           0x00000000        0x0 .\CortexM0\ARM_GCC_541\Debug\SkorobohatyiLab4.a(ROW_2.o)
 .text.ROW_2_SetDriveMode
                0x00000000       0x18 .\CortexM0\ARM_GCC_541\Debug\SkorobohatyiLab4.a(ROW_2.o)
 .text.ROW_2_Read
                0x00000000       0x10 .\CortexM0\ARM_GCC_541\Debug\SkorobohatyiLab4.a(ROW_2.o)
 .text.ROW_2_ReadDataReg
                0x00000000       0x10 .\CortexM0\ARM_GCC_541\Debug\SkorobohatyiLab4.a(ROW_2.o)
 .text.ROW_2_SetInterruptMode
                0x00000000       0x14 .\CortexM0\ARM_GCC_541\Debug\SkorobohatyiLab4.a(ROW_2.o)
 .text.ROW_2_ClearInterrupt
                0x00000000       0x14 .\CortexM0\ARM_GCC_541\Debug\SkorobohatyiLab4.a(ROW_2.o)
 .text          0x00000000        0x0 .\CortexM0\ARM_GCC_541\Debug\SkorobohatyiLab4.a(ROW_3.o)
 .data          0x00000000        0x0 .\CortexM0\ARM_GCC_541\Debug\SkorobohatyiLab4.a(ROW_3.o)
 .bss           0x00000000        0x0 .\CortexM0\ARM_GCC_541\Debug\SkorobohatyiLab4.a(ROW_3.o)
 .text.ROW_3_SetDriveMode
                0x00000000       0x18 .\CortexM0\ARM_GCC_541\Debug\SkorobohatyiLab4.a(ROW_3.o)
 .text.ROW_3_Read
                0x00000000       0x10 .\CortexM0\ARM_GCC_541\Debug\SkorobohatyiLab4.a(ROW_3.o)
 .text.ROW_3_ReadDataReg
                0x00000000       0x10 .\CortexM0\ARM_GCC_541\Debug\SkorobohatyiLab4.a(ROW_3.o)
 .text.ROW_3_SetInterruptMode
                0x00000000       0x14 .\CortexM0\ARM_GCC_541\Debug\SkorobohatyiLab4.a(ROW_3.o)
 .text.ROW_3_ClearInterrupt
                0x00000000       0x14 .\CortexM0\ARM_GCC_541\Debug\SkorobohatyiLab4.a(ROW_3.o)
 .text          0x00000000        0x0 .\CortexM0\ARM_GCC_541\Debug\SkorobohatyiLab4.a(Pin_Latch.o)
 .data          0x00000000        0x0 .\CortexM0\ARM_GCC_541\Debug\SkorobohatyiLab4.a(Pin_Latch.o)
 .bss           0x00000000        0x0 .\CortexM0\ARM_GCC_541\Debug\SkorobohatyiLab4.a(Pin_Latch.o)
 .text.Pin_Latch_SetDriveMode
                0x00000000       0x18 .\CortexM0\ARM_GCC_541\Debug\SkorobohatyiLab4.a(Pin_Latch.o)
 .text.Pin_Latch_Read
                0x00000000       0x10 .\CortexM0\ARM_GCC_541\Debug\SkorobohatyiLab4.a(Pin_Latch.o)
 .text.Pin_Latch_ReadDataReg
                0x00000000       0x10 .\CortexM0\ARM_GCC_541\Debug\SkorobohatyiLab4.a(Pin_Latch.o)
 .text.Pin_Latch_SetInterruptMode
                0x00000000       0x14 .\CortexM0\ARM_GCC_541\Debug\SkorobohatyiLab4.a(Pin_Latch.o)
 .text.Pin_Latch_ClearInterrupt
                0x00000000       0x14 .\CortexM0\ARM_GCC_541\Debug\SkorobohatyiLab4.a(Pin_Latch.o)
 .text          0x00000000        0x0 .\CortexM0\ARM_GCC_541\Debug\SkorobohatyiLab4.a(Pin_CLK.o)
 .data          0x00000000        0x0 .\CortexM0\ARM_GCC_541\Debug\SkorobohatyiLab4.a(Pin_CLK.o)
 .bss           0x00000000        0x0 .\CortexM0\ARM_GCC_541\Debug\SkorobohatyiLab4.a(Pin_CLK.o)
 .text.Pin_CLK_SetDriveMode
                0x00000000       0x18 .\CortexM0\ARM_GCC_541\Debug\SkorobohatyiLab4.a(Pin_CLK.o)
 .text.Pin_CLK_Read
                0x00000000       0x10 .\CortexM0\ARM_GCC_541\Debug\SkorobohatyiLab4.a(Pin_CLK.o)
 .text.Pin_CLK_ReadDataReg
                0x00000000       0x10 .\CortexM0\ARM_GCC_541\Debug\SkorobohatyiLab4.a(Pin_CLK.o)
 .text.Pin_CLK_SetInterruptMode
                0x00000000       0x14 .\CortexM0\ARM_GCC_541\Debug\SkorobohatyiLab4.a(Pin_CLK.o)
 .text.Pin_CLK_ClearInterrupt
                0x00000000       0x14 .\CortexM0\ARM_GCC_541\Debug\SkorobohatyiLab4.a(Pin_CLK.o)
 .text          0x00000000        0x0 .\CortexM0\ARM_GCC_541\Debug\SkorobohatyiLab4.a(Pin_DO.o)
 .data          0x00000000        0x0 .\CortexM0\ARM_GCC_541\Debug\SkorobohatyiLab4.a(Pin_DO.o)
 .bss           0x00000000        0x0 .\CortexM0\ARM_GCC_541\Debug\SkorobohatyiLab4.a(Pin_DO.o)
 .text.Pin_DO_SetDriveMode
                0x00000000       0x14 .\CortexM0\ARM_GCC_541\Debug\SkorobohatyiLab4.a(Pin_DO.o)
 .text.Pin_DO_Read
                0x00000000       0x10 .\CortexM0\ARM_GCC_541\Debug\SkorobohatyiLab4.a(Pin_DO.o)
 .text.Pin_DO_ReadDataReg
                0x00000000       0x10 .\CortexM0\ARM_GCC_541\Debug\SkorobohatyiLab4.a(Pin_DO.o)
 .text.Pin_DO_SetInterruptMode
                0x00000000       0x14 .\CortexM0\ARM_GCC_541\Debug\SkorobohatyiLab4.a(Pin_DO.o)
 .text.Pin_DO_ClearInterrupt
                0x00000000       0x10 .\CortexM0\ARM_GCC_541\Debug\SkorobohatyiLab4.a(Pin_DO.o)
 .data          0x00000000        0x0 .\CortexM0\ARM_GCC_541\Debug\SkorobohatyiLab4.a(CyBootAsmGnu.o)
 .bss           0x00000000        0x0 .\CortexM0\ARM_GCC_541\Debug\SkorobohatyiLab4.a(CyBootAsmGnu.o)
 .text          0x00000000      0x114 e:/psoc creator/4.4/psoc creator/import/gnu/arm/5.4.1/bin/../lib/gcc/arm-none-eabi/5.4.1/armv6-m\libgcc.a(_udivsi3.o)
 .data          0x00000000        0x0 e:/psoc creator/4.4/psoc creator/import/gnu/arm/5.4.1/bin/../lib/gcc/arm-none-eabi/5.4.1/armv6-m\libgcc.a(_udivsi3.o)
 .bss           0x00000000        0x0 e:/psoc creator/4.4/psoc creator/import/gnu/arm/5.4.1/bin/../lib/gcc/arm-none-eabi/5.4.1/armv6-m\libgcc.a(_udivsi3.o)
 .text          0x00000000        0x4 e:/psoc creator/4.4/psoc creator/import/gnu/arm/5.4.1/bin/../lib/gcc/arm-none-eabi/5.4.1/armv6-m\libgcc.a(_dvmd_tls.o)
 .data          0x00000000        0x0 e:/psoc creator/4.4/psoc creator/import/gnu/arm/5.4.1/bin/../lib/gcc/arm-none-eabi/5.4.1/armv6-m\libgcc.a(_dvmd_tls.o)
 .bss           0x00000000        0x0 e:/psoc creator/4.4/psoc creator/import/gnu/arm/5.4.1/bin/../lib/gcc/arm-none-eabi/5.4.1/armv6-m\libgcc.a(_dvmd_tls.o)
 .text          0x00000000        0x0 e:/psoc creator/4.4/psoc creator/import/gnu/arm/5.4.1/bin/../lib/gcc/arm-none-eabi/5.4.1/../../../../arm-none-eabi/lib/armv6-m\libg_nano.a(lib_a-errno.o)
 .data          0x00000000        0x0 e:/psoc creator/4.4/psoc creator/import/gnu/arm/5.4.1/bin/../lib/gcc/arm-none-eabi/5.4.1/../../../../arm-none-eabi/lib/armv6-m\libg_nano.a(lib_a-errno.o)
 .bss           0x00000000        0x0 e:/psoc creator/4.4/psoc creator/import/gnu/arm/5.4.1/bin/../lib/gcc/arm-none-eabi/5.4.1/../../../../arm-none-eabi/lib/armv6-m\libg_nano.a(lib_a-errno.o)
 .text          0x00000000        0x0 e:/psoc creator/4.4/psoc creator/import/gnu/arm/5.4.1/bin/../lib/gcc/arm-none-eabi/5.4.1/../../../../arm-none-eabi/lib/armv6-m\libg_nano.a(lib_a-exit.o)
 .data          0x00000000        0x0 e:/psoc creator/4.4/psoc creator/import/gnu/arm/5.4.1/bin/../lib/gcc/arm-none-eabi/5.4.1/../../../../arm-none-eabi/lib/armv6-m\libg_nano.a(lib_a-exit.o)
 .bss           0x00000000        0x0 e:/psoc creator/4.4/psoc creator/import/gnu/arm/5.4.1/bin/../lib/gcc/arm-none-eabi/5.4.1/../../../../arm-none-eabi/lib/armv6-m\libg_nano.a(lib_a-exit.o)
 .text.exit     0x00000000       0x2c e:/psoc creator/4.4/psoc creator/import/gnu/arm/5.4.1/bin/../lib/gcc/arm-none-eabi/5.4.1/../../../../arm-none-eabi/lib/armv6-m\libg_nano.a(lib_a-exit.o)
 .text          0x00000000        0x0 e:/psoc creator/4.4/psoc creator/import/gnu/arm/5.4.1/bin/../lib/gcc/arm-none-eabi/5.4.1/../../../../arm-none-eabi/lib/armv6-m\libg_nano.a(lib_a-impure.o)
 .data          0x00000000        0x0 e:/psoc creator/4.4/psoc creator/import/gnu/arm/5.4.1/bin/../lib/gcc/arm-none-eabi/5.4.1/../../../../arm-none-eabi/lib/armv6-m\libg_nano.a(lib_a-impure.o)
 .bss           0x00000000        0x0 e:/psoc creator/4.4/psoc creator/import/gnu/arm/5.4.1/bin/../lib/gcc/arm-none-eabi/5.4.1/../../../../arm-none-eabi/lib/armv6-m\libg_nano.a(lib_a-impure.o)
 .rodata._global_impure_ptr
                0x00000000        0x4 e:/psoc creator/4.4/psoc creator/import/gnu/arm/5.4.1/bin/../lib/gcc/arm-none-eabi/5.4.1/../../../../arm-none-eabi/lib/armv6-m\libg_nano.a(lib_a-impure.o)
 .text          0x00000000        0x0 e:/psoc creator/4.4/psoc creator/import/gnu/arm/5.4.1/bin/../lib/gcc/arm-none-eabi/5.4.1/../../../../arm-none-eabi/lib/armv6-m\libg_nano.a(lib_a-init.o)
 .data          0x00000000        0x0 e:/psoc creator/4.4/psoc creator/import/gnu/arm/5.4.1/bin/../lib/gcc/arm-none-eabi/5.4.1/../../../../arm-none-eabi/lib/armv6-m\libg_nano.a(lib_a-init.o)
 .bss           0x00000000        0x0 e:/psoc creator/4.4/psoc creator/import/gnu/arm/5.4.1/bin/../lib/gcc/arm-none-eabi/5.4.1/../../../../arm-none-eabi/lib/armv6-m\libg_nano.a(lib_a-init.o)
 .text          0x00000000        0x0 e:/psoc creator/4.4/psoc creator/import/gnu/arm/5.4.1/bin/../lib/gcc/arm-none-eabi/5.4.1/../../../../arm-none-eabi/lib/armv6-m\libg_nano.a(lib_a-memset.o)
 .data          0x00000000        0x0 e:/psoc creator/4.4/psoc creator/import/gnu/arm/5.4.1/bin/../lib/gcc/arm-none-eabi/5.4.1/../../../../arm-none-eabi/lib/armv6-m\libg_nano.a(lib_a-memset.o)
 .bss           0x00000000        0x0 e:/psoc creator/4.4/psoc creator/import/gnu/arm/5.4.1/bin/../lib/gcc/arm-none-eabi/5.4.1/../../../../arm-none-eabi/lib/armv6-m\libg_nano.a(lib_a-memset.o)
 .text          0x00000000        0x0 e:/psoc creator/4.4/psoc creator/import/gnu/arm/5.4.1/bin/../lib/gcc/arm-none-eabi/5.4.1/armv6-m/crtend.o
 .data          0x00000000        0x0 e:/psoc creator/4.4/psoc creator/import/gnu/arm/5.4.1/bin/../lib/gcc/arm-none-eabi/5.4.1/armv6-m/crtend.o
 .bss           0x00000000        0x0 e:/psoc creator/4.4/psoc creator/import/gnu/arm/5.4.1/bin/../lib/gcc/arm-none-eabi/5.4.1/armv6-m/crtend.o
 .text          0x00000000        0x0 e:/psoc creator/4.4/psoc creator/import/gnu/arm/5.4.1/bin/../lib/gcc/arm-none-eabi/5.4.1/armv6-m/crtn.o
 .data          0x00000000        0x0 e:/psoc creator/4.4/psoc creator/import/gnu/arm/5.4.1/bin/../lib/gcc/arm-none-eabi/5.4.1/armv6-m/crtn.o
 .bss           0x00000000        0x0 e:/psoc creator/4.4/psoc creator/import/gnu/arm/5.4.1/bin/../lib/gcc/arm-none-eabi/5.4.1/armv6-m/crtn.o

Memory Configuration

Name             Origin             Length             Attributes
rom              0x00000000         0x00008000         xr
ram              0x20000000         0x00001000         xrw
*default*        0x00000000         0xffffffff

Linker script and memory map

LOAD e:/psoc creator/4.4/psoc creator/import/gnu/arm/5.4.1/bin/../lib/gcc/arm-none-eabi/5.4.1/armv6-m/crti.o
LOAD e:/psoc creator/4.4/psoc creator/import/gnu/arm/5.4.1/bin/../lib/gcc/arm-none-eabi/5.4.1/armv6-m/crtbegin.o
LOAD e:/psoc creator/4.4/psoc creator/import/gnu/arm/5.4.1/bin/../lib/gcc/arm-none-eabi/5.4.1/../../../../arm-none-eabi/lib/armv6-m/crt0.o
START GROUP
LOAD .\CortexM0\ARM_GCC_541\Debug\main.o
LOAD .\CortexM0\ARM_GCC_541\Debug\cyfitter_cfg.o
LOAD .\CortexM0\ARM_GCC_541\Debug\cymetadata.o
LOAD .\CortexM0\ARM_GCC_541\Debug\Cm0Start.o
LOAD .\CortexM0\ARM_GCC_541\Debug\SkorobohatyiLab4.a
END GROUP
START GROUP
LOAD e:/psoc creator/4.4/psoc creator/import/gnu/arm/5.4.1/bin/../lib/gcc/arm-none-eabi/5.4.1/armv6-m\libgcc.a
LOAD e:/psoc creator/4.4/psoc creator/import/gnu/arm/5.4.1/bin/../lib/gcc/arm-none-eabi/5.4.1/../../../../arm-none-eabi/lib/armv6-m\libg_nano.a
LOAD e:/psoc creator/4.4/psoc creator/import/gnu/arm/5.4.1/bin/../lib/gcc/arm-none-eabi/5.4.1/../../../../arm-none-eabi/lib/armv6-m\libc_nano.a
END GROUP
START GROUP
LOAD e:/psoc creator/4.4/psoc creator/import/gnu/arm/5.4.1/bin/../lib/gcc/arm-none-eabi/5.4.1/armv6-m\libgcc.a
LOAD e:/psoc creator/4.4/psoc creator/import/gnu/arm/5.4.1/bin/../lib/gcc/arm-none-eabi/5.4.1/../../../../arm-none-eabi/lib/armv6-m\libc_nano.a
END GROUP
LOAD e:/psoc creator/4.4/psoc creator/import/gnu/arm/5.4.1/bin/../lib/gcc/arm-none-eabi/5.4.1/armv6-m/crtend.o
LOAD e:/psoc creator/4.4/psoc creator/import/gnu/arm/5.4.1/bin/../lib/gcc/arm-none-eabi/5.4.1/armv6-m/crtn.o
START GROUP
LOAD e:/psoc creator/4.4/psoc creator/import/gnu/arm/5.4.1/bin/../lib/gcc/arm-none-eabi/5.4.1/armv6-m\libgcc.a
LOAD e:/psoc creator/4.4/psoc creator/import/gnu/arm/5.4.1/bin/../lib/gcc/arm-none-eabi/5.4.1/../../../../arm-none-eabi/lib/armv6-m\libc.a
LOAD e:/psoc creator/4.4/psoc creator/import/gnu/arm/5.4.1/bin/../lib/gcc/arm-none-eabi/5.4.1/../../../../arm-none-eabi/lib/armv6-m\libnosys.a
END GROUP
                0x00000000                CY_APPL_ORIGIN = 0x0
                0x00000080                CY_FLASH_ROW_SIZE = 0x80
                0x00000001                CY_APPL_NUM = 0x1
                0x00000001                CY_APPL_MAX = 0x1
                0x00000040                CY_METADATA_SIZE = 0x40
                0x00000000                CY_APPL_LOADABLE = 0x0
                0x00000000                CY_CHECKSUM_EXCLUDE_SIZE = ALIGN (0x0, CY_FLASH_ROW_SIZE)
                0x00000000                CY_APP_FOR_STACK_AND_COPIER = 0x0
                [!provide]                PROVIDE (__cy_heap_start, _end)
                0x00000001                PROVIDE (__cy_region_num, ((__cy_regions_end - __cy_regions) / 0x10))
                0x20001000                PROVIDE (__cy_stack, (ORIGIN (ram) + LENGTH (ram)))
                [!provide]                PROVIDE (__cy_heap_end, (__cy_stack - 0x400))

.cybootloader   0x00000000        0x0
 *(.cybootloader)
                0x00000000                appl1_start = CY_APPL_ORIGIN?CY_APPL_ORIGIN:ALIGN (CY_FLASH_ROW_SIZE)
                0x00003f80                appl2_start = (appl1_start + ALIGN ((((LENGTH (rom) - appl1_start) - (0x2 * CY_FLASH_ROW_SIZE)) / 0x2), CY_FLASH_ROW_SIZE))
                0x00000000                appl_start = (CY_APPL_NUM == 0x1)?appl1_start:appl2_start
                0x00000001                cy_project_type_bootloader = (appl_start == 0x0)?0x1:0x0
                0x00000000                cy_project_type_app_for_stack_and_copier = (CY_APP_FOR_STACK_AND_COPIER == 0x1)?0x1:0x0

.text           0x00000000      0x824
 CREATE_OBJECT_SYMBOLS
                0x00000000                PROVIDE (__cy_interrupt_vector, RomVectors)
 *(.romvectors)
 .romvectors    0x00000000       0x10 .\CortexM0\ARM_GCC_541\Debug\Cm0Start.o
                0x00000000                RomVectors
                0x00000001                ASSERT ((. != __cy_interrupt_vector), No interrupt vector)
                0x00000001                ASSERT (CY_APPL_ORIGIN?(SIZEOF (.cybootloader) <= CY_APPL_ORIGIN):0x1, Wrong image location)
                0x00000010                PROVIDE (__cy_reset, Reset)
 *(.text.Reset)
 .text.Reset    0x00000010        0x8 .\CortexM0\ARM_GCC_541\Debug\Cm0Start.o
                0x00000010                Reset
                0x00000001                ASSERT ((. != __cy_reset), No reset code)
 *(.psocinit)
 .psocinit      0x00000018      0x128 .\CortexM0\ARM_GCC_541\Debug\cyfitter_cfg.o
                0x00000074                cyfitter_cfg
                0x00000140                . = MAX (., 0x100)
 *(.text .text.* .gnu.linkonce.t.*)
 .text          0x00000140       0x60 e:/psoc creator/4.4/psoc creator/import/gnu/arm/5.4.1/bin/../lib/gcc/arm-none-eabi/5.4.1/armv6-m/crtbegin.o
 .text.FourDigit74HC595_sendData
                0x000001a0       0x34 .\CortexM0\ARM_GCC_541\Debug\main.o
 .text.FourDigit74HC595_sendOneDigit
                0x000001d4       0x50 .\CortexM0\ARM_GCC_541\Debug\main.o
 .text.ScanMatrixKeypad
                0x00000224       0x98 .\CortexM0\ARM_GCC_541\Debug\main.o
                0x00000224                ScanMatrixKeypad
 .text.main     0x000002bc       0x28 .\CortexM0\ARM_GCC_541\Debug\main.o
                0x000002bc                main
 .text.CYMEMZERO
                0x000002e4        0xc .\CortexM0\ARM_GCC_541\Debug\cyfitter_cfg.o
 .text.IntDefaultHandler
                0x000002f0       0x10 .\CortexM0\ARM_GCC_541\Debug\Cm0Start.o
                0x000002f0                IntDefaultHandler
 .text.Start_c  0x00000300       0x48 .\CortexM0\ARM_GCC_541\Debug\Cm0Start.o
                0x00000300                Start_c
 .text.initialize_psoc
                0x00000348       0x40 .\CortexM0\ARM_GCC_541\Debug\Cm0Start.o
                0x00000348                initialize_psoc
 .text.CyIntEnable
                0x00000388       0x14 .\CortexM0\ARM_GCC_541\Debug\SkorobohatyiLab4.a(CyLib.o)
                0x00000388                CyIntEnable
 .text.CyHalt   0x0000039c        0x4 .\CortexM0\ARM_GCC_541\Debug\SkorobohatyiLab4.a(CyLib.o)
                0x0000039c                CyHalt
 .text.CyIntSetVector
                0x000003a0       0x24 .\CortexM0\ARM_GCC_541\Debug\SkorobohatyiLab4.a(CyLib.o)
                0x000003a0                CyIntSetVector
 .text.CyDelay  0x000003c4       0x30 .\CortexM0\ARM_GCC_541\Debug\SkorobohatyiLab4.a(CyLib.o)
                0x000003c4                CyDelay
 .text.CyDelayUs
                0x000003f4       0x14 .\CortexM0\ARM_GCC_541\Debug\SkorobohatyiLab4.a(CyLib.o)
                0x000003f4                CyDelayUs
 .text.CySysClkWriteImoFreq
                0x00000408      0x164 .\CortexM0\ARM_GCC_541\Debug\SkorobohatyiLab4.a(CyLib.o)
                0x00000408                CySysClkWriteImoFreq
 .text.CySysWdtLocked
                0x0000056c       0x14 .\CortexM0\ARM_GCC_541\Debug\SkorobohatyiLab4.a(CyLFClk.o)
 .text.CySysWdtLock
                0x00000580       0x1c .\CortexM0\ARM_GCC_541\Debug\SkorobohatyiLab4.a(CyLFClk.o)
                0x00000580                CySysWdtLock
 .text.CySysWdtUnlock
                0x0000059c       0x30 .\CortexM0\ARM_GCC_541\Debug\SkorobohatyiLab4.a(CyLFClk.o)
                0x0000059c                CySysWdtUnlock
 .text.CySysWdtClearInterrupt
                0x000005cc       0x4c .\CortexM0\ARM_GCC_541\Debug\SkorobohatyiLab4.a(CyLFClk.o)
                0x000005cc                CySysWdtClearInterrupt
 .text.CySysWdtIsr
                0x00000618       0xa4 .\CortexM0\ARM_GCC_541\Debug\SkorobohatyiLab4.a(CyLFClk.o)
                0x00000618                CySysWdtIsr
 .text.COLUMN_0_Read
                0x000006bc       0x10 .\CortexM0\ARM_GCC_541\Debug\SkorobohatyiLab4.a(COLUMN_0.o)
                0x000006bc                COLUMN_0_Read
 .text.COLUMN_1_Read
                0x000006cc       0x10 .\CortexM0\ARM_GCC_541\Debug\SkorobohatyiLab4.a(COLUMN_1.o)
                0x000006cc                COLUMN_1_Read
 .text.COLUMN_2_Read
                0x000006dc       0x10 .\CortexM0\ARM_GCC_541\Debug\SkorobohatyiLab4.a(COLUMN_2.o)
                0x000006dc                COLUMN_2_Read
 .text.ROW_0_Write
                0x000006ec       0x18 .\CortexM0\ARM_GCC_541\Debug\SkorobohatyiLab4.a(ROW_0.o)
                0x000006ec                ROW_0_Write
 .text.ROW_1_Write
                0x00000704       0x18 .\CortexM0\ARM_GCC_541\Debug\SkorobohatyiLab4.a(ROW_1.o)
                0x00000704                ROW_1_Write
 .text.ROW_2_Write
                0x0000071c       0x18 .\CortexM0\ARM_GCC_541\Debug\SkorobohatyiLab4.a(ROW_2.o)
                0x0000071c                ROW_2_Write
 .text.ROW_3_Write
                0x00000734       0x18 .\CortexM0\ARM_GCC_541\Debug\SkorobohatyiLab4.a(ROW_3.o)
                0x00000734                ROW_3_Write
 .text.Pin_Latch_Write
                0x0000074c       0x18 .\CortexM0\ARM_GCC_541\Debug\SkorobohatyiLab4.a(Pin_Latch.o)
                0x0000074c                Pin_Latch_Write
 .text.Pin_CLK_Write
                0x00000764       0x18 .\CortexM0\ARM_GCC_541\Debug\SkorobohatyiLab4.a(Pin_CLK.o)
                0x00000764                Pin_CLK_Write
 .text.Pin_DO_Write
                0x0000077c       0x18 .\CortexM0\ARM_GCC_541\Debug\SkorobohatyiLab4.a(Pin_DO.o)
                0x0000077c                Pin_DO_Write
 *fill*         0x00000794        0x4 
 .text          0x00000798       0x24 .\CortexM0\ARM_GCC_541\Debug\SkorobohatyiLab4.a(CyBootAsmGnu.o)
                0x00000798                CyDelayCycles
                0x000007ac                CyEnterCriticalSection
                0x000007b4                CyExitCriticalSection
 .text.__errno  0x000007bc        0xc e:/psoc creator/4.4/psoc creator/import/gnu/arm/5.4.1/bin/../lib/gcc/arm-none-eabi/5.4.1/../../../../arm-none-eabi/lib/armv6-m\libg_nano.a(lib_a-errno.o)
                0x000007bc                __errno
 .text.__libc_init_array
                0x000007c8       0x4c e:/psoc creator/4.4/psoc creator/import/gnu/arm/5.4.1/bin/../lib/gcc/arm-none-eabi/5.4.1/../../../../arm-none-eabi/lib/armv6-m\libg_nano.a(lib_a-init.o)
                0x000007c8                __libc_init_array
 .text.memset   0x00000814       0x10 e:/psoc creator/4.4/psoc creator/import/gnu/arm/5.4.1/bin/../lib/gcc/arm-none-eabi/5.4.1/../../../../arm-none-eabi/lib/armv6-m\libg_nano.a(lib_a-memset.o)
                0x00000814                memset
 *(.plt)
 *(.gnu.warning)
 *(.glue_7t)
 .glue_7t       0x00000824        0x0 linker stubs
 *(.glue_7)
 .glue_7        0x00000824        0x0 linker stubs
 *(.vfp11_veneer)
 .vfp11_veneer  0x00000824        0x0 linker stubs
 *(.bootloader)
 *(.ARM.extab* .gnu.linkonce.armextab.*)
 *(.gcc_except_table)

.v4_bx          0x00000824        0x0
 .v4_bx         0x00000824        0x0 linker stubs

.iplt           0x00000824        0x0
 .iplt          0x00000824        0x0 e:/psoc creator/4.4/psoc creator/import/gnu/arm/5.4.1/bin/../lib/gcc/arm-none-eabi/5.4.1/armv6-m/crtbegin.o

.eh_frame_hdr
 *(.eh_frame_hdr)

.eh_frame       0x00000824        0x4
 *(.eh_frame)
 .eh_frame      0x00000824        0x0 e:/psoc creator/4.4/psoc creator/import/gnu/arm/5.4.1/bin/../lib/gcc/arm-none-eabi/5.4.1/armv6-m/crtbegin.o
 .eh_frame      0x00000824        0x4 e:/psoc creator/4.4/psoc creator/import/gnu/arm/5.4.1/bin/../lib/gcc/arm-none-eabi/5.4.1/armv6-m/crtend.o
                [!provide]                PROVIDE (__exidx_start, .)

.ARM.exidx
 *(.ARM.exidx* .gnu.linkonce.armexidx.*)
                0x00000828                __exidx_end = .

.rodata         0x00000828       0x90
 *(.rodata .rodata.* .gnu.linkonce.r.*)
 .rodata        0x00000828       0x20 .\CortexM0\ARM_GCC_541\Debug\main.o
                0x0000083c                keyMap
 .rodata        0x00000848        0xc .\CortexM0\ARM_GCC_541\Debug\cyfitter_cfg.o
 .rodata        0x00000854       0x2e .\CortexM0\ARM_GCC_541\Debug\SkorobohatyiLab4.a(CyLib.o)
                0x00000854                cyImoFreqMhz2Reg
 .rodata.str1.1
                0x00000882        0x2 e:/psoc creator/4.4/psoc creator/import/gnu/arm/5.4.1/bin/../lib/gcc/arm-none-eabi/5.4.1/../../../../arm-none-eabi/lib/armv6-m\libg_nano.a(lib_a-impure.o)
                0x00000884                . = ALIGN (0x4)
 *(.init)
 .init          0x00000884        0x4 e:/psoc creator/4.4/psoc creator/import/gnu/arm/5.4.1/bin/../lib/gcc/arm-none-eabi/5.4.1/armv6-m/crti.o
                0x00000884                _init
 .init          0x00000888        0x8 e:/psoc creator/4.4/psoc creator/import/gnu/arm/5.4.1/bin/../lib/gcc/arm-none-eabi/5.4.1/armv6-m/crtn.o
                0x00000890                . = ALIGN (0x4)
                0x00000890                __preinit_array_start = .
 *(.preinit_array)
                0x00000890                __preinit_array_end = .
                0x00000890                . = ALIGN (0x4)
                0x00000890                __init_array_start = .
 *(SORT(.init_array.*))
 *(.init_array)
 .init_array    0x00000890        0x4 e:/psoc creator/4.4/psoc creator/import/gnu/arm/5.4.1/bin/../lib/gcc/arm-none-eabi/5.4.1/armv6-m/crtbegin.o
 .init_array    0x00000894        0x4 .\CortexM0\ARM_GCC_541\Debug\Cm0Start.o
                0x00000898                __init_array_end = .
                0x00000898                . = ALIGN (0x4)
 *(.fini)
 .fini          0x00000898        0x4 e:/psoc creator/4.4/psoc creator/import/gnu/arm/5.4.1/bin/../lib/gcc/arm-none-eabi/5.4.1/armv6-m/crti.o
                0x00000898                _fini
 .fini          0x0000089c        0x8 e:/psoc creator/4.4/psoc creator/import/gnu/arm/5.4.1/bin/../lib/gcc/arm-none-eabi/5.4.1/armv6-m/crtn.o
                0x000008a4                . = ALIGN (0x4)
                0x000008a4                __fini_array_start = .
 *(.fini_array)
 .fini_array    0x000008a4        0x4 e:/psoc creator/4.4/psoc creator/import/gnu/arm/5.4.1/bin/../lib/gcc/arm-none-eabi/5.4.1/armv6-m/crtbegin.o
 *(SORT(.fini_array.*))
                0x000008a8                __fini_array_end = .
                0x000008a8                . = ALIGN (0x4)
 *crtbegin.o(.ctors)
 *(EXCLUDE_FILE(*crtend.o) .ctors)
 *(SORT(.ctors.*))
 *crtend.o(.ctors)
                0x000008a8                . = ALIGN (0x4)
 *crtbegin.o(.dtors)
 *(EXCLUDE_FILE(*crtend.o) .dtors)
 *(SORT(.dtors.*))
 *crtend.o(.dtors)
                0x000008a8                . = ALIGN (0x4)
                0x000008a8                __cy_regions = .
                0x000008a8        0x4 LONG 0x8b8 __cy_region_init_ram
                0x000008ac        0x4 LONG 0x200000c0 __cy_region_start_data
                0x000008b0        0x4 LONG 0x80 __cy_region_init_size_ram
                0x000008b4        0x4 LONG 0x40 __cy_region_zero_size_ram
                0x000008b8                __cy_regions_end = .
                0x000008b8                . = ALIGN (0x8)
                0x000008b8                _etext = .

.cy_checksum_exclude
                0x000008b8        0x0
 *(.cy_checksum_exclude)

.ramvectors     0x20000000       0xc0
                0x20000000                __cy_region_start_ram = .
 *(.ramvectors)
 .ramvectors    0x20000000       0xc0 .\CortexM0\ARM_GCC_541\Debug\Cm0Start.o
                0x20000000                CyRamVectors

.noinit
 *(.noinit)

.data           0x200000c0       0x80 load address 0x000008b8
                0x200000c0                __cy_region_start_data = .
 *(.jcr)
 .jcr           0x200000c0        0x0 e:/psoc creator/4.4/psoc creator/import/gnu/arm/5.4.1/bin/../lib/gcc/arm-none-eabi/5.4.1/armv6-m/crtbegin.o
 .jcr           0x200000c0        0x4 e:/psoc creator/4.4/psoc creator/import/gnu/arm/5.4.1/bin/../lib/gcc/arm-none-eabi/5.4.1/armv6-m/crtend.o
 *(.got.plt)
 *(.got)
 *(.shdata)
 *(.data .data.* .gnu.linkonce.d.*)
 .data          0x200000c4       0x14 .\CortexM0\ARM_GCC_541\Debug\SkorobohatyiLab4.a(CyLib.o)
                0x200000c4                CySysClkPumpConfig
                0x200000c8                cydelay32kMs
                0x200000cc                cydelayFreqKhz
                0x200000d0                cydelayFreqMhz
                0x200000d4                cydelayFreqHz
 .data          0x200000d8        0x4 .\CortexM0\ARM_GCC_541\Debug\SkorobohatyiLab4.a(CyLFClk.o)
 .data.impure_data
                0x200000dc       0x60 e:/psoc creator/4.4/psoc creator/import/gnu/arm/5.4.1/bin/../lib/gcc/arm-none-eabi/5.4.1/../../../../arm-none-eabi/lib/armv6-m\libg_nano.a(lib_a-impure.o)
 .data._impure_ptr
                0x2000013c        0x4 e:/psoc creator/4.4/psoc creator/import/gnu/arm/5.4.1/bin/../lib/gcc/arm-none-eabi/5.4.1/../../../../arm-none-eabi/lib/armv6-m\libg_nano.a(lib_a-impure.o)
                0x2000013c                _impure_ptr
                0x20000140                . = ALIGN (0x8)
 *(.ram)
                0x20000140                _edata = .

.igot.plt       0x20000140        0x0 load address 0x00000938
 .igot.plt      0x20000140        0x0 e:/psoc creator/4.4/psoc creator/import/gnu/arm/5.4.1/bin/../lib/gcc/arm-none-eabi/5.4.1/armv6-m/crtbegin.o

.bss            0x20000140       0x40 load address 0x00000938
                0x20000140                PROVIDE (__bss_start__, .)
 *(.shbss)
 *(.bss .bss.* .gnu.linkonce.b.*)
 .bss           0x20000140       0x1c e:/psoc creator/4.4/psoc creator/import/gnu/arm/5.4.1/bin/../lib/gcc/arm-none-eabi/5.4.1/armv6-m/crtbegin.o
 .bss           0x2000015c       0x20 .\CortexM0\ARM_GCC_541\Debug\SkorobohatyiLab4.a(CyLFClk.o)
 *(COMMON)
                0x20000180                . = ALIGN (0x8)
 *fill*         0x2000017c        0x4 
 *(.ram.b)
                0x20000180                _end = .
                0x20000180                __end = .
                0x20000180                PROVIDE (end, .)
                0x20000180                PROVIDE (__bss_end__, .)
                0x000008b8                __cy_region_init_ram = LOADADDR (.data)
                0x00000080                __cy_region_init_size_ram = (_edata - ADDR (.data))
                0x00000040                __cy_region_zero_size_ram = (_end - _edata)

.heap           0x20000180       0x80 load address 0x00000938
                0x20000180                . = _end
                0x20000200                . = (. + 0x80)
 *fill*         0x20000180       0x80 
                0x20000200                __cy_heap_limit = .

.stack          0x20000c00      0x400
                0x20000c00                __cy_stack_limit = .
                0x20001000                . = (. + 0x400)
 *fill*         0x20000c00      0x400 
                0x00000001                ASSERT ((__cy_stack_limit >= __cy_heap_limit), region RAM overflowed with stack)
                0x00000000                cy_checksum_exclude_size = (CY_APPL_LOADABLE == 0x1)?SIZEOF (.cy_checksum_exclude):0x0
                0x00000001                ASSERT ((cy_checksum_exclude_size <= CY_CHECKSUM_EXCLUDE_SIZE), CY_BOOT: Section .cy_checksum_exclude size exceedes specified limit.)
                0x00007fc0                cyloadermeta_start = (cy_project_type_bootloader || cy_project_type_app_for_stack_and_copier)?(LENGTH (rom) - CY_METADATA_SIZE):0xf0000000

.cyloadermeta
 *(.cyloadermeta)
                0x00007fc0                cyloadablemeta_start = cy_project_type_app_for_stack_and_copier?((LENGTH (rom) - CY_FLASH_ROW_SIZE) - CY_METADATA_SIZE):((LENGTH (rom) - (CY_FLASH_ROW_SIZE * (CY_APPL_NUM - 0x1))) - CY_METADATA_SIZE)

.cyloadablemeta
 *(.cyloadablemeta)

.cyflashprotect
                0x90400000       0x20
 *(.cyflashprotect)
 .cyflashprotect
                0x90400000       0x20 .\CortexM0\ARM_GCC_541\Debug\cymetadata.o
                0x90400000                cy_meta_flashprotect

.cymeta         0x90500000        0xc
 *(.cymeta)
 .cymeta        0x90500000        0xc .\CortexM0\ARM_GCC_541\Debug\cymetadata.o
                0x90500000                cy_metadata

.cychipprotect  0x90600000        0x1
 *(.cychipprotect)
 .cychipprotect
                0x90600000        0x1 .\CortexM0\ARM_GCC_541\Debug\cymetadata.o
                0x90600000                cy_meta_chipprotect

.rel.dyn        0x00000938        0x0 load address 0x90600004
 .rel.iplt      0x00000938        0x0 e:/psoc creator/4.4/psoc creator/import/gnu/arm/5.4.1/bin/../lib/gcc/arm-none-eabi/5.4.1/armv6-m/crtbegin.o

.stab
 *(.stab)

.stabstr
 *(.stabstr)

.debug
 *(.debug)

.line
 *(.line)

.debug_srcinfo
 *(.debug_srcinfo)

.debug_sfnames
 *(.debug_sfnames)

.debug_aranges  0x00000000      0x670
 *(.debug_aranges)
 .debug_aranges
                0x00000000       0x38 .\CortexM0\ARM_GCC_541\Debug\main.o
 .debug_aranges
                0x00000038       0x30 .\CortexM0\ARM_GCC_541\Debug\cyfitter_cfg.o
 .debug_aranges
                0x00000068       0x18 .\CortexM0\ARM_GCC_541\Debug\cymetadata.o
 .debug_aranges
                0x00000080       0x48 .\CortexM0\ARM_GCC_541\Debug\Cm0Start.o
 .debug_aranges
                0x000000c8      0x180 .\CortexM0\ARM_GCC_541\Debug\SkorobohatyiLab4.a(CyLib.o)
 .debug_aranges
                0x00000248      0x138 .\CortexM0\ARM_GCC_541\Debug\SkorobohatyiLab4.a(CyLFClk.o)
 .debug_aranges
                0x00000380       0x48 .\CortexM0\ARM_GCC_541\Debug\SkorobohatyiLab4.a(COLUMN_0.o)
 .debug_aranges
                0x000003c8       0x48 .\CortexM0\ARM_GCC_541\Debug\SkorobohatyiLab4.a(COLUMN_1.o)
 .debug_aranges
                0x00000410       0x48 .\CortexM0\ARM_GCC_541\Debug\SkorobohatyiLab4.a(COLUMN_2.o)
 .debug_aranges
                0x00000458       0x48 .\CortexM0\ARM_GCC_541\Debug\SkorobohatyiLab4.a(ROW_0.o)
 .debug_aranges
                0x000004a0       0x48 .\CortexM0\ARM_GCC_541\Debug\SkorobohatyiLab4.a(ROW_1.o)
 .debug_aranges
                0x000004e8       0x48 .\CortexM0\ARM_GCC_541\Debug\SkorobohatyiLab4.a(ROW_2.o)
 .debug_aranges
                0x00000530       0x48 .\CortexM0\ARM_GCC_541\Debug\SkorobohatyiLab4.a(ROW_3.o)
 .debug_aranges
                0x00000578       0x48 .\CortexM0\ARM_GCC_541\Debug\SkorobohatyiLab4.a(Pin_Latch.o)
 .debug_aranges
                0x000005c0       0x48 .\CortexM0\ARM_GCC_541\Debug\SkorobohatyiLab4.a(Pin_CLK.o)
 .debug_aranges
                0x00000608       0x48 .\CortexM0\ARM_GCC_541\Debug\SkorobohatyiLab4.a(Pin_DO.o)
 .debug_aranges
                0x00000650       0x20 .\CortexM0\ARM_GCC_541\Debug\SkorobohatyiLab4.a(CyBootAsmGnu.o)

.debug_pubnames
 *(.debug_pubnames)

.debug_info     0x00000000     0x3404
 *(.debug_info .gnu.linkonce.wi.*)
 .debug_info    0x00000000      0x453 .\CortexM0\ARM_GCC_541\Debug\main.o
 .debug_info    0x00000453      0x278 .\CortexM0\ARM_GCC_541\Debug\cyfitter_cfg.o
 .debug_info    0x000006cb       0xf8 .\CortexM0\ARM_GCC_541\Debug\cymetadata.o
 .debug_info    0x000007c3      0x3a2 .\CortexM0\ARM_GCC_541\Debug\Cm0Start.o
 .debug_info    0x00000b65      0xaed .\CortexM0\ARM_GCC_541\Debug\SkorobohatyiLab4.a(CyLib.o)
 .debug_info    0x00001652      0xcfe .\CortexM0\ARM_GCC_541\Debug\SkorobohatyiLab4.a(CyLFClk.o)
 .debug_info    0x00002350      0x19b .\CortexM0\ARM_GCC_541\Debug\SkorobohatyiLab4.a(COLUMN_0.o)
 .debug_info    0x000024eb      0x19d .\CortexM0\ARM_GCC_541\Debug\SkorobohatyiLab4.a(COLUMN_1.o)
 .debug_info    0x00002688      0x19b .\CortexM0\ARM_GCC_541\Debug\SkorobohatyiLab4.a(COLUMN_2.o)
 .debug_info    0x00002823      0x19d .\CortexM0\ARM_GCC_541\Debug\SkorobohatyiLab4.a(ROW_0.o)
 .debug_info    0x000029c0      0x19d .\CortexM0\ARM_GCC_541\Debug\SkorobohatyiLab4.a(ROW_1.o)
 .debug_info    0x00002b5d      0x19d .\CortexM0\ARM_GCC_541\Debug\SkorobohatyiLab4.a(ROW_2.o)
 .debug_info    0x00002cfa      0x19d .\CortexM0\ARM_GCC_541\Debug\SkorobohatyiLab4.a(ROW_3.o)
 .debug_info    0x00002e97      0x19d .\CortexM0\ARM_GCC_541\Debug\SkorobohatyiLab4.a(Pin_Latch.o)
 .debug_info    0x00003034      0x19d .\CortexM0\ARM_GCC_541\Debug\SkorobohatyiLab4.a(Pin_CLK.o)
 .debug_info    0x000031d1      0x19b .\CortexM0\ARM_GCC_541\Debug\SkorobohatyiLab4.a(Pin_DO.o)
 .debug_info    0x0000336c       0x98 .\CortexM0\ARM_GCC_541\Debug\SkorobohatyiLab4.a(CyBootAsmGnu.o)

.debug_abbrev   0x00000000     0x1093
 *(.debug_abbrev)
 .debug_abbrev  0x00000000      0x148 .\CortexM0\ARM_GCC_541\Debug\main.o
 .debug_abbrev  0x00000148      0x150 .\CortexM0\ARM_GCC_541\Debug\cyfitter_cfg.o
 .debug_abbrev  0x00000298       0x5d .\CortexM0\ARM_GCC_541\Debug\cymetadata.o
 .debug_abbrev  0x000002f5      0x1d7 .\CortexM0\ARM_GCC_541\Debug\Cm0Start.o
 .debug_abbrev  0x000004cc      0x1d3 .\CortexM0\ARM_GCC_541\Debug\SkorobohatyiLab4.a(CyLib.o)
 .debug_abbrev  0x0000069f      0x210 .\CortexM0\ARM_GCC_541\Debug\SkorobohatyiLab4.a(CyLFClk.o)
 .debug_abbrev  0x000008af       0xc8 .\CortexM0\ARM_GCC_541\Debug\SkorobohatyiLab4.a(COLUMN_0.o)
 .debug_abbrev  0x00000977       0xc8 .\CortexM0\ARM_GCC_541\Debug\SkorobohatyiLab4.a(COLUMN_1.o)
 .debug_abbrev  0x00000a3f       0xc8 .\CortexM0\ARM_GCC_541\Debug\SkorobohatyiLab4.a(COLUMN_2.o)
 .debug_abbrev  0x00000b07       0xc8 .\CortexM0\ARM_GCC_541\Debug\SkorobohatyiLab4.a(ROW_0.o)
 .debug_abbrev  0x00000bcf       0xc8 .\CortexM0\ARM_GCC_541\Debug\SkorobohatyiLab4.a(ROW_1.o)
 .debug_abbrev  0x00000c97       0xc8 .\CortexM0\ARM_GCC_541\Debug\SkorobohatyiLab4.a(ROW_2.o)
 .debug_abbrev  0x00000d5f       0xc8 .\CortexM0\ARM_GCC_541\Debug\SkorobohatyiLab4.a(ROW_3.o)
 .debug_abbrev  0x00000e27       0xc8 .\CortexM0\ARM_GCC_541\Debug\SkorobohatyiLab4.a(Pin_Latch.o)
 .debug_abbrev  0x00000eef       0xc8 .\CortexM0\ARM_GCC_541\Debug\SkorobohatyiLab4.a(Pin_CLK.o)
 .debug_abbrev  0x00000fb7       0xc8 .\CortexM0\ARM_GCC_541\Debug\SkorobohatyiLab4.a(Pin_DO.o)
 .debug_abbrev  0x0000107f       0x14 .\CortexM0\ARM_GCC_541\Debug\SkorobohatyiLab4.a(CyBootAsmGnu.o)

.debug_line     0x00000000     0x1702
 *(.debug_line)
 .debug_line    0x00000000      0x247 .\CortexM0\ARM_GCC_541\Debug\main.o
 .debug_line    0x00000247      0x117 .\CortexM0\ARM_GCC_541\Debug\cyfitter_cfg.o
 .debug_line    0x0000035e      0x109 .\CortexM0\ARM_GCC_541\Debug\cymetadata.o
 .debug_line    0x00000467      0x1fd .\CortexM0\ARM_GCC_541\Debug\Cm0Start.o
 .debug_line    0x00000664      0x460 .\CortexM0\ARM_GCC_541\Debug\SkorobohatyiLab4.a(CyLib.o)
 .debug_line    0x00000ac4      0x466 .\CortexM0\ARM_GCC_541\Debug\SkorobohatyiLab4.a(CyLFClk.o)
 .debug_line    0x00000f2a       0xbf .\CortexM0\ARM_GCC_541\Debug\SkorobohatyiLab4.a(COLUMN_0.o)
 .debug_line    0x00000fe9       0xc0 .\CortexM0\ARM_GCC_541\Debug\SkorobohatyiLab4.a(COLUMN_1.o)
 .debug_line    0x000010a9       0xbf .\CortexM0\ARM_GCC_541\Debug\SkorobohatyiLab4.a(COLUMN_2.o)
 .debug_line    0x00001168       0xbd .\CortexM0\ARM_GCC_541\Debug\SkorobohatyiLab4.a(ROW_0.o)
 .debug_line    0x00001225       0xbd .\CortexM0\ARM_GCC_541\Debug\SkorobohatyiLab4.a(ROW_1.o)
 .debug_line    0x000012e2       0xbd .\CortexM0\ARM_GCC_541\Debug\SkorobohatyiLab4.a(ROW_2.o)
 .debug_line    0x0000139f       0xbd .\CortexM0\ARM_GCC_541\Debug\SkorobohatyiLab4.a(ROW_3.o)
 .debug_line    0x0000145c       0xc1 .\CortexM0\ARM_GCC_541\Debug\SkorobohatyiLab4.a(Pin_Latch.o)
 .debug_line    0x0000151d       0xbf .\CortexM0\ARM_GCC_541\Debug\SkorobohatyiLab4.a(Pin_CLK.o)
 .debug_line    0x000015dc       0xbd .\CortexM0\ARM_GCC_541\Debug\SkorobohatyiLab4.a(Pin_DO.o)
 .debug_line    0x00001699       0x69 .\CortexM0\ARM_GCC_541\Debug\SkorobohatyiLab4.a(CyBootAsmGnu.o)

.debug_frame    0x00000000      0xe4c
 *(.debug_frame)
 .debug_frame   0x00000000       0x8c .\CortexM0\ARM_GCC_541\Debug\main.o
 .debug_frame   0x0000008c       0x68 .\CortexM0\ARM_GCC_541\Debug\cyfitter_cfg.o
 .debug_frame   0x000000f4       0xbc .\CortexM0\ARM_GCC_541\Debug\Cm0Start.o
 .debug_frame   0x000001b0      0x3e0 .\CortexM0\ARM_GCC_541\Debug\SkorobohatyiLab4.a(CyLib.o)
 .debug_frame   0x00000590      0x3a8 .\CortexM0\ARM_GCC_541\Debug\SkorobohatyiLab4.a(CyLFClk.o)
 .debug_frame   0x00000938       0x70 .\CortexM0\ARM_GCC_541\Debug\SkorobohatyiLab4.a(COLUMN_0.o)
 .debug_frame   0x000009a8       0x70 .\CortexM0\ARM_GCC_541\Debug\SkorobohatyiLab4.a(COLUMN_1.o)
 .debug_frame   0x00000a18       0x70 .\CortexM0\ARM_GCC_541\Debug\SkorobohatyiLab4.a(COLUMN_2.o)
 .debug_frame   0x00000a88       0x70 .\CortexM0\ARM_GCC_541\Debug\SkorobohatyiLab4.a(ROW_0.o)
 .debug_frame   0x00000af8       0x70 .\CortexM0\ARM_GCC_541\Debug\SkorobohatyiLab4.a(ROW_1.o)
 .debug_frame   0x00000b68       0x70 .\CortexM0\ARM_GCC_541\Debug\SkorobohatyiLab4.a(ROW_2.o)
 .debug_frame   0x00000bd8       0x70 .\CortexM0\ARM_GCC_541\Debug\SkorobohatyiLab4.a(ROW_3.o)
 .debug_frame   0x00000c48       0x70 .\CortexM0\ARM_GCC_541\Debug\SkorobohatyiLab4.a(Pin_Latch.o)
 .debug_frame   0x00000cb8       0x70 .\CortexM0\ARM_GCC_541\Debug\SkorobohatyiLab4.a(Pin_CLK.o)
 .debug_frame   0x00000d28       0x70 .\CortexM0\ARM_GCC_541\Debug\SkorobohatyiLab4.a(Pin_DO.o)
 .debug_frame   0x00000d98       0x20 e:/psoc creator/4.4/psoc creator/import/gnu/arm/5.4.1/bin/../lib/gcc/arm-none-eabi/5.4.1/armv6-m\libgcc.a(_udivsi3.o)
 .debug_frame   0x00000db8       0x20 e:/psoc creator/4.4/psoc creator/import/gnu/arm/5.4.1/bin/../lib/gcc/arm-none-eabi/5.4.1/../../../../arm-none-eabi/lib/armv6-m\libg_nano.a(lib_a-errno.o)
 .debug_frame   0x00000dd8       0x28 e:/psoc creator/4.4/psoc creator/import/gnu/arm/5.4.1/bin/../lib/gcc/arm-none-eabi/5.4.1/../../../../arm-none-eabi/lib/armv6-m\libg_nano.a(lib_a-exit.o)
 .debug_frame   0x00000e00       0x2c e:/psoc creator/4.4/psoc creator/import/gnu/arm/5.4.1/bin/../lib/gcc/arm-none-eabi/5.4.1/../../../../arm-none-eabi/lib/armv6-m\libg_nano.a(lib_a-init.o)
 .debug_frame   0x00000e2c       0x20 e:/psoc creator/4.4/psoc creator/import/gnu/arm/5.4.1/bin/../lib/gcc/arm-none-eabi/5.4.1/../../../../arm-none-eabi/lib/armv6-m\libg_nano.a(lib_a-memset.o)

.debug_str      0x00000000     0x1405
 *(.debug_str)
 .debug_str     0x00000000      0x270 .\CortexM0\ARM_GCC_541\Debug\main.o
                                0x2bd (size before relaxing)
 .debug_str     0x00000270       0xc2 .\CortexM0\ARM_GCC_541\Debug\cyfitter_cfg.o
                                0x252 (size before relaxing)
 .debug_str     0x00000332       0x59 .\CortexM0\ARM_GCC_541\Debug\cymetadata.o
                                0x1d0 (size before relaxing)
 .debug_str     0x0000038b      0x140 .\CortexM0\ARM_GCC_541\Debug\Cm0Start.o
                                0x309 (size before relaxing)
 .debug_str     0x000004cb      0x4be .\CortexM0\ARM_GCC_541\Debug\SkorobohatyiLab4.a(CyLib.o)
                                0x6be (size before relaxing)
 .debug_str     0x00000989      0x530 .\CortexM0\ARM_GCC_541\Debug\SkorobohatyiLab4.a(CyLFClk.o)
                                0x745 (size before relaxing)
 .debug_str     0x00000eb9       0xa9 .\CortexM0\ARM_GCC_541\Debug\SkorobohatyiLab4.a(COLUMN_0.o)
                                0x253 (size before relaxing)
 .debug_str     0x00000f62       0x8e .\CortexM0\ARM_GCC_541\Debug\SkorobohatyiLab4.a(COLUMN_1.o)
                                0x253 (size before relaxing)
 .debug_str     0x00000ff0       0x8e .\CortexM0\ARM_GCC_541\Debug\SkorobohatyiLab4.a(COLUMN_2.o)
                                0x253 (size before relaxing)
 .debug_str     0x0000107e       0x7b .\CortexM0\ARM_GCC_541\Debug\SkorobohatyiLab4.a(ROW_0.o)
                                0x23e (size before relaxing)
 .debug_str     0x000010f9       0x7b .\CortexM0\ARM_GCC_541\Debug\SkorobohatyiLab4.a(ROW_1.o)
                                0x23e (size before relaxing)
 .debug_str     0x00001174       0x7b .\CortexM0\ARM_GCC_541\Debug\SkorobohatyiLab4.a(ROW_2.o)
                                0x23e (size before relaxing)
 .debug_str     0x000011ef       0x7b .\CortexM0\ARM_GCC_541\Debug\SkorobohatyiLab4.a(ROW_3.o)
                                0x23e (size before relaxing)
 .debug_str     0x0000126a       0x93 .\CortexM0\ARM_GCC_541\Debug\SkorobohatyiLab4.a(Pin_Latch.o)
                                0x25a (size before relaxing)
 .debug_str     0x000012fd       0x87 .\CortexM0\ARM_GCC_541\Debug\SkorobohatyiLab4.a(Pin_CLK.o)
                                0x24c (size before relaxing)
 .debug_str     0x00001384       0x81 .\CortexM0\ARM_GCC_541\Debug\SkorobohatyiLab4.a(Pin_DO.o)
                                0x245 (size before relaxing)

.debug_loc      0x00000000     0x186d
 *(.debug_loc)
 .debug_loc     0x00000000      0x136 .\CortexM0\ARM_GCC_541\Debug\main.o
 .debug_loc     0x00000136       0xa9 .\CortexM0\ARM_GCC_541\Debug\cyfitter_cfg.o
 .debug_loc     0x000001df      0x14f .\CortexM0\ARM_GCC_541\Debug\Cm0Start.o
 .debug_loc     0x0000032e      0x599 .\CortexM0\ARM_GCC_541\Debug\SkorobohatyiLab4.a(CyLib.o)
 .debug_loc     0x000008c7      0x9b5 .\CortexM0\ARM_GCC_541\Debug\SkorobohatyiLab4.a(CyLFClk.o)
 .debug_loc     0x0000127c       0x81 .\CortexM0\ARM_GCC_541\Debug\SkorobohatyiLab4.a(COLUMN_0.o)
 .debug_loc     0x000012fd       0xa2 .\CortexM0\ARM_GCC_541\Debug\SkorobohatyiLab4.a(COLUMN_1.o)
 .debug_loc     0x0000139f       0x81 .\CortexM0\ARM_GCC_541\Debug\SkorobohatyiLab4.a(COLUMN_2.o)
 .debug_loc     0x00001420       0xa2 .\CortexM0\ARM_GCC_541\Debug\SkorobohatyiLab4.a(ROW_0.o)
 .debug_loc     0x000014c2       0xa2 .\CortexM0\ARM_GCC_541\Debug\SkorobohatyiLab4.a(ROW_1.o)
 .debug_loc     0x00001564       0xa2 .\CortexM0\ARM_GCC_541\Debug\SkorobohatyiLab4.a(ROW_2.o)
 .debug_loc     0x00001606       0xa2 .\CortexM0\ARM_GCC_541\Debug\SkorobohatyiLab4.a(ROW_3.o)
 .debug_loc     0x000016a8       0xa2 .\CortexM0\ARM_GCC_541\Debug\SkorobohatyiLab4.a(Pin_Latch.o)
 .debug_loc     0x0000174a       0xa2 .\CortexM0\ARM_GCC_541\Debug\SkorobohatyiLab4.a(Pin_CLK.o)
 .debug_loc     0x000017ec       0x81 .\CortexM0\ARM_GCC_541\Debug\SkorobohatyiLab4.a(Pin_DO.o)

.debug_macinfo
 *(.debug_macinfo)

.debug_ranges   0x00000000      0x548
 *(.debug_ranges)
 .debug_ranges  0x00000000       0x28 .\CortexM0\ARM_GCC_541\Debug\main.o
 .debug_ranges  0x00000028       0x20 .\CortexM0\ARM_GCC_541\Debug\cyfitter_cfg.o
 .debug_ranges  0x00000048       0x38 .\CortexM0\ARM_GCC_541\Debug\Cm0Start.o
 .debug_ranges  0x00000080      0x170 .\CortexM0\ARM_GCC_541\Debug\SkorobohatyiLab4.a(CyLib.o)
 .debug_ranges  0x000001f0      0x128 .\CortexM0\ARM_GCC_541\Debug\SkorobohatyiLab4.a(CyLFClk.o)
 .debug_ranges  0x00000318       0x38 .\CortexM0\ARM_GCC_541\Debug\SkorobohatyiLab4.a(COLUMN_0.o)
 .debug_ranges  0x00000350       0x38 .\CortexM0\ARM_GCC_541\Debug\SkorobohatyiLab4.a(COLUMN_1.o)
 .debug_ranges  0x00000388       0x38 .\CortexM0\ARM_GCC_541\Debug\SkorobohatyiLab4.a(COLUMN_2.o)
 .debug_ranges  0x000003c0       0x38 .\CortexM0\ARM_GCC_541\Debug\SkorobohatyiLab4.a(ROW_0.o)
 .debug_ranges  0x000003f8       0x38 .\CortexM0\ARM_GCC_541\Debug\SkorobohatyiLab4.a(ROW_1.o)
 .debug_ranges  0x00000430       0x38 .\CortexM0\ARM_GCC_541\Debug\SkorobohatyiLab4.a(ROW_2.o)
 .debug_ranges  0x00000468       0x38 .\CortexM0\ARM_GCC_541\Debug\SkorobohatyiLab4.a(ROW_3.o)
 .debug_ranges  0x000004a0       0x38 .\CortexM0\ARM_GCC_541\Debug\SkorobohatyiLab4.a(Pin_Latch.o)
 .debug_ranges  0x000004d8       0x38 .\CortexM0\ARM_GCC_541\Debug\SkorobohatyiLab4.a(Pin_CLK.o)
 .debug_ranges  0x00000510       0x38 .\CortexM0\ARM_GCC_541\Debug\SkorobohatyiLab4.a(Pin_DO.o)

.comment        0x00000000       0x6e
 .comment       0x00000000       0x6e .\CortexM0\ARM_GCC_541\Debug\main.o
                                 0x6f (size before relaxing)
 .comment       0x0000006e       0x6f .\CortexM0\ARM_GCC_541\Debug\cyfitter_cfg.o
 .comment       0x0000006e       0x6f .\CortexM0\ARM_GCC_541\Debug\cymetadata.o
 .comment       0x0000006e       0x6f .\CortexM0\ARM_GCC_541\Debug\Cm0Start.o
 .comment       0x0000006e       0x6f .\CortexM0\ARM_GCC_541\Debug\SkorobohatyiLab4.a(CyLib.o)
 .comment       0x0000006e       0x6f .\CortexM0\ARM_GCC_541\Debug\SkorobohatyiLab4.a(CyLFClk.o)
 .comment       0x0000006e       0x6f .\CortexM0\ARM_GCC_541\Debug\SkorobohatyiLab4.a(COLUMN_0.o)
 .comment       0x0000006e       0x6f .\CortexM0\ARM_GCC_541\Debug\SkorobohatyiLab4.a(COLUMN_1.o)
 .comment       0x0000006e       0x6f .\CortexM0\ARM_GCC_541\Debug\SkorobohatyiLab4.a(COLUMN_2.o)
 .comment       0x0000006e       0x6f .\CortexM0\ARM_GCC_541\Debug\SkorobohatyiLab4.a(ROW_0.o)
 .comment       0x0000006e       0x6f .\CortexM0\ARM_GCC_541\Debug\SkorobohatyiLab4.a(ROW_1.o)
 .comment       0x0000006e       0x6f .\CortexM0\ARM_GCC_541\Debug\SkorobohatyiLab4.a(ROW_2.o)
 .comment       0x0000006e       0x6f .\CortexM0\ARM_GCC_541\Debug\SkorobohatyiLab4.a(ROW_3.o)
 .comment       0x0000006e       0x6f .\CortexM0\ARM_GCC_541\Debug\SkorobohatyiLab4.a(Pin_Latch.o)
 .comment       0x0000006e       0x6f .\CortexM0\ARM_GCC_541\Debug\SkorobohatyiLab4.a(Pin_CLK.o)
 .comment       0x0000006e       0x6f .\CortexM0\ARM_GCC_541\Debug\SkorobohatyiLab4.a(Pin_DO.o)

.debug_weaknames
 *(.debug_weaknames)

.debug_funcnames
 *(.debug_funcnames)

.debug_typenames
 *(.debug_typenames)

.debug_varnames
 *(.debug_varnames)

.note.gnu.arm.ident
 *(.note.gnu.arm.ident)

.ARM.attributes
                0x00000000       0x28
 *(.ARM.attributes)
 .ARM.attributes
                0x00000000       0x1e e:/psoc creator/4.4/psoc creator/import/gnu/arm/5.4.1/bin/../lib/gcc/arm-none-eabi/5.4.1/armv6-m/crti.o
 .ARM.attributes
                0x0000001e       0x2c e:/psoc creator/4.4/psoc creator/import/gnu/arm/5.4.1/bin/../lib/gcc/arm-none-eabi/5.4.1/armv6-m/crtbegin.o
 .ARM.attributes
                0x0000004a       0x1b e:/psoc creator/4.4/psoc creator/import/gnu/arm/5.4.1/bin/../lib/gcc/arm-none-eabi/5.4.1/../../../../arm-none-eabi/lib/armv6-m/crt0.o
 .ARM.attributes
                0x00000065       0x31 .\CortexM0\ARM_GCC_541\Debug\main.o
 .ARM.attributes
                0x00000096       0x31 .\CortexM0\ARM_GCC_541\Debug\cyfitter_cfg.o
 .ARM.attributes
                0x000000c7       0x31 .\CortexM0\ARM_GCC_541\Debug\cymetadata.o
 .ARM.attributes
                0x000000f8       0x31 .\CortexM0\ARM_GCC_541\Debug\Cm0Start.o
 .ARM.attributes
                0x00000129       0x31 .\CortexM0\ARM_GCC_541\Debug\SkorobohatyiLab4.a(CyLib.o)
 .ARM.attributes
                0x0000015a       0x31 .\CortexM0\ARM_GCC_541\Debug\SkorobohatyiLab4.a(CyLFClk.o)
 .ARM.attributes
                0x0000018b       0x31 .\CortexM0\ARM_GCC_541\Debug\SkorobohatyiLab4.a(COLUMN_0.o)
 .ARM.attributes
                0x000001bc       0x31 .\CortexM0\ARM_GCC_541\Debug\SkorobohatyiLab4.a(COLUMN_1.o)
 .ARM.attributes
                0x000001ed       0x31 .\CortexM0\ARM_GCC_541\Debug\SkorobohatyiLab4.a(COLUMN_2.o)
 .ARM.attributes
                0x0000021e       0x31 .\CortexM0\ARM_GCC_541\Debug\SkorobohatyiLab4.a(ROW_0.o)
 .ARM.attributes
                0x0000024f       0x31 .\CortexM0\ARM_GCC_541\Debug\SkorobohatyiLab4.a(ROW_1.o)
 .ARM.attributes
                0x00000280       0x31 .\CortexM0\ARM_GCC_541\Debug\SkorobohatyiLab4.a(ROW_2.o)
 .ARM.attributes
                0x000002b1       0x31 .\CortexM0\ARM_GCC_541\Debug\SkorobohatyiLab4.a(ROW_3.o)
 .ARM.attributes
                0x000002e2       0x31 .\CortexM0\ARM_GCC_541\Debug\SkorobohatyiLab4.a(Pin_Latch.o)
 .ARM.attributes
                0x00000313       0x31 .\CortexM0\ARM_GCC_541\Debug\SkorobohatyiLab4.a(Pin_CLK.o)
 .ARM.attributes
                0x00000344       0x31 .\CortexM0\ARM_GCC_541\Debug\SkorobohatyiLab4.a(Pin_DO.o)
 .ARM.attributes
                0x00000375       0x21 .\CortexM0\ARM_GCC_541\Debug\SkorobohatyiLab4.a(CyBootAsmGnu.o)
 .ARM.attributes
                0x00000396       0x1e e:/psoc creator/4.4/psoc creator/import/gnu/arm/5.4.1/bin/../lib/gcc/arm-none-eabi/5.4.1/armv6-m\libgcc.a(_udivsi3.o)
 .ARM.attributes
                0x000003b4       0x1e e:/psoc creator/4.4/psoc creator/import/gnu/arm/5.4.1/bin/../lib/gcc/arm-none-eabi/5.4.1/armv6-m\libgcc.a(_dvmd_tls.o)
 .ARM.attributes
                0x000003d2       0x2c e:/psoc creator/4.4/psoc creator/import/gnu/arm/5.4.1/bin/../lib/gcc/arm-none-eabi/5.4.1/../../../../arm-none-eabi/lib/armv6-m\libg_nano.a(lib_a-errno.o)
 .ARM.attributes
                0x000003fe       0x2c e:/psoc creator/4.4/psoc creator/import/gnu/arm/5.4.1/bin/../lib/gcc/arm-none-eabi/5.4.1/../../../../arm-none-eabi/lib/armv6-m\libg_nano.a(lib_a-exit.o)
 .ARM.attributes
                0x0000042a       0x2c e:/psoc creator/4.4/psoc creator/import/gnu/arm/5.4.1/bin/../lib/gcc/arm-none-eabi/5.4.1/../../../../arm-none-eabi/lib/armv6-m\libg_nano.a(lib_a-impure.o)
 .ARM.attributes
                0x00000456       0x2c e:/psoc creator/4.4/psoc creator/import/gnu/arm/5.4.1/bin/../lib/gcc/arm-none-eabi/5.4.1/../../../../arm-none-eabi/lib/armv6-m\libg_nano.a(lib_a-init.o)
 .ARM.attributes
                0x00000482       0x2c e:/psoc creator/4.4/psoc creator/import/gnu/arm/5.4.1/bin/../lib/gcc/arm-none-eabi/5.4.1/../../../../arm-none-eabi/lib/armv6-m\libg_nano.a(lib_a-memset.o)
 .ARM.attributes
                0x000004ae       0x2c e:/psoc creator/4.4/psoc creator/import/gnu/arm/5.4.1/bin/../lib/gcc/arm-none-eabi/5.4.1/armv6-m/crtend.o
 .ARM.attributes
                0x000004da       0x1e e:/psoc creator/4.4/psoc creator/import/gnu/arm/5.4.1/bin/../lib/gcc/arm-none-eabi/5.4.1/armv6-m/crtn.o

/DISCARD/
 *(.note.GNU-stack)
OUTPUT(E:\lab-mkr-1-main\lab-mkr-1-main\lab3_Skorobohatyi\SkorobohatyiLab4.cydsn\CortexM0\ARM_GCC_541\Debug\SkorobohatyiLab4.elf elf32-littlearm)
