Archive member included to satisfy reference by file (symbol)

.\CortexM0\ARM_GCC_541\Debug\SkorobohatyiLab3.a(CyLib.o)
                              .\CortexM0\ARM_GCC_541\Debug\cyfitter_cfg.o (CyIntEnable)
.\CortexM0\ARM_GCC_541\Debug\SkorobohatyiLab3.a(CyLFClk.o)
                              .\CortexM0\ARM_GCC_541\Debug\cyfitter_cfg.o (CySysWdtIsr)
.\CortexM0\ARM_GCC_541\Debug\SkorobohatyiLab3.a(BLUE.o)
                              .\CortexM0\ARM_GCC_541\Debug\main.o (BLUE_Write)
.\CortexM0\ARM_GCC_541\Debug\SkorobohatyiLab3.a(RED.o)
                              .\CortexM0\ARM_GCC_541\Debug\main.o (RED_Write)
.\CortexM0\ARM_GCC_541\Debug\SkorobohatyiLab3.a(GREEN.o)
                              .\CortexM0\ARM_GCC_541\Debug\main.o (GREEN_Write)
.\CortexM0\ARM_GCC_541\Debug\SkorobohatyiLab3.a(SW_Tx_UART.o)
                              .\CortexM0\ARM_GCC_541\Debug\main.o (SW_Tx_UART_Start)
.\CortexM0\ARM_GCC_541\Debug\SkorobohatyiLab3.a(COLUMN_0.o)
                              .\CortexM0\ARM_GCC_541\Debug\main.o (COLUMN_0_SetDriveMode)
.\CortexM0\ARM_GCC_541\Debug\SkorobohatyiLab3.a(COLUMN_1.o)
                              .\CortexM0\ARM_GCC_541\Debug\main.o (COLUMN_1_SetDriveMode)
.\CortexM0\ARM_GCC_541\Debug\SkorobohatyiLab3.a(COLUMN_2.o)
                              .\CortexM0\ARM_GCC_541\Debug\main.o (COLUMN_2_SetDriveMode)
.\CortexM0\ARM_GCC_541\Debug\SkorobohatyiLab3.a(ROW_0.o)
                              .\CortexM0\ARM_GCC_541\Debug\main.o (ROW_0_Read)
.\CortexM0\ARM_GCC_541\Debug\SkorobohatyiLab3.a(ROW_1.o)
                              .\CortexM0\ARM_GCC_541\Debug\main.o (ROW_1_Read)
.\CortexM0\ARM_GCC_541\Debug\SkorobohatyiLab3.a(ROW_2.o)
                              .\CortexM0\ARM_GCC_541\Debug\main.o (ROW_2_Read)
.\CortexM0\ARM_GCC_541\Debug\SkorobohatyiLab3.a(ROW_3.o)
                              .\CortexM0\ARM_GCC_541\Debug\main.o (ROW_3_Read)
.\CortexM0\ARM_GCC_541\Debug\SkorobohatyiLab3.a(CyBootAsmGnu.o)
                              .\CortexM0\ARM_GCC_541\Debug\SkorobohatyiLab3.a(CyLib.o) (CyDelayCycles)
.\CortexM0\ARM_GCC_541\Debug\SkorobohatyiLab3.a(SW_Tx_UART_AsmGnu.o)
                              .\CortexM0\ARM_GCC_541\Debug\SkorobohatyiLab3.a(SW_Tx_UART.o) (SW_Tx_UART_PutChar)
c:/program files (x86)/cypress/psoc creator/4.4/psoc creator/import/gnu/arm/5.4.1/bin/../lib/gcc/arm-none-eabi/5.4.1/armv6-m\libgcc.a(_udivsi3.o)
                              .\CortexM0\ARM_GCC_541\Debug\SkorobohatyiLab3.a(CyLib.o) (__aeabi_uidiv)
c:/program files (x86)/cypress/psoc creator/4.4/psoc creator/import/gnu/arm/5.4.1/bin/../lib/gcc/arm-none-eabi/5.4.1/armv6-m\libgcc.a(_dvmd_tls.o)
                              c:/program files (x86)/cypress/psoc creator/4.4/psoc creator/import/gnu/arm/5.4.1/bin/../lib/gcc/arm-none-eabi/5.4.1/armv6-m\libgcc.a(_udivsi3.o) (__aeabi_idiv0)
c:/program files (x86)/cypress/psoc creator/4.4/psoc creator/import/gnu/arm/5.4.1/bin/../lib/gcc/arm-none-eabi/5.4.1/../../../../arm-none-eabi/lib/armv6-m\libg_nano.a(lib_a-errno.o)
                              .\CortexM0\ARM_GCC_541\Debug\Cm0Start.o (__errno)
c:/program files (x86)/cypress/psoc creator/4.4/psoc creator/import/gnu/arm/5.4.1/bin/../lib/gcc/arm-none-eabi/5.4.1/../../../../arm-none-eabi/lib/armv6-m\libg_nano.a(lib_a-exit.o)
                              c:/program files (x86)/cypress/psoc creator/4.4/psoc creator/import/gnu/arm/5.4.1/bin/../lib/gcc/arm-none-eabi/5.4.1/../../../../arm-none-eabi/lib/armv6-m/crt0.o (exit)
c:/program files (x86)/cypress/psoc creator/4.4/psoc creator/import/gnu/arm/5.4.1/bin/../lib/gcc/arm-none-eabi/5.4.1/../../../../arm-none-eabi/lib/armv6-m\libg_nano.a(lib_a-impure.o)
                              c:/program files (x86)/cypress/psoc creator/4.4/psoc creator/import/gnu/arm/5.4.1/bin/../lib/gcc/arm-none-eabi/5.4.1/../../../../arm-none-eabi/lib/armv6-m\libg_nano.a(lib_a-exit.o) (_global_impure_ptr)
c:/program files (x86)/cypress/psoc creator/4.4/psoc creator/import/gnu/arm/5.4.1/bin/../lib/gcc/arm-none-eabi/5.4.1/../../../../arm-none-eabi/lib/armv6-m\libg_nano.a(lib_a-init.o)
                              c:/program files (x86)/cypress/psoc creator/4.4/psoc creator/import/gnu/arm/5.4.1/bin/../lib/gcc/arm-none-eabi/5.4.1/../../../../arm-none-eabi/lib/armv6-m/crt0.o (__libc_init_array)
c:/program files (x86)/cypress/psoc creator/4.4/psoc creator/import/gnu/arm/5.4.1/bin/../lib/gcc/arm-none-eabi/5.4.1/../../../../arm-none-eabi/lib/armv6-m\libg_nano.a(lib_a-memset.o)
                              c:/program files (x86)/cypress/psoc creator/4.4/psoc creator/import/gnu/arm/5.4.1/bin/../lib/gcc/arm-none-eabi/5.4.1/../../../../arm-none-eabi/lib/armv6-m/crt0.o (memset)

Allocating common symbols
Common symbol       size              file

input_buffer        0x3               .\CortexM0\ARM_GCC_541\Debug\main.o

Discarded input sections

 .text          0x00000000        0x0 c:/program files (x86)/cypress/psoc creator/4.4/psoc creator/import/gnu/arm/5.4.1/bin/../lib/gcc/arm-none-eabi/5.4.1/armv6-m/crti.o
 .data          0x00000000        0x0 c:/program files (x86)/cypress/psoc creator/4.4/psoc creator/import/gnu/arm/5.4.1/bin/../lib/gcc/arm-none-eabi/5.4.1/armv6-m/crti.o
 .bss           0x00000000        0x0 c:/program files (x86)/cypress/psoc creator/4.4/psoc creator/import/gnu/arm/5.4.1/bin/../lib/gcc/arm-none-eabi/5.4.1/armv6-m/crti.o
 .data          0x00000000        0x4 c:/program files (x86)/cypress/psoc creator/4.4/psoc creator/import/gnu/arm/5.4.1/bin/../lib/gcc/arm-none-eabi/5.4.1/armv6-m/crtbegin.o
 .text          0x00000000       0x78 c:/program files (x86)/cypress/psoc creator/4.4/psoc creator/import/gnu/arm/5.4.1/bin/../lib/gcc/arm-none-eabi/5.4.1/../../../../arm-none-eabi/lib/armv6-m/crt0.o
 .data          0x00000000        0x0 c:/program files (x86)/cypress/psoc creator/4.4/psoc creator/import/gnu/arm/5.4.1/bin/../lib/gcc/arm-none-eabi/5.4.1/../../../../arm-none-eabi/lib/armv6-m/crt0.o
 .bss           0x00000000        0x0 c:/program files (x86)/cypress/psoc creator/4.4/psoc creator/import/gnu/arm/5.4.1/bin/../lib/gcc/arm-none-eabi/5.4.1/../../../../arm-none-eabi/lib/armv6-m/crt0.o
 .ARM.extab     0x00000000        0x0 c:/program files (x86)/cypress/psoc creator/4.4/psoc creator/import/gnu/arm/5.4.1/bin/../lib/gcc/arm-none-eabi/5.4.1/../../../../arm-none-eabi/lib/armv6-m/crt0.o
 .ARM.exidx     0x00000000        0x8 c:/program files (x86)/cypress/psoc creator/4.4/psoc creator/import/gnu/arm/5.4.1/bin/../lib/gcc/arm-none-eabi/5.4.1/../../../../arm-none-eabi/lib/armv6-m/crt0.o
 .text          0x00000000        0x0 .\CortexM0\ARM_GCC_541\Debug\main.o
 .data          0x00000000        0x0 .\CortexM0\ARM_GCC_541\Debug\main.o
 .text          0x00000000        0x0 .\CortexM0\ARM_GCC_541\Debug\cyfitter_cfg.o
 .data          0x00000000        0x0 .\CortexM0\ARM_GCC_541\Debug\cyfitter_cfg.o
 .bss           0x00000000        0x0 .\CortexM0\ARM_GCC_541\Debug\cyfitter_cfg.o
 .text          0x00000000        0x0 .\CortexM0\ARM_GCC_541\Debug\cymetadata.o
 .data          0x00000000        0x0 .\CortexM0\ARM_GCC_541\Debug\cymetadata.o
 .bss           0x00000000        0x0 .\CortexM0\ARM_GCC_541\Debug\cymetadata.o
 .text          0x00000000        0x0 .\CortexM0\ARM_GCC_541\Debug\Cm0Start.o
 .data          0x00000000        0x4 .\CortexM0\ARM_GCC_541\Debug\Cm0Start.o
 .bss           0x00000000        0x0 .\CortexM0\ARM_GCC_541\Debug\Cm0Start.o
 .text._exit    0x00000000        0xc .\CortexM0\ARM_GCC_541\Debug\Cm0Start.o
 .text._sbrk    0x00000000       0x30 .\CortexM0\ARM_GCC_541\Debug\Cm0Start.o
 .text          0x00000000        0x0 .\CortexM0\ARM_GCC_541\Debug\SkorobohatyiLab3.a(CyLib.o)
 .bss           0x00000000       0x18 .\CortexM0\ARM_GCC_541\Debug\SkorobohatyiLab3.a(CyLib.o)
 .text.CySysClkImoStart
                0x00000000       0x14 .\CortexM0\ARM_GCC_541\Debug\SkorobohatyiLab3.a(CyLib.o)
 .text.CySysClkImoStop
                0x00000000       0x10 .\CortexM0\ARM_GCC_541\Debug\SkorobohatyiLab3.a(CyLib.o)
 .text.CySysClkWriteHfclkDirect
                0x00000000       0x20 .\CortexM0\ARM_GCC_541\Debug\SkorobohatyiLab3.a(CyLib.o)
 .text.CySysEnablePumpClock
                0x00000000       0x38 .\CortexM0\ARM_GCC_541\Debug\SkorobohatyiLab3.a(CyLib.o)
 .text.CySysClkGetSysclkSource
                0x00000000       0x1c .\CortexM0\ARM_GCC_541\Debug\SkorobohatyiLab3.a(CyLib.o)
 .text.CySysClkWriteSysclkDiv
                0x00000000       0x30 .\CortexM0\ARM_GCC_541\Debug\SkorobohatyiLab3.a(CyLib.o)
 .text.CySysLvdDisable
                0x00000000       0x20 .\CortexM0\ARM_GCC_541\Debug\SkorobohatyiLab3.a(CyLib.o)
 .text.CySysLvdGetInterruptSource
                0x00000000       0x10 .\CortexM0\ARM_GCC_541\Debug\SkorobohatyiLab3.a(CyLib.o)
 .text.CySysLvdClearInterrupt
                0x00000000        0xc .\CortexM0\ARM_GCC_541\Debug\SkorobohatyiLab3.a(CyLib.o)
 .text.CySysGetResetReason
                0x00000000       0x14 .\CortexM0\ARM_GCC_541\Debug\SkorobohatyiLab3.a(CyLib.o)
 .text.CyDisableInts
                0x00000000       0x10 .\CortexM0\ARM_GCC_541\Debug\SkorobohatyiLab3.a(CyLib.o)
 .text.CyEnableInts
                0x00000000        0xc .\CortexM0\ARM_GCC_541\Debug\SkorobohatyiLab3.a(CyLib.o)
 .text.CyIntGetState
                0x00000000       0x18 .\CortexM0\ARM_GCC_541\Debug\SkorobohatyiLab3.a(CyLib.o)
 .text.CyIntDisable
                0x00000000       0x14 .\CortexM0\ARM_GCC_541\Debug\SkorobohatyiLab3.a(CyLib.o)
 .text.CyIntSetPending
                0x00000000       0x14 .\CortexM0\ARM_GCC_541\Debug\SkorobohatyiLab3.a(CyLib.o)
 .text.CyIntClearPending
                0x00000000       0x14 .\CortexM0\ARM_GCC_541\Debug\SkorobohatyiLab3.a(CyLib.o)
 .text.CyIntSetSysVector
                0x00000000       0x20 .\CortexM0\ARM_GCC_541\Debug\SkorobohatyiLab3.a(CyLib.o)
 .text.CyIntGetSysVector
                0x00000000       0x1c .\CortexM0\ARM_GCC_541\Debug\SkorobohatyiLab3.a(CyLib.o)
 .text.CyIntGetVector
                0x00000000       0x20 .\CortexM0\ARM_GCC_541\Debug\SkorobohatyiLab3.a(CyLib.o)
 .text.CyIntSetPriority
                0x00000000       0x4c .\CortexM0\ARM_GCC_541\Debug\SkorobohatyiLab3.a(CyLib.o)
 .text.CyIntGetPriority
                0x00000000       0x2c .\CortexM0\ARM_GCC_541\Debug\SkorobohatyiLab3.a(CyLib.o)
 .text.CySoftwareReset
                0x00000000       0x18 .\CortexM0\ARM_GCC_541\Debug\SkorobohatyiLab3.a(CyLib.o)
 .text.CySysLvdEnable
                0x00000000       0x44 .\CortexM0\ARM_GCC_541\Debug\SkorobohatyiLab3.a(CyLib.o)
 .text.CyDelayFreq
                0x00000000       0x4c .\CortexM0\ARM_GCC_541\Debug\SkorobohatyiLab3.a(CyLib.o)
 .text.CySysTickStop
                0x00000000       0x10 .\CortexM0\ARM_GCC_541\Debug\SkorobohatyiLab3.a(CyLib.o)
 .text.CySysTickEnableInterrupt
                0x00000000       0x10 .\CortexM0\ARM_GCC_541\Debug\SkorobohatyiLab3.a(CyLib.o)
 .text.CySysTickEnable
                0x00000000       0x18 .\CortexM0\ARM_GCC_541\Debug\SkorobohatyiLab3.a(CyLib.o)
 .text.CySysTickDisableInterrupt
                0x00000000       0x10 .\CortexM0\ARM_GCC_541\Debug\SkorobohatyiLab3.a(CyLib.o)
 .text.CySysTickSetReload
                0x00000000       0x10 .\CortexM0\ARM_GCC_541\Debug\SkorobohatyiLab3.a(CyLib.o)
 .text.CySysTickGetReload
                0x00000000       0x10 .\CortexM0\ARM_GCC_541\Debug\SkorobohatyiLab3.a(CyLib.o)
 .text.CySysTickGetValue
                0x00000000       0x10 .\CortexM0\ARM_GCC_541\Debug\SkorobohatyiLab3.a(CyLib.o)
 .text.CySysTickGetCountFlag
                0x00000000       0x10 .\CortexM0\ARM_GCC_541\Debug\SkorobohatyiLab3.a(CyLib.o)
 .text.CySysTickServiceCallbacks
                0x00000000       0x28 .\CortexM0\ARM_GCC_541\Debug\SkorobohatyiLab3.a(CyLib.o)
 .text.CySysTickClear
                0x00000000        0xc .\CortexM0\ARM_GCC_541\Debug\SkorobohatyiLab3.a(CyLib.o)
 .text.CySysTickInit
                0x00000000       0x40 .\CortexM0\ARM_GCC_541\Debug\SkorobohatyiLab3.a(CyLib.o)
 .text.CySysTickStart
                0x00000000       0x20 .\CortexM0\ARM_GCC_541\Debug\SkorobohatyiLab3.a(CyLib.o)
 .text.CySysTickSetCallback
                0x00000000       0x10 .\CortexM0\ARM_GCC_541\Debug\SkorobohatyiLab3.a(CyLib.o)
 .text.CySysTickGetCallback
                0x00000000        0xc .\CortexM0\ARM_GCC_541\Debug\SkorobohatyiLab3.a(CyLib.o)
 .text.CyGetUniqueId
                0x00000000       0x70 .\CortexM0\ARM_GCC_541\Debug\SkorobohatyiLab3.a(CyLib.o)
 .text          0x00000000        0x0 .\CortexM0\ARM_GCC_541\Debug\SkorobohatyiLab3.a(CyLFClk.o)
 .text.CySysClkIloEnabled
                0x00000000       0x14 .\CortexM0\ARM_GCC_541\Debug\SkorobohatyiLab3.a(CyLFClk.o)
 .text.CySysClkIloStart
                0x00000000       0x14 .\CortexM0\ARM_GCC_541\Debug\SkorobohatyiLab3.a(CyLFClk.o)
 .text.CySysClkIloStartMeasurement
                0x00000000       0x34 .\CortexM0\ARM_GCC_541\Debug\SkorobohatyiLab3.a(CyLFClk.o)
 .text.CySysClkIloStopMeasurement
                0x00000000       0x14 .\CortexM0\ARM_GCC_541\Debug\SkorobohatyiLab3.a(CyLFClk.o)
 .text.CySysClkIloCompensate
                0x00000000      0x104 .\CortexM0\ARM_GCC_541\Debug\SkorobohatyiLab3.a(CyLFClk.o)
 .text.CySysWdtGetEnabledStatus
                0x00000000       0x24 .\CortexM0\ARM_GCC_541\Debug\SkorobohatyiLab3.a(CyLFClk.o)
 .text.CySysWdtSetMode
                0x00000000       0x38 .\CortexM0\ARM_GCC_541\Debug\SkorobohatyiLab3.a(CyLFClk.o)
 .text.CySysClkLfclkPosedgeRestore
                0x00000000       0x2c .\CortexM0\ARM_GCC_541\Debug\SkorobohatyiLab3.a(CyLFClk.o)
 .text.CySysWdtGetMode
                0x00000000       0x14 .\CortexM0\ARM_GCC_541\Debug\SkorobohatyiLab3.a(CyLFClk.o)
 .text.CySysWdtSetClearOnMatch
                0x00000000       0x34 .\CortexM0\ARM_GCC_541\Debug\SkorobohatyiLab3.a(CyLFClk.o)
 .text.CySysWdtGetClearOnMatch
                0x00000000       0x24 .\CortexM0\ARM_GCC_541\Debug\SkorobohatyiLab3.a(CyLFClk.o)
 .text.CySysWdtEnable
                0x00000000       0x40 .\CortexM0\ARM_GCC_541\Debug\SkorobohatyiLab3.a(CyLFClk.o)
 .text.CySysWdtDisable
                0x00000000       0x44 .\CortexM0\ARM_GCC_541\Debug\SkorobohatyiLab3.a(CyLFClk.o)
 .text.CySysWdtSetCascade
                0x00000000       0x34 .\CortexM0\ARM_GCC_541\Debug\SkorobohatyiLab3.a(CyLFClk.o)
 .text.CySysWdtGetCascade
                0x00000000       0x14 .\CortexM0\ARM_GCC_541\Debug\SkorobohatyiLab3.a(CyLFClk.o)
 .text.CySysWdtSetMatch
                0x00000000       0x38 .\CortexM0\ARM_GCC_541\Debug\SkorobohatyiLab3.a(CyLFClk.o)
 .text.CySysWdtSetToggleBit
                0x00000000       0x30 .\CortexM0\ARM_GCC_541\Debug\SkorobohatyiLab3.a(CyLFClk.o)
 .text.CySysWdtGetToggleBit
                0x00000000       0x10 .\CortexM0\ARM_GCC_541\Debug\SkorobohatyiLab3.a(CyLFClk.o)
 .text.CySysWdtGetMatch
                0x00000000       0x20 .\CortexM0\ARM_GCC_541\Debug\SkorobohatyiLab3.a(CyLFClk.o)
 .text.CySysWdtGetCount
                0x00000000       0x3c .\CortexM0\ARM_GCC_541\Debug\SkorobohatyiLab3.a(CyLFClk.o)
 .text.CySysClkLfclkPosedgeCatch
                0x00000000       0x74 .\CortexM0\ARM_GCC_541\Debug\SkorobohatyiLab3.a(CyLFClk.o)
 .text.CySysClkIloStop
                0x00000000       0x38 .\CortexM0\ARM_GCC_541\Debug\SkorobohatyiLab3.a(CyLFClk.o)
 .text.CySysWdtGetInterruptSource
                0x00000000       0x14 .\CortexM0\ARM_GCC_541\Debug\SkorobohatyiLab3.a(CyLFClk.o)
 .text.CySysWdtResetCounters
                0x00000000       0x20 .\CortexM0\ARM_GCC_541\Debug\SkorobohatyiLab3.a(CyLFClk.o)
 .text.CySysWdtSetInterruptCallback
                0x00000000       0x20 .\CortexM0\ARM_GCC_541\Debug\SkorobohatyiLab3.a(CyLFClk.o)
 .text.CySysWdtGetInterruptCallback
                0x00000000       0x20 .\CortexM0\ARM_GCC_541\Debug\SkorobohatyiLab3.a(CyLFClk.o)
 .text.CySysWdtEnableCounterIsr
                0x00000000       0x34 .\CortexM0\ARM_GCC_541\Debug\SkorobohatyiLab3.a(CyLFClk.o)
 .text.CySysWdtDisableCounterIsr
                0x00000000       0x28 .\CortexM0\ARM_GCC_541\Debug\SkorobohatyiLab3.a(CyLFClk.o)
 .text.CySysWatchdogFeed
                0x00000000       0x60 .\CortexM0\ARM_GCC_541\Debug\SkorobohatyiLab3.a(CyLFClk.o)
 .text.CySysTimerDelayUntilMatch
                0x00000000       0x6c .\CortexM0\ARM_GCC_541\Debug\SkorobohatyiLab3.a(CyLFClk.o)
 .text.CySysTimerDelay
                0x00000000       0x3c .\CortexM0\ARM_GCC_541\Debug\SkorobohatyiLab3.a(CyLFClk.o)
 .rodata        0x00000000        0xc .\CortexM0\ARM_GCC_541\Debug\SkorobohatyiLab3.a(CyLFClk.o)
 .text          0x00000000        0x0 .\CortexM0\ARM_GCC_541\Debug\SkorobohatyiLab3.a(BLUE.o)
 .data          0x00000000        0x0 .\CortexM0\ARM_GCC_541\Debug\SkorobohatyiLab3.a(BLUE.o)
 .bss           0x00000000        0x0 .\CortexM0\ARM_GCC_541\Debug\SkorobohatyiLab3.a(BLUE.o)
 .text.BLUE_SetDriveMode
                0x00000000       0x18 .\CortexM0\ARM_GCC_541\Debug\SkorobohatyiLab3.a(BLUE.o)
 .text.BLUE_Read
                0x00000000       0x10 .\CortexM0\ARM_GCC_541\Debug\SkorobohatyiLab3.a(BLUE.o)
 .text.BLUE_ReadDataReg
                0x00000000       0x10 .\CortexM0\ARM_GCC_541\Debug\SkorobohatyiLab3.a(BLUE.o)
 .text.BLUE_SetInterruptMode
                0x00000000       0x14 .\CortexM0\ARM_GCC_541\Debug\SkorobohatyiLab3.a(BLUE.o)
 .text.BLUE_ClearInterrupt
                0x00000000       0x14 .\CortexM0\ARM_GCC_541\Debug\SkorobohatyiLab3.a(BLUE.o)
 .text          0x00000000        0x0 .\CortexM0\ARM_GCC_541\Debug\SkorobohatyiLab3.a(RED.o)
 .data          0x00000000        0x0 .\CortexM0\ARM_GCC_541\Debug\SkorobohatyiLab3.a(RED.o)
 .bss           0x00000000        0x0 .\CortexM0\ARM_GCC_541\Debug\SkorobohatyiLab3.a(RED.o)
 .text.RED_SetDriveMode
                0x00000000       0x18 .\CortexM0\ARM_GCC_541\Debug\SkorobohatyiLab3.a(RED.o)
 .text.RED_Read
                0x00000000       0x10 .\CortexM0\ARM_GCC_541\Debug\SkorobohatyiLab3.a(RED.o)
 .text.RED_ReadDataReg
                0x00000000       0x10 .\CortexM0\ARM_GCC_541\Debug\SkorobohatyiLab3.a(RED.o)
 .text.RED_SetInterruptMode
                0x00000000       0x14 .\CortexM0\ARM_GCC_541\Debug\SkorobohatyiLab3.a(RED.o)
 .text.RED_ClearInterrupt
                0x00000000       0x14 .\CortexM0\ARM_GCC_541\Debug\SkorobohatyiLab3.a(RED.o)
 .text          0x00000000        0x0 .\CortexM0\ARM_GCC_541\Debug\SkorobohatyiLab3.a(GREEN.o)
 .data          0x00000000        0x0 .\CortexM0\ARM_GCC_541\Debug\SkorobohatyiLab3.a(GREEN.o)
 .bss           0x00000000        0x0 .\CortexM0\ARM_GCC_541\Debug\SkorobohatyiLab3.a(GREEN.o)
 .text.GREEN_SetDriveMode
                0x00000000       0x18 .\CortexM0\ARM_GCC_541\Debug\SkorobohatyiLab3.a(GREEN.o)
 .text.GREEN_Read
                0x00000000       0x10 .\CortexM0\ARM_GCC_541\Debug\SkorobohatyiLab3.a(GREEN.o)
 .text.GREEN_ReadDataReg
                0x00000000       0x10 .\CortexM0\ARM_GCC_541\Debug\SkorobohatyiLab3.a(GREEN.o)
 .text.GREEN_SetInterruptMode
                0x00000000       0x14 .\CortexM0\ARM_GCC_541\Debug\SkorobohatyiLab3.a(GREEN.o)
 .text.GREEN_ClearInterrupt
                0x00000000       0x14 .\CortexM0\ARM_GCC_541\Debug\SkorobohatyiLab3.a(GREEN.o)
 .text          0x00000000        0x0 .\CortexM0\ARM_GCC_541\Debug\SkorobohatyiLab3.a(SW_Tx_UART.o)
 .bss           0x00000000        0x0 .\CortexM0\ARM_GCC_541\Debug\SkorobohatyiLab3.a(SW_Tx_UART.o)
 .text.SW_Tx_UART_Stop
                0x00000000        0x4 .\CortexM0\ARM_GCC_541\Debug\SkorobohatyiLab3.a(SW_Tx_UART.o)
 .text.SW_Tx_UART_PutArray
                0x00000000       0x18 .\CortexM0\ARM_GCC_541\Debug\SkorobohatyiLab3.a(SW_Tx_UART.o)
 .text          0x00000000        0x0 .\CortexM0\ARM_GCC_541\Debug\SkorobohatyiLab3.a(COLUMN_0.o)
 .data          0x00000000        0x0 .\CortexM0\ARM_GCC_541\Debug\SkorobohatyiLab3.a(COLUMN_0.o)
 .bss           0x00000000        0x0 .\CortexM0\ARM_GCC_541\Debug\SkorobohatyiLab3.a(COLUMN_0.o)
 .text.COLUMN_0_Read
                0x00000000       0x10 .\CortexM0\ARM_GCC_541\Debug\SkorobohatyiLab3.a(COLUMN_0.o)
 .text.COLUMN_0_ReadDataReg
                0x00000000       0x10 .\CortexM0\ARM_GCC_541\Debug\SkorobohatyiLab3.a(COLUMN_0.o)
 .text.COLUMN_0_SetInterruptMode
                0x00000000       0x14 .\CortexM0\ARM_GCC_541\Debug\SkorobohatyiLab3.a(COLUMN_0.o)
 .text.COLUMN_0_ClearInterrupt
                0x00000000       0x10 .\CortexM0\ARM_GCC_541\Debug\SkorobohatyiLab3.a(COLUMN_0.o)
 .text          0x00000000        0x0 .\CortexM0\ARM_GCC_541\Debug\SkorobohatyiLab3.a(COLUMN_1.o)
 .data          0x00000000        0x0 .\CortexM0\ARM_GCC_541\Debug\SkorobohatyiLab3.a(COLUMN_1.o)
 .bss           0x00000000        0x0 .\CortexM0\ARM_GCC_541\Debug\SkorobohatyiLab3.a(COLUMN_1.o)
 .text.COLUMN_1_Read
                0x00000000       0x10 .\CortexM0\ARM_GCC_541\Debug\SkorobohatyiLab3.a(COLUMN_1.o)
 .text.COLUMN_1_ReadDataReg
                0x00000000       0x10 .\CortexM0\ARM_GCC_541\Debug\SkorobohatyiLab3.a(COLUMN_1.o)
 .text.COLUMN_1_SetInterruptMode
                0x00000000       0x14 .\CortexM0\ARM_GCC_541\Debug\SkorobohatyiLab3.a(COLUMN_1.o)
 .text.COLUMN_1_ClearInterrupt
                0x00000000       0x14 .\CortexM0\ARM_GCC_541\Debug\SkorobohatyiLab3.a(COLUMN_1.o)
 .text          0x00000000        0x0 .\CortexM0\ARM_GCC_541\Debug\SkorobohatyiLab3.a(COLUMN_2.o)
 .data          0x00000000        0x0 .\CortexM0\ARM_GCC_541\Debug\SkorobohatyiLab3.a(COLUMN_2.o)
 .bss           0x00000000        0x0 .\CortexM0\ARM_GCC_541\Debug\SkorobohatyiLab3.a(COLUMN_2.o)
 .text.COLUMN_2_Read
                0x00000000       0x10 .\CortexM0\ARM_GCC_541\Debug\SkorobohatyiLab3.a(COLUMN_2.o)
 .text.COLUMN_2_ReadDataReg
                0x00000000       0x10 .\CortexM0\ARM_GCC_541\Debug\SkorobohatyiLab3.a(COLUMN_2.o)
 .text.COLUMN_2_SetInterruptMode
                0x00000000       0x14 .\CortexM0\ARM_GCC_541\Debug\SkorobohatyiLab3.a(COLUMN_2.o)
 .text.COLUMN_2_ClearInterrupt
                0x00000000       0x10 .\CortexM0\ARM_GCC_541\Debug\SkorobohatyiLab3.a(COLUMN_2.o)
 .text          0x00000000        0x0 .\CortexM0\ARM_GCC_541\Debug\SkorobohatyiLab3.a(ROW_0.o)
 .data          0x00000000        0x0 .\CortexM0\ARM_GCC_541\Debug\SkorobohatyiLab3.a(ROW_0.o)
 .bss           0x00000000        0x0 .\CortexM0\ARM_GCC_541\Debug\SkorobohatyiLab3.a(ROW_0.o)
 .text.ROW_0_SetDriveMode
                0x00000000       0x14 .\CortexM0\ARM_GCC_541\Debug\SkorobohatyiLab3.a(ROW_0.o)
 .text.ROW_0_Write
                0x00000000       0x18 .\CortexM0\ARM_GCC_541\Debug\SkorobohatyiLab3.a(ROW_0.o)
 .text.ROW_0_ReadDataReg
                0x00000000       0x10 .\CortexM0\ARM_GCC_541\Debug\SkorobohatyiLab3.a(ROW_0.o)
 .text.ROW_0_SetInterruptMode
                0x00000000       0x14 .\CortexM0\ARM_GCC_541\Debug\SkorobohatyiLab3.a(ROW_0.o)
 .text.ROW_0_ClearInterrupt
                0x00000000       0x14 .\CortexM0\ARM_GCC_541\Debug\SkorobohatyiLab3.a(ROW_0.o)
 .text          0x00000000        0x0 .\CortexM0\ARM_GCC_541\Debug\SkorobohatyiLab3.a(ROW_1.o)
 .data          0x00000000        0x0 .\CortexM0\ARM_GCC_541\Debug\SkorobohatyiLab3.a(ROW_1.o)
 .bss           0x00000000        0x0 .\CortexM0\ARM_GCC_541\Debug\SkorobohatyiLab3.a(ROW_1.o)
 .text.ROW_1_SetDriveMode
                0x00000000       0x18 .\CortexM0\ARM_GCC_541\Debug\SkorobohatyiLab3.a(ROW_1.o)
 .text.ROW_1_Write
                0x00000000       0x18 .\CortexM0\ARM_GCC_541\Debug\SkorobohatyiLab3.a(ROW_1.o)
 .text.ROW_1_ReadDataReg
                0x00000000       0x10 .\CortexM0\ARM_GCC_541\Debug\SkorobohatyiLab3.a(ROW_1.o)
 .text.ROW_1_SetInterruptMode
                0x00000000       0x14 .\CortexM0\ARM_GCC_541\Debug\SkorobohatyiLab3.a(ROW_1.o)
 .text.ROW_1_ClearInterrupt
                0x00000000       0x14 .\CortexM0\ARM_GCC_541\Debug\SkorobohatyiLab3.a(ROW_1.o)
 .text          0x00000000        0x0 .\CortexM0\ARM_GCC_541\Debug\SkorobohatyiLab3.a(ROW_2.o)
 .data          0x00000000        0x0 .\CortexM0\ARM_GCC_541\Debug\SkorobohatyiLab3.a(ROW_2.o)
 .bss           0x00000000        0x0 .\CortexM0\ARM_GCC_541\Debug\SkorobohatyiLab3.a(ROW_2.o)
 .text.ROW_2_SetDriveMode
                0x00000000       0x18 .\CortexM0\ARM_GCC_541\Debug\SkorobohatyiLab3.a(ROW_2.o)
 .text.ROW_2_Write
                0x00000000       0x18 .\CortexM0\ARM_GCC_541\Debug\SkorobohatyiLab3.a(ROW_2.o)
 .text.ROW_2_ReadDataReg
                0x00000000       0x10 .\CortexM0\ARM_GCC_541\Debug\SkorobohatyiLab3.a(ROW_2.o)
 .text.ROW_2_SetInterruptMode
                0x00000000       0x14 .\CortexM0\ARM_GCC_541\Debug\SkorobohatyiLab3.a(ROW_2.o)
 .text.ROW_2_ClearInterrupt
                0x00000000       0x14 .\CortexM0\ARM_GCC_541\Debug\SkorobohatyiLab3.a(ROW_2.o)
 .text          0x00000000        0x0 .\CortexM0\ARM_GCC_541\Debug\SkorobohatyiLab3.a(ROW_3.o)
 .data          0x00000000        0x0 .\CortexM0\ARM_GCC_541\Debug\SkorobohatyiLab3.a(ROW_3.o)
 .bss           0x00000000        0x0 .\CortexM0\ARM_GCC_541\Debug\SkorobohatyiLab3.a(ROW_3.o)
 .text.ROW_3_SetDriveMode
                0x00000000       0x18 .\CortexM0\ARM_GCC_541\Debug\SkorobohatyiLab3.a(ROW_3.o)
 .text.ROW_3_Write
                0x00000000       0x18 .\CortexM0\ARM_GCC_541\Debug\SkorobohatyiLab3.a(ROW_3.o)
 .text.ROW_3_ReadDataReg
                0x00000000       0x10 .\CortexM0\ARM_GCC_541\Debug\SkorobohatyiLab3.a(ROW_3.o)
 .text.ROW_3_SetInterruptMode
                0x00000000       0x14 .\CortexM0\ARM_GCC_541\Debug\SkorobohatyiLab3.a(ROW_3.o)
 .text.ROW_3_ClearInterrupt
                0x00000000       0x14 .\CortexM0\ARM_GCC_541\Debug\SkorobohatyiLab3.a(ROW_3.o)
 .data          0x00000000        0x0 .\CortexM0\ARM_GCC_541\Debug\SkorobohatyiLab3.a(CyBootAsmGnu.o)
 .bss           0x00000000        0x0 .\CortexM0\ARM_GCC_541\Debug\SkorobohatyiLab3.a(CyBootAsmGnu.o)
 .data          0x00000000        0x0 .\CortexM0\ARM_GCC_541\Debug\SkorobohatyiLab3.a(SW_Tx_UART_AsmGnu.o)
 .bss           0x00000000        0x0 .\CortexM0\ARM_GCC_541\Debug\SkorobohatyiLab3.a(SW_Tx_UART_AsmGnu.o)
 .data          0x00000000        0x0 c:/program files (x86)/cypress/psoc creator/4.4/psoc creator/import/gnu/arm/5.4.1/bin/../lib/gcc/arm-none-eabi/5.4.1/armv6-m\libgcc.a(_udivsi3.o)
 .bss           0x00000000        0x0 c:/program files (x86)/cypress/psoc creator/4.4/psoc creator/import/gnu/arm/5.4.1/bin/../lib/gcc/arm-none-eabi/5.4.1/armv6-m\libgcc.a(_udivsi3.o)
 .data          0x00000000        0x0 c:/program files (x86)/cypress/psoc creator/4.4/psoc creator/import/gnu/arm/5.4.1/bin/../lib/gcc/arm-none-eabi/5.4.1/armv6-m\libgcc.a(_dvmd_tls.o)
 .bss           0x00000000        0x0 c:/program files (x86)/cypress/psoc creator/4.4/psoc creator/import/gnu/arm/5.4.1/bin/../lib/gcc/arm-none-eabi/5.4.1/armv6-m\libgcc.a(_dvmd_tls.o)
 .text          0x00000000        0x0 c:/program files (x86)/cypress/psoc creator/4.4/psoc creator/import/gnu/arm/5.4.1/bin/../lib/gcc/arm-none-eabi/5.4.1/../../../../arm-none-eabi/lib/armv6-m\libg_nano.a(lib_a-errno.o)
 .data          0x00000000        0x0 c:/program files (x86)/cypress/psoc creator/4.4/psoc creator/import/gnu/arm/5.4.1/bin/../lib/gcc/arm-none-eabi/5.4.1/../../../../arm-none-eabi/lib/armv6-m\libg_nano.a(lib_a-errno.o)
 .bss           0x00000000        0x0 c:/program files (x86)/cypress/psoc creator/4.4/psoc creator/import/gnu/arm/5.4.1/bin/../lib/gcc/arm-none-eabi/5.4.1/../../../../arm-none-eabi/lib/armv6-m\libg_nano.a(lib_a-errno.o)
 .text          0x00000000        0x0 c:/program files (x86)/cypress/psoc creator/4.4/psoc creator/import/gnu/arm/5.4.1/bin/../lib/gcc/arm-none-eabi/5.4.1/../../../../arm-none-eabi/lib/armv6-m\libg_nano.a(lib_a-exit.o)
 .data          0x00000000        0x0 c:/program files (x86)/cypress/psoc creator/4.4/psoc creator/import/gnu/arm/5.4.1/bin/../lib/gcc/arm-none-eabi/5.4.1/../../../../arm-none-eabi/lib/armv6-m\libg_nano.a(lib_a-exit.o)
 .bss           0x00000000        0x0 c:/program files (x86)/cypress/psoc creator/4.4/psoc creator/import/gnu/arm/5.4.1/bin/../lib/gcc/arm-none-eabi/5.4.1/../../../../arm-none-eabi/lib/armv6-m\libg_nano.a(lib_a-exit.o)
 .text.exit     0x00000000       0x2c c:/program files (x86)/cypress/psoc creator/4.4/psoc creator/import/gnu/arm/5.4.1/bin/../lib/gcc/arm-none-eabi/5.4.1/../../../../arm-none-eabi/lib/armv6-m\libg_nano.a(lib_a-exit.o)
 .text          0x00000000        0x0 c:/program files (x86)/cypress/psoc creator/4.4/psoc creator/import/gnu/arm/5.4.1/bin/../lib/gcc/arm-none-eabi/5.4.1/../../../../arm-none-eabi/lib/armv6-m\libg_nano.a(lib_a-impure.o)
 .data          0x00000000        0x0 c:/program files (x86)/cypress/psoc creator/4.4/psoc creator/import/gnu/arm/5.4.1/bin/../lib/gcc/arm-none-eabi/5.4.1/../../../../arm-none-eabi/lib/armv6-m\libg_nano.a(lib_a-impure.o)
 .bss           0x00000000        0x0 c:/program files (x86)/cypress/psoc creator/4.4/psoc creator/import/gnu/arm/5.4.1/bin/../lib/gcc/arm-none-eabi/5.4.1/../../../../arm-none-eabi/lib/armv6-m\libg_nano.a(lib_a-impure.o)
 .rodata._global_impure_ptr
                0x00000000        0x4 c:/program files (x86)/cypress/psoc creator/4.4/psoc creator/import/gnu/arm/5.4.1/bin/../lib/gcc/arm-none-eabi/5.4.1/../../../../arm-none-eabi/lib/armv6-m\libg_nano.a(lib_a-impure.o)
 .text          0x00000000        0x0 c:/program files (x86)/cypress/psoc creator/4.4/psoc creator/import/gnu/arm/5.4.1/bin/../lib/gcc/arm-none-eabi/5.4.1/../../../../arm-none-eabi/lib/armv6-m\libg_nano.a(lib_a-init.o)
 .data          0x00000000        0x0 c:/program files (x86)/cypress/psoc creator/4.4/psoc creator/import/gnu/arm/5.4.1/bin/../lib/gcc/arm-none-eabi/5.4.1/../../../../arm-none-eabi/lib/armv6-m\libg_nano.a(lib_a-init.o)
 .bss           0x00000000        0x0 c:/program files (x86)/cypress/psoc creator/4.4/psoc creator/import/gnu/arm/5.4.1/bin/../lib/gcc/arm-none-eabi/5.4.1/../../../../arm-none-eabi/lib/armv6-m\libg_nano.a(lib_a-init.o)
 .text          0x00000000        0x0 c:/program files (x86)/cypress/psoc creator/4.4/psoc creator/import/gnu/arm/5.4.1/bin/../lib/gcc/arm-none-eabi/5.4.1/../../../../arm-none-eabi/lib/armv6-m\libg_nano.a(lib_a-memset.o)
 .data          0x00000000        0x0 c:/program files (x86)/cypress/psoc creator/4.4/psoc creator/import/gnu/arm/5.4.1/bin/../lib/gcc/arm-none-eabi/5.4.1/../../../../arm-none-eabi/lib/armv6-m\libg_nano.a(lib_a-memset.o)
 .bss           0x00000000        0x0 c:/program files (x86)/cypress/psoc creator/4.4/psoc creator/import/gnu/arm/5.4.1/bin/../lib/gcc/arm-none-eabi/5.4.1/../../../../arm-none-eabi/lib/armv6-m\libg_nano.a(lib_a-memset.o)
 .text          0x00000000        0x0 c:/program files (x86)/cypress/psoc creator/4.4/psoc creator/import/gnu/arm/5.4.1/bin/../lib/gcc/arm-none-eabi/5.4.1/armv6-m/crtend.o
 .data          0x00000000        0x0 c:/program files (x86)/cypress/psoc creator/4.4/psoc creator/import/gnu/arm/5.4.1/bin/../lib/gcc/arm-none-eabi/5.4.1/armv6-m/crtend.o
 .bss           0x00000000        0x0 c:/program files (x86)/cypress/psoc creator/4.4/psoc creator/import/gnu/arm/5.4.1/bin/../lib/gcc/arm-none-eabi/5.4.1/armv6-m/crtend.o
 .text          0x00000000        0x0 c:/program files (x86)/cypress/psoc creator/4.4/psoc creator/import/gnu/arm/5.4.1/bin/../lib/gcc/arm-none-eabi/5.4.1/armv6-m/crtn.o
 .data          0x00000000        0x0 c:/program files (x86)/cypress/psoc creator/4.4/psoc creator/import/gnu/arm/5.4.1/bin/../lib/gcc/arm-none-eabi/5.4.1/armv6-m/crtn.o
 .bss           0x00000000        0x0 c:/program files (x86)/cypress/psoc creator/4.4/psoc creator/import/gnu/arm/5.4.1/bin/../lib/gcc/arm-none-eabi/5.4.1/armv6-m/crtn.o

Memory Configuration

Name             Origin             Length             Attributes
rom              0x00000000         0x00008000         xr
ram              0x20000000         0x00001000         xrw
*default*        0x00000000         0xffffffff

Linker script and memory map

LOAD c:/program files (x86)/cypress/psoc creator/4.4/psoc creator/import/gnu/arm/5.4.1/bin/../lib/gcc/arm-none-eabi/5.4.1/armv6-m/crti.o
LOAD c:/program files (x86)/cypress/psoc creator/4.4/psoc creator/import/gnu/arm/5.4.1/bin/../lib/gcc/arm-none-eabi/5.4.1/armv6-m/crtbegin.o
LOAD c:/program files (x86)/cypress/psoc creator/4.4/psoc creator/import/gnu/arm/5.4.1/bin/../lib/gcc/arm-none-eabi/5.4.1/../../../../arm-none-eabi/lib/armv6-m/crt0.o
START GROUP
LOAD .\CortexM0\ARM_GCC_541\Debug\main.o
LOAD .\CortexM0\ARM_GCC_541\Debug\cyfitter_cfg.o
LOAD .\CortexM0\ARM_GCC_541\Debug\cymetadata.o
LOAD .\CortexM0\ARM_GCC_541\Debug\Cm0Start.o
LOAD .\CortexM0\ARM_GCC_541\Debug\SkorobohatyiLab3.a
END GROUP
START GROUP
LOAD c:/program files (x86)/cypress/psoc creator/4.4/psoc creator/import/gnu/arm/5.4.1/bin/../lib/gcc/arm-none-eabi/5.4.1/armv6-m\libgcc.a
LOAD c:/program files (x86)/cypress/psoc creator/4.4/psoc creator/import/gnu/arm/5.4.1/bin/../lib/gcc/arm-none-eabi/5.4.1/../../../../arm-none-eabi/lib/armv6-m\libg_nano.a
LOAD c:/program files (x86)/cypress/psoc creator/4.4/psoc creator/import/gnu/arm/5.4.1/bin/../lib/gcc/arm-none-eabi/5.4.1/../../../../arm-none-eabi/lib/armv6-m\libc_nano.a
END GROUP
START GROUP
LOAD c:/program files (x86)/cypress/psoc creator/4.4/psoc creator/import/gnu/arm/5.4.1/bin/../lib/gcc/arm-none-eabi/5.4.1/armv6-m\libgcc.a
LOAD c:/program files (x86)/cypress/psoc creator/4.4/psoc creator/import/gnu/arm/5.4.1/bin/../lib/gcc/arm-none-eabi/5.4.1/../../../../arm-none-eabi/lib/armv6-m\libc_nano.a
END GROUP
LOAD c:/program files (x86)/cypress/psoc creator/4.4/psoc creator/import/gnu/arm/5.4.1/bin/../lib/gcc/arm-none-eabi/5.4.1/armv6-m/crtend.o
LOAD c:/program files (x86)/cypress/psoc creator/4.4/psoc creator/import/gnu/arm/5.4.1/bin/../lib/gcc/arm-none-eabi/5.4.1/armv6-m/crtn.o
START GROUP
LOAD c:/program files (x86)/cypress/psoc creator/4.4/psoc creator/import/gnu/arm/5.4.1/bin/../lib/gcc/arm-none-eabi/5.4.1/armv6-m\libgcc.a
LOAD c:/program files (x86)/cypress/psoc creator/4.4/psoc creator/import/gnu/arm/5.4.1/bin/../lib/gcc/arm-none-eabi/5.4.1/../../../../arm-none-eabi/lib/armv6-m\libc.a
LOAD c:/program files (x86)/cypress/psoc creator/4.4/psoc creator/import/gnu/arm/5.4.1/bin/../lib/gcc/arm-none-eabi/5.4.1/../../../../arm-none-eabi/lib/armv6-m\libnosys.a
END GROUP
                0x00000000                CY_APPL_ORIGIN = 0x0
                0x00000080                CY_FLASH_ROW_SIZE = 0x80
                0x00000001                CY_APPL_NUM = 0x1
                0x00000001                CY_APPL_MAX = 0x1
                0x00000040                CY_METADATA_SIZE = 0x40
                0x00000000                CY_APPL_LOADABLE = 0x0
                0x00000000                CY_CHECKSUM_EXCLUDE_SIZE = ALIGN (0x0, CY_FLASH_ROW_SIZE)
                0x00000000                CY_APP_FOR_STACK_AND_COPIER = 0x0
                [!provide]                PROVIDE (__cy_heap_start, _end)
                0x00000001                PROVIDE (__cy_region_num, ((__cy_regions_end - __cy_regions) / 0x10))
                0x20001000                PROVIDE (__cy_stack, (ORIGIN (ram) + LENGTH (ram)))
                [!provide]                PROVIDE (__cy_heap_end, (__cy_stack - 0x400))

.cybootloader   0x00000000        0x0
 *(.cybootloader)
                0x00000000                appl1_start = CY_APPL_ORIGIN?CY_APPL_ORIGIN:ALIGN (CY_FLASH_ROW_SIZE)
                0x00003f80                appl2_start = (appl1_start + ALIGN ((((LENGTH (rom) - appl1_start) - (0x2 * CY_FLASH_ROW_SIZE)) / 0x2), CY_FLASH_ROW_SIZE))
                0x00000000                appl_start = (CY_APPL_NUM == 0x1)?appl1_start:appl2_start
                0x00000001                cy_project_type_bootloader = (appl_start == 0x0)?0x1:0x0
                0x00000000                cy_project_type_app_for_stack_and_copier = (CY_APP_FOR_STACK_AND_COPIER == 0x1)?0x1:0x0

.text           0x00000000      0xc54
 CREATE_OBJECT_SYMBOLS
                0x00000000                PROVIDE (__cy_interrupt_vector, RomVectors)
 *(.romvectors)
 .romvectors    0x00000000       0x10 .\CortexM0\ARM_GCC_541\Debug\Cm0Start.o
                0x00000000                RomVectors
                0x00000001                ASSERT ((. != __cy_interrupt_vector), No interrupt vector)
                0x00000001                ASSERT (CY_APPL_ORIGIN?(SIZEOF (.cybootloader) <= CY_APPL_ORIGIN):0x1, Wrong image location)
                0x00000010                PROVIDE (__cy_reset, Reset)
 *(.text.Reset)
 .text.Reset    0x00000010        0x8 .\CortexM0\ARM_GCC_541\Debug\Cm0Start.o
                0x00000010                Reset
                0x00000001                ASSERT ((. != __cy_reset), No reset code)
 *(.psocinit)
 .psocinit      0x00000018      0x124 .\CortexM0\ARM_GCC_541\Debug\cyfitter_cfg.o
                0x00000074                cyfitter_cfg
                0x0000013c                . = MAX (., 0x100)
 *(.text .text.* .gnu.linkonce.t.*)
 .text          0x0000013c       0x60 c:/program files (x86)/cypress/psoc creator/4.4/psoc creator/import/gnu/arm/5.4.1/bin/../lib/gcc/arm-none-eabi/5.4.1/armv6-m/crtbegin.o
 .text.initMatrix
                0x0000019c       0x1c .\CortexM0\ARM_GCC_541\Debug\main.o
 .text.readMatrix
                0x000001b8       0x50 .\CortexM0\ARM_GCC_541\Debug\main.o
 .text.setLEDColor
                0x00000208       0x18 .\CortexM0\ARM_GCC_541\Debug\main.o
                0x00000208                setLEDColor
 .text.printMatrix
                0x00000220       0x40 .\CortexM0\ARM_GCC_541\Debug\main.o
                0x00000220                printMatrix
 .text.main     0x00000260      0x21c .\CortexM0\ARM_GCC_541\Debug\main.o
                0x00000260                main
 .text.CYMEMZERO
                0x0000047c        0xc .\CortexM0\ARM_GCC_541\Debug\cyfitter_cfg.o
 .text.IntDefaultHandler
                0x00000488       0x10 .\CortexM0\ARM_GCC_541\Debug\Cm0Start.o
                0x00000488                IntDefaultHandler
 .text.Start_c  0x00000498       0x48 .\CortexM0\ARM_GCC_541\Debug\Cm0Start.o
                0x00000498                Start_c
 .text.initialize_psoc
                0x000004e0       0x40 .\CortexM0\ARM_GCC_541\Debug\Cm0Start.o
                0x000004e0                initialize_psoc
 .text.CyIntEnable
                0x00000520       0x14 .\CortexM0\ARM_GCC_541\Debug\SkorobohatyiLab3.a(CyLib.o)
                0x00000520                CyIntEnable
 .text.CyHalt   0x00000534        0x4 .\CortexM0\ARM_GCC_541\Debug\SkorobohatyiLab3.a(CyLib.o)
                0x00000534                CyHalt
 .text.CyIntSetVector
                0x00000538       0x24 .\CortexM0\ARM_GCC_541\Debug\SkorobohatyiLab3.a(CyLib.o)
                0x00000538                CyIntSetVector
 .text.CyDelay  0x0000055c       0x30 .\CortexM0\ARM_GCC_541\Debug\SkorobohatyiLab3.a(CyLib.o)
                0x0000055c                CyDelay
 .text.CyDelayUs
                0x0000058c       0x14 .\CortexM0\ARM_GCC_541\Debug\SkorobohatyiLab3.a(CyLib.o)
                0x0000058c                CyDelayUs
 .text.CySysClkWriteImoFreq
                0x000005a0      0x164 .\CortexM0\ARM_GCC_541\Debug\SkorobohatyiLab3.a(CyLib.o)
                0x000005a0                CySysClkWriteImoFreq
 .text.CySysWdtLocked
                0x00000704       0x14 .\CortexM0\ARM_GCC_541\Debug\SkorobohatyiLab3.a(CyLFClk.o)
 .text.CySysWdtLock
                0x00000718       0x1c .\CortexM0\ARM_GCC_541\Debug\SkorobohatyiLab3.a(CyLFClk.o)
                0x00000718                CySysWdtLock
 .text.CySysWdtUnlock
                0x00000734       0x30 .\CortexM0\ARM_GCC_541\Debug\SkorobohatyiLab3.a(CyLFClk.o)
                0x00000734                CySysWdtUnlock
 .text.CySysWdtClearInterrupt
                0x00000764       0x4c .\CortexM0\ARM_GCC_541\Debug\SkorobohatyiLab3.a(CyLFClk.o)
                0x00000764                CySysWdtClearInterrupt
 .text.CySysWdtIsr
                0x000007b0       0xa4 .\CortexM0\ARM_GCC_541\Debug\SkorobohatyiLab3.a(CyLFClk.o)
                0x000007b0                CySysWdtIsr
 .text.BLUE_Write
                0x00000854       0x18 .\CortexM0\ARM_GCC_541\Debug\SkorobohatyiLab3.a(BLUE.o)
                0x00000854                BLUE_Write
 .text.RED_Write
                0x0000086c       0x18 .\CortexM0\ARM_GCC_541\Debug\SkorobohatyiLab3.a(RED.o)
                0x0000086c                RED_Write
 .text.GREEN_Write
                0x00000884       0x18 .\CortexM0\ARM_GCC_541\Debug\SkorobohatyiLab3.a(GREEN.o)
                0x00000884                GREEN_Write
 .text.SW_Tx_UART_Start
                0x0000089c        0x4 .\CortexM0\ARM_GCC_541\Debug\SkorobohatyiLab3.a(SW_Tx_UART.o)
                0x0000089c                SW_Tx_UART_Start
 .text.SW_Tx_UART_PutString
                0x000008a0       0x1c .\CortexM0\ARM_GCC_541\Debug\SkorobohatyiLab3.a(SW_Tx_UART.o)
                0x000008a0                SW_Tx_UART_PutString
 .text.SW_Tx_UART_PutHexByte
                0x000008bc       0x20 .\CortexM0\ARM_GCC_541\Debug\SkorobohatyiLab3.a(SW_Tx_UART.o)
                0x000008bc                SW_Tx_UART_PutHexByte
 .text.SW_Tx_UART_PutHexInt
                0x000008dc       0x14 .\CortexM0\ARM_GCC_541\Debug\SkorobohatyiLab3.a(SW_Tx_UART.o)
                0x000008dc                SW_Tx_UART_PutHexInt
 .text.SW_Tx_UART_PutCRLF
                0x000008f0       0x10 .\CortexM0\ARM_GCC_541\Debug\SkorobohatyiLab3.a(SW_Tx_UART.o)
                0x000008f0                SW_Tx_UART_PutCRLF
 .text.COLUMN_0_SetDriveMode
                0x00000900       0x14 .\CortexM0\ARM_GCC_541\Debug\SkorobohatyiLab3.a(COLUMN_0.o)
                0x00000900                COLUMN_0_SetDriveMode
 .text.COLUMN_0_Write
                0x00000914       0x18 .\CortexM0\ARM_GCC_541\Debug\SkorobohatyiLab3.a(COLUMN_0.o)
                0x00000914                COLUMN_0_Write
 .text.COLUMN_1_SetDriveMode
                0x0000092c       0x14 .\CortexM0\ARM_GCC_541\Debug\SkorobohatyiLab3.a(COLUMN_1.o)
                0x0000092c                COLUMN_1_SetDriveMode
 .text.COLUMN_1_Write
                0x00000940       0x18 .\CortexM0\ARM_GCC_541\Debug\SkorobohatyiLab3.a(COLUMN_1.o)
                0x00000940                COLUMN_1_Write
 .text.COLUMN_2_SetDriveMode
                0x00000958       0x14 .\CortexM0\ARM_GCC_541\Debug\SkorobohatyiLab3.a(COLUMN_2.o)
                0x00000958                COLUMN_2_SetDriveMode
 .text.COLUMN_2_Write
                0x0000096c       0x18 .\CortexM0\ARM_GCC_541\Debug\SkorobohatyiLab3.a(COLUMN_2.o)
                0x0000096c                COLUMN_2_Write
 .text.ROW_0_Read
                0x00000984       0x10 .\CortexM0\ARM_GCC_541\Debug\SkorobohatyiLab3.a(ROW_0.o)
                0x00000984                ROW_0_Read
 .text.ROW_1_Read
                0x00000994       0x10 .\CortexM0\ARM_GCC_541\Debug\SkorobohatyiLab3.a(ROW_1.o)
                0x00000994                ROW_1_Read
 .text.ROW_2_Read
                0x000009a4       0x10 .\CortexM0\ARM_GCC_541\Debug\SkorobohatyiLab3.a(ROW_2.o)
                0x000009a4                ROW_2_Read
 .text.ROW_3_Read
                0x000009b4       0x10 .\CortexM0\ARM_GCC_541\Debug\SkorobohatyiLab3.a(ROW_3.o)
                0x000009b4                ROW_3_Read
 *fill*         0x000009c4        0x4 
 .text          0x000009c8       0x24 .\CortexM0\ARM_GCC_541\Debug\SkorobohatyiLab3.a(CyBootAsmGnu.o)
                0x000009c8                CyDelayCycles
                0x000009dc                CyEnterCriticalSection
                0x000009e4                CyExitCriticalSection
 *fill*         0x000009ec       0x14 
 .text          0x00000a00       0xd4 .\CortexM0\ARM_GCC_541\Debug\SkorobohatyiLab3.a(SW_Tx_UART_AsmGnu.o)
                0x00000a00                SW_Tx_UART_PutChar
 .text          0x00000ad4      0x114 c:/program files (x86)/cypress/psoc creator/4.4/psoc creator/import/gnu/arm/5.4.1/bin/../lib/gcc/arm-none-eabi/5.4.1/armv6-m\libgcc.a(_udivsi3.o)
                0x00000ad4                __aeabi_uidiv
                0x00000ad4                __udivsi3
                0x00000be0                __aeabi_uidivmod
 .text          0x00000be8        0x4 c:/program files (x86)/cypress/psoc creator/4.4/psoc creator/import/gnu/arm/5.4.1/bin/../lib/gcc/arm-none-eabi/5.4.1/armv6-m\libgcc.a(_dvmd_tls.o)
                0x00000be8                __aeabi_idiv0
                0x00000be8                __aeabi_ldiv0
 .text.__errno  0x00000bec        0xc c:/program files (x86)/cypress/psoc creator/4.4/psoc creator/import/gnu/arm/5.4.1/bin/../lib/gcc/arm-none-eabi/5.4.1/../../../../arm-none-eabi/lib/armv6-m\libg_nano.a(lib_a-errno.o)
                0x00000bec                __errno
 .text.__libc_init_array
                0x00000bf8       0x4c c:/program files (x86)/cypress/psoc creator/4.4/psoc creator/import/gnu/arm/5.4.1/bin/../lib/gcc/arm-none-eabi/5.4.1/../../../../arm-none-eabi/lib/armv6-m\libg_nano.a(lib_a-init.o)
                0x00000bf8                __libc_init_array
 .text.memset   0x00000c44       0x10 c:/program files (x86)/cypress/psoc creator/4.4/psoc creator/import/gnu/arm/5.4.1/bin/../lib/gcc/arm-none-eabi/5.4.1/../../../../arm-none-eabi/lib/armv6-m\libg_nano.a(lib_a-memset.o)
                0x00000c44                memset
 *(.plt)
 *(.gnu.warning)
 *(.glue_7t)
 .glue_7t       0x00000c54        0x0 linker stubs
 *(.glue_7)
 .glue_7        0x00000c54        0x0 linker stubs
 *(.vfp11_veneer)
 .vfp11_veneer  0x00000c54        0x0 linker stubs
 *(.bootloader)
 *(.ARM.extab* .gnu.linkonce.armextab.*)
 *(.gcc_except_table)

.v4_bx          0x00000c54        0x0
 .v4_bx         0x00000c54        0x0 linker stubs

.iplt           0x00000c54        0x0
 .iplt          0x00000c54        0x0 c:/program files (x86)/cypress/psoc creator/4.4/psoc creator/import/gnu/arm/5.4.1/bin/../lib/gcc/arm-none-eabi/5.4.1/armv6-m/crtbegin.o

.eh_frame_hdr
 *(.eh_frame_hdr)

.eh_frame       0x00000c54        0x4
 *(.eh_frame)
 .eh_frame      0x00000c54        0x0 c:/program files (x86)/cypress/psoc creator/4.4/psoc creator/import/gnu/arm/5.4.1/bin/../lib/gcc/arm-none-eabi/5.4.1/armv6-m/crtbegin.o
 .eh_frame      0x00000c54        0x4 c:/program files (x86)/cypress/psoc creator/4.4/psoc creator/import/gnu/arm/5.4.1/bin/../lib/gcc/arm-none-eabi/5.4.1/armv6-m/crtend.o
                [!provide]                PROVIDE (__exidx_start, .)

.ARM.exidx
 *(.ARM.exidx* .gnu.linkonce.armexidx.*)
                0x00000c58                __exidx_end = .

.rodata         0x00000c58      0x248
 *(.rodata .rodata.* .gnu.linkonce.r.*)
 .rodata        0x00000c58       0x6b .\CortexM0\ARM_GCC_541\Debug\main.o
                0x00000cc0                PASSWORD
 *fill*         0x00000cc3        0x1 
 .rodata.str1.4
                0x00000cc4      0x154 .\CortexM0\ARM_GCC_541\Debug\main.o
 .rodata        0x00000e18        0xc .\CortexM0\ARM_GCC_541\Debug\cyfitter_cfg.o
 .rodata        0x00000e24       0x2e .\CortexM0\ARM_GCC_541\Debug\SkorobohatyiLab3.a(CyLib.o)
                0x00000e24                cyImoFreqMhz2Reg
 *fill*         0x00000e52        0x2 
 .rodata        0x00000e54       0x11 .\CortexM0\ARM_GCC_541\Debug\SkorobohatyiLab3.a(SW_Tx_UART.o)
 .rodata.str1.1
                0x00000e65        0x2 c:/program files (x86)/cypress/psoc creator/4.4/psoc creator/import/gnu/arm/5.4.1/bin/../lib/gcc/arm-none-eabi/5.4.1/../../../../arm-none-eabi/lib/armv6-m\libg_nano.a(lib_a-impure.o)
                0x00000e68                . = ALIGN (0x4)
 *fill*         0x00000e67        0x1 
 *(.init)
 .init          0x00000e68        0x4 c:/program files (x86)/cypress/psoc creator/4.4/psoc creator/import/gnu/arm/5.4.1/bin/../lib/gcc/arm-none-eabi/5.4.1/armv6-m/crti.o
                0x00000e68                _init
 .init          0x00000e6c        0x8 c:/program files (x86)/cypress/psoc creator/4.4/psoc creator/import/gnu/arm/5.4.1/bin/../lib/gcc/arm-none-eabi/5.4.1/armv6-m/crtn.o
                0x00000e74                . = ALIGN (0x4)
                0x00000e74                __preinit_array_start = .
 *(.preinit_array)
                0x00000e74                __preinit_array_end = .
                0x00000e74                . = ALIGN (0x4)
                0x00000e74                __init_array_start = .
 *(SORT(.init_array.*))
 *(.init_array)
 .init_array    0x00000e74        0x4 c:/program files (x86)/cypress/psoc creator/4.4/psoc creator/import/gnu/arm/5.4.1/bin/../lib/gcc/arm-none-eabi/5.4.1/armv6-m/crtbegin.o
 .init_array    0x00000e78        0x4 .\CortexM0\ARM_GCC_541\Debug\Cm0Start.o
                0x00000e7c                __init_array_end = .
                0x00000e7c                . = ALIGN (0x4)
 *(.fini)
 .fini          0x00000e7c        0x4 c:/program files (x86)/cypress/psoc creator/4.4/psoc creator/import/gnu/arm/5.4.1/bin/../lib/gcc/arm-none-eabi/5.4.1/armv6-m/crti.o
                0x00000e7c                _fini
 .fini          0x00000e80        0x8 c:/program files (x86)/cypress/psoc creator/4.4/psoc creator/import/gnu/arm/5.4.1/bin/../lib/gcc/arm-none-eabi/5.4.1/armv6-m/crtn.o
                0x00000e88                . = ALIGN (0x4)
                0x00000e88                __fini_array_start = .
 *(.fini_array)
 .fini_array    0x00000e88        0x4 c:/program files (x86)/cypress/psoc creator/4.4/psoc creator/import/gnu/arm/5.4.1/bin/../lib/gcc/arm-none-eabi/5.4.1/armv6-m/crtbegin.o
 *(SORT(.fini_array.*))
                0x00000e8c                __fini_array_end = .
                0x00000e8c                . = ALIGN (0x4)
 *crtbegin.o(.ctors)
 *(EXCLUDE_FILE(*crtend.o) .ctors)
 *(SORT(.ctors.*))
 *crtend.o(.ctors)
                0x00000e8c                . = ALIGN (0x4)
 *crtbegin.o(.dtors)
 *(EXCLUDE_FILE(*crtend.o) .dtors)
 *(SORT(.dtors.*))
 *crtend.o(.dtors)
                0x00000e8c                . = ALIGN (0x4)
                0x00000e8c                __cy_regions = .
                0x00000e8c        0x4 LONG 0xea0 __cy_region_init_ram
                0x00000e90        0x4 LONG 0x200000c0 __cy_region_start_data
                0x00000e94        0x4 LONG 0x90 __cy_region_init_size_ram
                0x00000e98        0x4 LONG 0x50 __cy_region_zero_size_ram
                0x00000e9c                __cy_regions_end = .
                0x00000ea0                . = ALIGN (0x8)
 *fill*         0x00000e9c        0x4 
                0x00000ea0                _etext = .

.cy_checksum_exclude
                0x00000ea0        0x0
 *(.cy_checksum_exclude)

.ramvectors     0x20000000       0xc0
                0x20000000                __cy_region_start_ram = .
 *(.ramvectors)
 .ramvectors    0x20000000       0xc0 .\CortexM0\ARM_GCC_541\Debug\Cm0Start.o
                0x20000000                CyRamVectors

.noinit
 *(.noinit)

.data           0x200000c0       0x90 load address 0x00000ea0
                0x200000c0                __cy_region_start_data = .
 *(.jcr)
 .jcr           0x200000c0        0x0 c:/program files (x86)/cypress/psoc creator/4.4/psoc creator/import/gnu/arm/5.4.1/bin/../lib/gcc/arm-none-eabi/5.4.1/armv6-m/crtbegin.o
 .jcr           0x200000c0        0x4 c:/program files (x86)/cypress/psoc creator/4.4/psoc creator/import/gnu/arm/5.4.1/bin/../lib/gcc/arm-none-eabi/5.4.1/armv6-m/crtend.o
 *(.got.plt)
 *(.got)
 *(.shdata)
 *(.data .data.* .gnu.linkonce.d.*)
 .data          0x200000c4       0x14 .\CortexM0\ARM_GCC_541\Debug\SkorobohatyiLab3.a(CyLib.o)
                0x200000c4                CySysClkPumpConfig
                0x200000c8                cydelay32kMs
                0x200000cc                cydelayFreqKhz
                0x200000d0                cydelayFreqMhz
                0x200000d4                cydelayFreqHz
 .data          0x200000d8        0x4 .\CortexM0\ARM_GCC_541\Debug\SkorobohatyiLab3.a(CyLFClk.o)
 .data          0x200000dc        0xc .\CortexM0\ARM_GCC_541\Debug\SkorobohatyiLab3.a(SW_Tx_UART.o)
                0x200000dc                SW_Tx_UART_pinDrAdress
                0x200000e0                SW_Tx_UART_pinPortNumber
                0x200000e4                SW_Tx_UART_pinNumber
 .data.impure_data
                0x200000e8       0x60 c:/program files (x86)/cypress/psoc creator/4.4/psoc creator/import/gnu/arm/5.4.1/bin/../lib/gcc/arm-none-eabi/5.4.1/../../../../arm-none-eabi/lib/armv6-m\libg_nano.a(lib_a-impure.o)
 .data._impure_ptr
                0x20000148        0x4 c:/program files (x86)/cypress/psoc creator/4.4/psoc creator/import/gnu/arm/5.4.1/bin/../lib/gcc/arm-none-eabi/5.4.1/../../../../arm-none-eabi/lib/armv6-m\libg_nano.a(lib_a-impure.o)
                0x20000148                _impure_ptr
                0x20000150                . = ALIGN (0x8)
 *fill*         0x2000014c        0x4 
 *(.ram)
                0x20000150                _edata = .

.igot.plt       0x20000150        0x0 load address 0x00000f30
 .igot.plt      0x20000150        0x0 c:/program files (x86)/cypress/psoc creator/4.4/psoc creator/import/gnu/arm/5.4.1/bin/../lib/gcc/arm-none-eabi/5.4.1/armv6-m/crtbegin.o

.bss            0x20000150       0x50 load address 0x00000f30
                0x20000150                PROVIDE (__bss_start__, .)
 *(.shbss)
 *(.bss .bss.* .gnu.linkonce.b.*)
 .bss           0x20000150       0x1c c:/program files (x86)/cypress/psoc creator/4.4/psoc creator/import/gnu/arm/5.4.1/bin/../lib/gcc/arm-none-eabi/5.4.1/armv6-m/crtbegin.o
 .bss           0x2000016c        0xd .\CortexM0\ARM_GCC_541\Debug\main.o
                0x20000178                input_index
 *fill*         0x20000179        0x3 
 .bss           0x2000017c       0x20 .\CortexM0\ARM_GCC_541\Debug\SkorobohatyiLab3.a(CyLFClk.o)
 *(COMMON)
 COMMON         0x2000019c        0x3 .\CortexM0\ARM_GCC_541\Debug\main.o
                0x2000019c                input_buffer
                0x200001a0                . = ALIGN (0x8)
 *fill*         0x2000019f        0x1 
 *(.ram.b)
                0x200001a0                _end = .
                0x200001a0                __end = .
                0x200001a0                PROVIDE (end, .)
                0x200001a0                PROVIDE (__bss_end__, .)
                0x00000ea0                __cy_region_init_ram = LOADADDR (.data)
                0x00000090                __cy_region_init_size_ram = (_edata - ADDR (.data))
                0x00000050                __cy_region_zero_size_ram = (_end - _edata)

.heap           0x200001a0       0x80 load address 0x00000f30
                0x200001a0                . = _end
                0x20000220                . = (. + 0x80)
 *fill*         0x200001a0       0x80 
                0x20000220                __cy_heap_limit = .

.stack          0x20000c00      0x400
                0x20000c00                __cy_stack_limit = .
                0x20001000                . = (. + 0x400)
 *fill*         0x20000c00      0x400 
                0x00000001                ASSERT ((__cy_stack_limit >= __cy_heap_limit), region RAM overflowed with stack)
                0x00000000                cy_checksum_exclude_size = (CY_APPL_LOADABLE == 0x1)?SIZEOF (.cy_checksum_exclude):0x0
                0x00000001                ASSERT ((cy_checksum_exclude_size <= CY_CHECKSUM_EXCLUDE_SIZE), CY_BOOT: Section .cy_checksum_exclude size exceedes specified limit.)
                0x00007fc0                cyloadermeta_start = (cy_project_type_bootloader || cy_project_type_app_for_stack_and_copier)?(LENGTH (rom) - CY_METADATA_SIZE):0xf0000000

.cyloadermeta
 *(.cyloadermeta)
                0x00007fc0                cyloadablemeta_start = cy_project_type_app_for_stack_and_copier?((LENGTH (rom) - CY_FLASH_ROW_SIZE) - CY_METADATA_SIZE):((LENGTH (rom) - (CY_FLASH_ROW_SIZE * (CY_APPL_NUM - 0x1))) - CY_METADATA_SIZE)

.cyloadablemeta
 *(.cyloadablemeta)

.cyflashprotect
                0x90400000       0x20
 *(.cyflashprotect)
 .cyflashprotect
                0x90400000       0x20 .\CortexM0\ARM_GCC_541\Debug\cymetadata.o
                0x90400000                cy_meta_flashprotect

.cymeta         0x90500000        0xc
 *(.cymeta)
 .cymeta        0x90500000        0xc .\CortexM0\ARM_GCC_541\Debug\cymetadata.o
                0x90500000                cy_metadata

.cychipprotect  0x90600000        0x1
 *(.cychipprotect)
 .cychipprotect
                0x90600000        0x1 .\CortexM0\ARM_GCC_541\Debug\cymetadata.o
                0x90600000                cy_meta_chipprotect

.rel.dyn        0x00000f30        0x0 load address 0x90600004
 .rel.iplt      0x00000f30        0x0 c:/program files (x86)/cypress/psoc creator/4.4/psoc creator/import/gnu/arm/5.4.1/bin/../lib/gcc/arm-none-eabi/5.4.1/armv6-m/crtbegin.o

.stab
 *(.stab)

.stabstr
 *(.stabstr)

.debug
 *(.debug)

.line
 *(.line)

.debug_srcinfo
 *(.debug_srcinfo)

.debug_sfnames
 *(.debug_sfnames)

.debug_aranges  0x00000000      0x6e8
 *(.debug_aranges)
 .debug_aranges
                0x00000000       0x40 .\CortexM0\ARM_GCC_541\Debug\main.o
 .debug_aranges
                0x00000040       0x30 .\CortexM0\ARM_GCC_541\Debug\cyfitter_cfg.o
 .debug_aranges
                0x00000070       0x18 .\CortexM0\ARM_GCC_541\Debug\cymetadata.o
 .debug_aranges
                0x00000088       0x48 .\CortexM0\ARM_GCC_541\Debug\Cm0Start.o
 .debug_aranges
                0x000000d0      0x180 .\CortexM0\ARM_GCC_541\Debug\SkorobohatyiLab3.a(CyLib.o)
 .debug_aranges
                0x00000250      0x138 .\CortexM0\ARM_GCC_541\Debug\SkorobohatyiLab3.a(CyLFClk.o)
 .debug_aranges
                0x00000388       0x48 .\CortexM0\ARM_GCC_541\Debug\SkorobohatyiLab3.a(BLUE.o)
 .debug_aranges
                0x000003d0       0x48 .\CortexM0\ARM_GCC_541\Debug\SkorobohatyiLab3.a(RED.o)
 .debug_aranges
                0x00000418       0x48 .\CortexM0\ARM_GCC_541\Debug\SkorobohatyiLab3.a(GREEN.o)
 .debug_aranges
                0x00000460       0x50 .\CortexM0\ARM_GCC_541\Debug\SkorobohatyiLab3.a(SW_Tx_UART.o)
 .debug_aranges
                0x000004b0       0x48 .\CortexM0\ARM_GCC_541\Debug\SkorobohatyiLab3.a(COLUMN_0.o)
 .debug_aranges
                0x000004f8       0x48 .\CortexM0\ARM_GCC_541\Debug\SkorobohatyiLab3.a(COLUMN_1.o)
 .debug_aranges
                0x00000540       0x48 .\CortexM0\ARM_GCC_541\Debug\SkorobohatyiLab3.a(COLUMN_2.o)
 .debug_aranges
                0x00000588       0x48 .\CortexM0\ARM_GCC_541\Debug\SkorobohatyiLab3.a(ROW_0.o)
 .debug_aranges
                0x000005d0       0x48 .\CortexM0\ARM_GCC_541\Debug\SkorobohatyiLab3.a(ROW_1.o)
 .debug_aranges
                0x00000618       0x48 .\CortexM0\ARM_GCC_541\Debug\SkorobohatyiLab3.a(ROW_2.o)
 .debug_aranges
                0x00000660       0x48 .\CortexM0\ARM_GCC_541\Debug\SkorobohatyiLab3.a(ROW_3.o)
 .debug_aranges
                0x000006a8       0x20 .\CortexM0\ARM_GCC_541\Debug\SkorobohatyiLab3.a(CyBootAsmGnu.o)
 .debug_aranges
                0x000006c8       0x20 .\CortexM0\ARM_GCC_541\Debug\SkorobohatyiLab3.a(SW_Tx_UART_AsmGnu.o)

.debug_pubnames
 *(.debug_pubnames)

.debug_info     0x00000000     0x3b1b
 *(.debug_info .gnu.linkonce.wi.*)
 .debug_info    0x00000000      0x815 .\CortexM0\ARM_GCC_541\Debug\main.o
 .debug_info    0x00000815      0x278 .\CortexM0\ARM_GCC_541\Debug\cyfitter_cfg.o
 .debug_info    0x00000a8d       0xf8 .\CortexM0\ARM_GCC_541\Debug\cymetadata.o
 .debug_info    0x00000b85      0x3a2 .\CortexM0\ARM_GCC_541\Debug\Cm0Start.o
 .debug_info    0x00000f27      0xaed .\CortexM0\ARM_GCC_541\Debug\SkorobohatyiLab3.a(CyLib.o)
 .debug_info    0x00001a14      0xcfe .\CortexM0\ARM_GCC_541\Debug\SkorobohatyiLab3.a(CyLFClk.o)
 .debug_info    0x00002712      0x19d .\CortexM0\ARM_GCC_541\Debug\SkorobohatyiLab3.a(BLUE.o)
 .debug_info    0x000028af      0x19d .\CortexM0\ARM_GCC_541\Debug\SkorobohatyiLab3.a(RED.o)
 .debug_info    0x00002a4c      0x19d .\CortexM0\ARM_GCC_541\Debug\SkorobohatyiLab3.a(GREEN.o)
 .debug_info    0x00002be9      0x2c4 .\CortexM0\ARM_GCC_541\Debug\SkorobohatyiLab3.a(SW_Tx_UART.o)
 .debug_info    0x00002ead      0x19b .\CortexM0\ARM_GCC_541\Debug\SkorobohatyiLab3.a(COLUMN_0.o)
 .debug_info    0x00003048      0x19d .\CortexM0\ARM_GCC_541\Debug\SkorobohatyiLab3.a(COLUMN_1.o)
 .debug_info    0x000031e5      0x19b .\CortexM0\ARM_GCC_541\Debug\SkorobohatyiLab3.a(COLUMN_2.o)
 .debug_info    0x00003380      0x19d .\CortexM0\ARM_GCC_541\Debug\SkorobohatyiLab3.a(ROW_0.o)
 .debug_info    0x0000351d      0x19d .\CortexM0\ARM_GCC_541\Debug\SkorobohatyiLab3.a(ROW_1.o)
 .debug_info    0x000036ba      0x19d .\CortexM0\ARM_GCC_541\Debug\SkorobohatyiLab3.a(ROW_2.o)
 .debug_info    0x00003857      0x19d .\CortexM0\ARM_GCC_541\Debug\SkorobohatyiLab3.a(ROW_3.o)
 .debug_info    0x000039f4       0x91 .\CortexM0\ARM_GCC_541\Debug\SkorobohatyiLab3.a(CyBootAsmGnu.o)
 .debug_info    0x00003a85       0x96 .\CortexM0\ARM_GCC_541\Debug\SkorobohatyiLab3.a(SW_Tx_UART_AsmGnu.o)

.debug_abbrev   0x00000000     0x122a
 *(.debug_abbrev)
 .debug_abbrev  0x00000000      0x1c2 .\CortexM0\ARM_GCC_541\Debug\main.o
 .debug_abbrev  0x000001c2      0x150 .\CortexM0\ARM_GCC_541\Debug\cyfitter_cfg.o
 .debug_abbrev  0x00000312       0x5d .\CortexM0\ARM_GCC_541\Debug\cymetadata.o
 .debug_abbrev  0x0000036f      0x1d7 .\CortexM0\ARM_GCC_541\Debug\Cm0Start.o
 .debug_abbrev  0x00000546      0x1d3 .\CortexM0\ARM_GCC_541\Debug\SkorobohatyiLab3.a(CyLib.o)
 .debug_abbrev  0x00000719      0x210 .\CortexM0\ARM_GCC_541\Debug\SkorobohatyiLab3.a(CyLFClk.o)
 .debug_abbrev  0x00000929       0xc8 .\CortexM0\ARM_GCC_541\Debug\SkorobohatyiLab3.a(BLUE.o)
 .debug_abbrev  0x000009f1       0xc8 .\CortexM0\ARM_GCC_541\Debug\SkorobohatyiLab3.a(RED.o)
 .debug_abbrev  0x00000ab9       0xc8 .\CortexM0\ARM_GCC_541\Debug\SkorobohatyiLab3.a(GREEN.o)
 .debug_abbrev  0x00000b81      0x109 .\CortexM0\ARM_GCC_541\Debug\SkorobohatyiLab3.a(SW_Tx_UART.o)
 .debug_abbrev  0x00000c8a       0xc8 .\CortexM0\ARM_GCC_541\Debug\SkorobohatyiLab3.a(COLUMN_0.o)
 .debug_abbrev  0x00000d52       0xc8 .\CortexM0\ARM_GCC_541\Debug\SkorobohatyiLab3.a(COLUMN_1.o)
 .debug_abbrev  0x00000e1a       0xc8 .\CortexM0\ARM_GCC_541\Debug\SkorobohatyiLab3.a(COLUMN_2.o)
 .debug_abbrev  0x00000ee2       0xc8 .\CortexM0\ARM_GCC_541\Debug\SkorobohatyiLab3.a(ROW_0.o)
 .debug_abbrev  0x00000faa       0xc8 .\CortexM0\ARM_GCC_541\Debug\SkorobohatyiLab3.a(ROW_1.o)
 .debug_abbrev  0x00001072       0xc8 .\CortexM0\ARM_GCC_541\Debug\SkorobohatyiLab3.a(ROW_2.o)
 .debug_abbrev  0x0000113a       0xc8 .\CortexM0\ARM_GCC_541\Debug\SkorobohatyiLab3.a(ROW_3.o)
 .debug_abbrev  0x00001202       0x14 .\CortexM0\ARM_GCC_541\Debug\SkorobohatyiLab3.a(CyBootAsmGnu.o)
 .debug_abbrev  0x00001216       0x14 .\CortexM0\ARM_GCC_541\Debug\SkorobohatyiLab3.a(SW_Tx_UART_AsmGnu.o)

.debug_line     0x00000000     0x198e
 *(.debug_line)
 .debug_line    0x00000000      0x2b7 .\CortexM0\ARM_GCC_541\Debug\main.o
 .debug_line    0x000002b7      0x133 .\CortexM0\ARM_GCC_541\Debug\cyfitter_cfg.o
 .debug_line    0x000003ea      0x141 .\CortexM0\ARM_GCC_541\Debug\cymetadata.o
 .debug_line    0x0000052b      0x235 .\CortexM0\ARM_GCC_541\Debug\Cm0Start.o
 .debug_line    0x00000760      0x460 .\CortexM0\ARM_GCC_541\Debug\SkorobohatyiLab3.a(CyLib.o)
 .debug_line    0x00000bc0      0x466 .\CortexM0\ARM_GCC_541\Debug\SkorobohatyiLab3.a(CyLFClk.o)
 .debug_line    0x00001026       0xbc .\CortexM0\ARM_GCC_541\Debug\SkorobohatyiLab3.a(BLUE.o)
 .debug_line    0x000010e2       0xbb .\CortexM0\ARM_GCC_541\Debug\SkorobohatyiLab3.a(RED.o)
 .debug_line    0x0000119d       0xbd .\CortexM0\ARM_GCC_541\Debug\SkorobohatyiLab3.a(GREEN.o)
 .debug_line    0x0000125a       0xf6 .\CortexM0\ARM_GCC_541\Debug\SkorobohatyiLab3.a(SW_Tx_UART.o)
 .debug_line    0x00001350       0xbf .\CortexM0\ARM_GCC_541\Debug\SkorobohatyiLab3.a(COLUMN_0.o)
 .debug_line    0x0000140f       0xc0 .\CortexM0\ARM_GCC_541\Debug\SkorobohatyiLab3.a(COLUMN_1.o)
 .debug_line    0x000014cf       0xbf .\CortexM0\ARM_GCC_541\Debug\SkorobohatyiLab3.a(COLUMN_2.o)
 .debug_line    0x0000158e       0xbd .\CortexM0\ARM_GCC_541\Debug\SkorobohatyiLab3.a(ROW_0.o)
 .debug_line    0x0000164b       0xbd .\CortexM0\ARM_GCC_541\Debug\SkorobohatyiLab3.a(ROW_1.o)
 .debug_line    0x00001708       0xbd .\CortexM0\ARM_GCC_541\Debug\SkorobohatyiLab3.a(ROW_2.o)
 .debug_line    0x000017c5       0xbd .\CortexM0\ARM_GCC_541\Debug\SkorobohatyiLab3.a(ROW_3.o)
 .debug_line    0x00001882       0x69 .\CortexM0\ARM_GCC_541\Debug\SkorobohatyiLab3.a(CyBootAsmGnu.o)
 .debug_line    0x000018eb       0xa3 .\CortexM0\ARM_GCC_541\Debug\SkorobohatyiLab3.a(SW_Tx_UART_AsmGnu.o)

.debug_frame    0x00000000      0xf34
 *(.debug_frame)
 .debug_frame   0x00000000       0xac .\CortexM0\ARM_GCC_541\Debug\main.o
 .debug_frame   0x000000ac       0x68 .\CortexM0\ARM_GCC_541\Debug\cyfitter_cfg.o
 .debug_frame   0x00000114       0xbc .\CortexM0\ARM_GCC_541\Debug\Cm0Start.o
 .debug_frame   0x000001d0      0x3e0 .\CortexM0\ARM_GCC_541\Debug\SkorobohatyiLab3.a(CyLib.o)
 .debug_frame   0x000005b0      0x3a8 .\CortexM0\ARM_GCC_541\Debug\SkorobohatyiLab3.a(CyLFClk.o)
 .debug_frame   0x00000958       0x70 .\CortexM0\ARM_GCC_541\Debug\SkorobohatyiLab3.a(BLUE.o)
 .debug_frame   0x000009c8       0x70 .\CortexM0\ARM_GCC_541\Debug\SkorobohatyiLab3.a(RED.o)
 .debug_frame   0x00000a38       0x70 .\CortexM0\ARM_GCC_541\Debug\SkorobohatyiLab3.a(GREEN.o)
 .debug_frame   0x00000aa8       0xc8 .\CortexM0\ARM_GCC_541\Debug\SkorobohatyiLab3.a(SW_Tx_UART.o)
 .debug_frame   0x00000b70       0x70 .\CortexM0\ARM_GCC_541\Debug\SkorobohatyiLab3.a(COLUMN_0.o)
 .debug_frame   0x00000be0       0x70 .\CortexM0\ARM_GCC_541\Debug\SkorobohatyiLab3.a(COLUMN_1.o)
 .debug_frame   0x00000c50       0x70 .\CortexM0\ARM_GCC_541\Debug\SkorobohatyiLab3.a(COLUMN_2.o)
 .debug_frame   0x00000cc0       0x70 .\CortexM0\ARM_GCC_541\Debug\SkorobohatyiLab3.a(ROW_0.o)
 .debug_frame   0x00000d30       0x70 .\CortexM0\ARM_GCC_541\Debug\SkorobohatyiLab3.a(ROW_1.o)
 .debug_frame   0x00000da0       0x70 .\CortexM0\ARM_GCC_541\Debug\SkorobohatyiLab3.a(ROW_2.o)
 .debug_frame   0x00000e10       0x70 .\CortexM0\ARM_GCC_541\Debug\SkorobohatyiLab3.a(ROW_3.o)
 .debug_frame   0x00000e80       0x20 c:/program files (x86)/cypress/psoc creator/4.4/psoc creator/import/gnu/arm/5.4.1/bin/../lib/gcc/arm-none-eabi/5.4.1/armv6-m\libgcc.a(_udivsi3.o)
 .debug_frame   0x00000ea0       0x20 c:/program files (x86)/cypress/psoc creator/4.4/psoc creator/import/gnu/arm/5.4.1/bin/../lib/gcc/arm-none-eabi/5.4.1/../../../../arm-none-eabi/lib/armv6-m\libg_nano.a(lib_a-errno.o)
 .debug_frame   0x00000ec0       0x28 c:/program files (x86)/cypress/psoc creator/4.4/psoc creator/import/gnu/arm/5.4.1/bin/../lib/gcc/arm-none-eabi/5.4.1/../../../../arm-none-eabi/lib/armv6-m\libg_nano.a(lib_a-exit.o)
 .debug_frame   0x00000ee8       0x2c c:/program files (x86)/cypress/psoc creator/4.4/psoc creator/import/gnu/arm/5.4.1/bin/../lib/gcc/arm-none-eabi/5.4.1/../../../../arm-none-eabi/lib/armv6-m\libg_nano.a(lib_a-init.o)
 .debug_frame   0x00000f14       0x20 c:/program files (x86)/cypress/psoc creator/4.4/psoc creator/import/gnu/arm/5.4.1/bin/../lib/gcc/arm-none-eabi/5.4.1/../../../../arm-none-eabi/lib/armv6-m\libg_nano.a(lib_a-memset.o)

.debug_str      0x00000000     0x1569
 *(.debug_str)
 .debug_str     0x00000000      0x29b .\CortexM0\ARM_GCC_541\Debug\main.o
                                0x2e3 (size before relaxing)
 .debug_str     0x0000029b       0xbc .\CortexM0\ARM_GCC_541\Debug\cyfitter_cfg.o
                                0x24b (size before relaxing)
 .debug_str     0x00000357       0x59 .\CortexM0\ARM_GCC_541\Debug\cymetadata.o
                                0x1c9 (size before relaxing)
 .debug_str     0x000003b0      0x140 .\CortexM0\ARM_GCC_541\Debug\Cm0Start.o
                                0x302 (size before relaxing)
 .debug_str     0x000004f0      0x4c8 .\CortexM0\ARM_GCC_541\Debug\SkorobohatyiLab3.a(CyLib.o)
                                0x6b7 (size before relaxing)
 .debug_str     0x000009b8      0x530 .\CortexM0\ARM_GCC_541\Debug\SkorobohatyiLab3.a(CyLFClk.o)
                                0x73e (size before relaxing)
 .debug_str     0x00000ee8       0x99 .\CortexM0\ARM_GCC_541\Debug\SkorobohatyiLab3.a(BLUE.o)
                                0x230 (size before relaxing)
 .debug_str     0x00000f81       0x6f .\CortexM0\ARM_GCC_541\Debug\SkorobohatyiLab3.a(RED.o)
                                0x229 (size before relaxing)
 .debug_str     0x00000ff0       0x7b .\CortexM0\ARM_GCC_541\Debug\SkorobohatyiLab3.a(GREEN.o)
                                0x237 (size before relaxing)
 .debug_str     0x0000106b      0x10e .\CortexM0\ARM_GCC_541\Debug\SkorobohatyiLab3.a(SW_Tx_UART.o)
                                0x2e6 (size before relaxing)
 .debug_str     0x00001179       0x9c .\CortexM0\ARM_GCC_541\Debug\SkorobohatyiLab3.a(COLUMN_0.o)
                                0x24c (size before relaxing)
 .debug_str     0x00001215       0x9c .\CortexM0\ARM_GCC_541\Debug\SkorobohatyiLab3.a(COLUMN_1.o)
                                0x24c (size before relaxing)
 .debug_str     0x000012b1       0x9c .\CortexM0\ARM_GCC_541\Debug\SkorobohatyiLab3.a(COLUMN_2.o)
                                0x24c (size before relaxing)
 .debug_str     0x0000134d       0x87 .\CortexM0\ARM_GCC_541\Debug\SkorobohatyiLab3.a(ROW_0.o)
                                0x237 (size before relaxing)
 .debug_str     0x000013d4       0x87 .\CortexM0\ARM_GCC_541\Debug\SkorobohatyiLab3.a(ROW_1.o)
                                0x237 (size before relaxing)
 .debug_str     0x0000145b       0x87 .\CortexM0\ARM_GCC_541\Debug\SkorobohatyiLab3.a(ROW_2.o)
                                0x237 (size before relaxing)
 .debug_str     0x000014e2       0x87 .\CortexM0\ARM_GCC_541\Debug\SkorobohatyiLab3.a(ROW_3.o)
                                0x237 (size before relaxing)

.debug_loc      0x00000000     0x1aea
 *(.debug_loc)
 .debug_loc     0x00000000      0x265 .\CortexM0\ARM_GCC_541\Debug\main.o
 .debug_loc     0x00000265       0xa9 .\CortexM0\ARM_GCC_541\Debug\cyfitter_cfg.o
 .debug_loc     0x0000030e      0x14f .\CortexM0\ARM_GCC_541\Debug\Cm0Start.o
 .debug_loc     0x0000045d      0x599 .\CortexM0\ARM_GCC_541\Debug\SkorobohatyiLab3.a(CyLib.o)
 .debug_loc     0x000009f6      0x9b5 .\CortexM0\ARM_GCC_541\Debug\SkorobohatyiLab3.a(CyLFClk.o)
 .debug_loc     0x000013ab       0xa2 .\CortexM0\ARM_GCC_541\Debug\SkorobohatyiLab3.a(BLUE.o)
 .debug_loc     0x0000144d       0xa2 .\CortexM0\ARM_GCC_541\Debug\SkorobohatyiLab3.a(RED.o)
 .debug_loc     0x000014ef       0xa2 .\CortexM0\ARM_GCC_541\Debug\SkorobohatyiLab3.a(GREEN.o)
 .debug_loc     0x00001591      0x12d .\CortexM0\ARM_GCC_541\Debug\SkorobohatyiLab3.a(SW_Tx_UART.o)
 .debug_loc     0x000016be       0x81 .\CortexM0\ARM_GCC_541\Debug\SkorobohatyiLab3.a(COLUMN_0.o)
 .debug_loc     0x0000173f       0xa2 .\CortexM0\ARM_GCC_541\Debug\SkorobohatyiLab3.a(COLUMN_1.o)
 .debug_loc     0x000017e1       0x81 .\CortexM0\ARM_GCC_541\Debug\SkorobohatyiLab3.a(COLUMN_2.o)
 .debug_loc     0x00001862       0xa2 .\CortexM0\ARM_GCC_541\Debug\SkorobohatyiLab3.a(ROW_0.o)
 .debug_loc     0x00001904       0xa2 .\CortexM0\ARM_GCC_541\Debug\SkorobohatyiLab3.a(ROW_1.o)
 .debug_loc     0x000019a6       0xa2 .\CortexM0\ARM_GCC_541\Debug\SkorobohatyiLab3.a(ROW_2.o)
 .debug_loc     0x00001a48       0xa2 .\CortexM0\ARM_GCC_541\Debug\SkorobohatyiLab3.a(ROW_3.o)

.debug_macinfo
 *(.debug_macinfo)

.debug_ranges   0x00000000      0x610
 *(.debug_ranges)
 .debug_ranges  0x00000000       0xb0 .\CortexM0\ARM_GCC_541\Debug\main.o
 .debug_ranges  0x000000b0       0x20 .\CortexM0\ARM_GCC_541\Debug\cyfitter_cfg.o
 .debug_ranges  0x000000d0       0x38 .\CortexM0\ARM_GCC_541\Debug\Cm0Start.o
 .debug_ranges  0x00000108      0x170 .\CortexM0\ARM_GCC_541\Debug\SkorobohatyiLab3.a(CyLib.o)
 .debug_ranges  0x00000278      0x128 .\CortexM0\ARM_GCC_541\Debug\SkorobohatyiLab3.a(CyLFClk.o)
 .debug_ranges  0x000003a0       0x38 .\CortexM0\ARM_GCC_541\Debug\SkorobohatyiLab3.a(BLUE.o)
 .debug_ranges  0x000003d8       0x38 .\CortexM0\ARM_GCC_541\Debug\SkorobohatyiLab3.a(RED.o)
 .debug_ranges  0x00000410       0x38 .\CortexM0\ARM_GCC_541\Debug\SkorobohatyiLab3.a(GREEN.o)
 .debug_ranges  0x00000448       0x40 .\CortexM0\ARM_GCC_541\Debug\SkorobohatyiLab3.a(SW_Tx_UART.o)
 .debug_ranges  0x00000488       0x38 .\CortexM0\ARM_GCC_541\Debug\SkorobohatyiLab3.a(COLUMN_0.o)
 .debug_ranges  0x000004c0       0x38 .\CortexM0\ARM_GCC_541\Debug\SkorobohatyiLab3.a(COLUMN_1.o)
 .debug_ranges  0x000004f8       0x38 .\CortexM0\ARM_GCC_541\Debug\SkorobohatyiLab3.a(COLUMN_2.o)
 .debug_ranges  0x00000530       0x38 .\CortexM0\ARM_GCC_541\Debug\SkorobohatyiLab3.a(ROW_0.o)
 .debug_ranges  0x00000568       0x38 .\CortexM0\ARM_GCC_541\Debug\SkorobohatyiLab3.a(ROW_1.o)
 .debug_ranges  0x000005a0       0x38 .\CortexM0\ARM_GCC_541\Debug\SkorobohatyiLab3.a(ROW_2.o)
 .debug_ranges  0x000005d8       0x38 .\CortexM0\ARM_GCC_541\Debug\SkorobohatyiLab3.a(ROW_3.o)

.comment        0x00000000       0x6e
 .comment       0x00000000       0x6e .\CortexM0\ARM_GCC_541\Debug\main.o
                                 0x6f (size before relaxing)
 .comment       0x0000006e       0x6f .\CortexM0\ARM_GCC_541\Debug\cyfitter_cfg.o
 .comment       0x0000006e       0x6f .\CortexM0\ARM_GCC_541\Debug\cymetadata.o
 .comment       0x0000006e       0x6f .\CortexM0\ARM_GCC_541\Debug\Cm0Start.o
 .comment       0x0000006e       0x6f .\CortexM0\ARM_GCC_541\Debug\SkorobohatyiLab3.a(CyLib.o)
 .comment       0x0000006e       0x6f .\CortexM0\ARM_GCC_541\Debug\SkorobohatyiLab3.a(CyLFClk.o)
 .comment       0x0000006e       0x6f .\CortexM0\ARM_GCC_541\Debug\SkorobohatyiLab3.a(BLUE.o)
 .comment       0x0000006e       0x6f .\CortexM0\ARM_GCC_541\Debug\SkorobohatyiLab3.a(RED.o)
 .comment       0x0000006e       0x6f .\CortexM0\ARM_GCC_541\Debug\SkorobohatyiLab3.a(GREEN.o)
 .comment       0x0000006e       0x6f .\CortexM0\ARM_GCC_541\Debug\SkorobohatyiLab3.a(SW_Tx_UART.o)
 .comment       0x0000006e       0x6f .\CortexM0\ARM_GCC_541\Debug\SkorobohatyiLab3.a(COLUMN_0.o)
 .comment       0x0000006e       0x6f .\CortexM0\ARM_GCC_541\Debug\SkorobohatyiLab3.a(COLUMN_1.o)
 .comment       0x0000006e       0x6f .\CortexM0\ARM_GCC_541\Debug\SkorobohatyiLab3.a(COLUMN_2.o)
 .comment       0x0000006e       0x6f .\CortexM0\ARM_GCC_541\Debug\SkorobohatyiLab3.a(ROW_0.o)
 .comment       0x0000006e       0x6f .\CortexM0\ARM_GCC_541\Debug\SkorobohatyiLab3.a(ROW_1.o)
 .comment       0x0000006e       0x6f .\CortexM0\ARM_GCC_541\Debug\SkorobohatyiLab3.a(ROW_2.o)
 .comment       0x0000006e       0x6f .\CortexM0\ARM_GCC_541\Debug\SkorobohatyiLab3.a(ROW_3.o)

.debug_weaknames
 *(.debug_weaknames)

.debug_funcnames
 *(.debug_funcnames)

.debug_typenames
 *(.debug_typenames)

.debug_varnames
 *(.debug_varnames)

.note.gnu.arm.ident
 *(.note.gnu.arm.ident)

.ARM.attributes
                0x00000000       0x28
 *(.ARM.attributes)
 .ARM.attributes
                0x00000000       0x1e c:/program files (x86)/cypress/psoc creator/4.4/psoc creator/import/gnu/arm/5.4.1/bin/../lib/gcc/arm-none-eabi/5.4.1/armv6-m/crti.o
 .ARM.attributes
                0x0000001e       0x2c c:/program files (x86)/cypress/psoc creator/4.4/psoc creator/import/gnu/arm/5.4.1/bin/../lib/gcc/arm-none-eabi/5.4.1/armv6-m/crtbegin.o
 .ARM.attributes
                0x0000004a       0x1b c:/program files (x86)/cypress/psoc creator/4.4/psoc creator/import/gnu/arm/5.4.1/bin/../lib/gcc/arm-none-eabi/5.4.1/../../../../arm-none-eabi/lib/armv6-m/crt0.o
 .ARM.attributes
                0x00000065       0x31 .\CortexM0\ARM_GCC_541\Debug\main.o
 .ARM.attributes
                0x00000096       0x31 .\CortexM0\ARM_GCC_541\Debug\cyfitter_cfg.o
 .ARM.attributes
                0x000000c7       0x31 .\CortexM0\ARM_GCC_541\Debug\cymetadata.o
 .ARM.attributes
                0x000000f8       0x31 .\CortexM0\ARM_GCC_541\Debug\Cm0Start.o
 .ARM.attributes
                0x00000129       0x31 .\CortexM0\ARM_GCC_541\Debug\SkorobohatyiLab3.a(CyLib.o)
 .ARM.attributes
                0x0000015a       0x31 .\CortexM0\ARM_GCC_541\Debug\SkorobohatyiLab3.a(CyLFClk.o)
 .ARM.attributes
                0x0000018b       0x31 .\CortexM0\ARM_GCC_541\Debug\SkorobohatyiLab3.a(BLUE.o)
 .ARM.attributes
                0x000001bc       0x31 .\CortexM0\ARM_GCC_541\Debug\SkorobohatyiLab3.a(RED.o)
 .ARM.attributes
                0x000001ed       0x31 .\CortexM0\ARM_GCC_541\Debug\SkorobohatyiLab3.a(GREEN.o)
 .ARM.attributes
                0x0000021e       0x31 .\CortexM0\ARM_GCC_541\Debug\SkorobohatyiLab3.a(SW_Tx_UART.o)
 .ARM.attributes
                0x0000024f       0x31 .\CortexM0\ARM_GCC_541\Debug\SkorobohatyiLab3.a(COLUMN_0.o)
 .ARM.attributes
                0x00000280       0x31 .\CortexM0\ARM_GCC_541\Debug\SkorobohatyiLab3.a(COLUMN_1.o)
 .ARM.attributes
                0x000002b1       0x31 .\CortexM0\ARM_GCC_541\Debug\SkorobohatyiLab3.a(COLUMN_2.o)
 .ARM.attributes
                0x000002e2       0x31 .\CortexM0\ARM_GCC_541\Debug\SkorobohatyiLab3.a(ROW_0.o)
 .ARM.attributes
                0x00000313       0x31 .\CortexM0\ARM_GCC_541\Debug\SkorobohatyiLab3.a(ROW_1.o)
 .ARM.attributes
                0x00000344       0x31 .\CortexM0\ARM_GCC_541\Debug\SkorobohatyiLab3.a(ROW_2.o)
 .ARM.attributes
                0x00000375       0x31 .\CortexM0\ARM_GCC_541\Debug\SkorobohatyiLab3.a(ROW_3.o)
 .ARM.attributes
                0x000003a6       0x21 .\CortexM0\ARM_GCC_541\Debug\SkorobohatyiLab3.a(CyBootAsmGnu.o)
 .ARM.attributes
                0x000003c7       0x21 .\CortexM0\ARM_GCC_541\Debug\SkorobohatyiLab3.a(SW_Tx_UART_AsmGnu.o)
 .ARM.attributes
                0x000003e8       0x1e c:/program files (x86)/cypress/psoc creator/4.4/psoc creator/import/gnu/arm/5.4.1/bin/../lib/gcc/arm-none-eabi/5.4.1/armv6-m\libgcc.a(_udivsi3.o)
 .ARM.attributes
                0x00000406       0x1e c:/program files (x86)/cypress/psoc creator/4.4/psoc creator/import/gnu/arm/5.4.1/bin/../lib/gcc/arm-none-eabi/5.4.1/armv6-m\libgcc.a(_dvmd_tls.o)
 .ARM.attributes
                0x00000424       0x2c c:/program files (x86)/cypress/psoc creator/4.4/psoc creator/import/gnu/arm/5.4.1/bin/../lib/gcc/arm-none-eabi/5.4.1/../../../../arm-none-eabi/lib/armv6-m\libg_nano.a(lib_a-errno.o)
 .ARM.attributes
                0x00000450       0x2c c:/program files (x86)/cypress/psoc creator/4.4/psoc creator/import/gnu/arm/5.4.1/bin/../lib/gcc/arm-none-eabi/5.4.1/../../../../arm-none-eabi/lib/armv6-m\libg_nano.a(lib_a-exit.o)
 .ARM.attributes
                0x0000047c       0x2c c:/program files (x86)/cypress/psoc creator/4.4/psoc creator/import/gnu/arm/5.4.1/bin/../lib/gcc/arm-none-eabi/5.4.1/../../../../arm-none-eabi/lib/armv6-m\libg_nano.a(lib_a-impure.o)
 .ARM.attributes
                0x000004a8       0x2c c:/program files (x86)/cypress/psoc creator/4.4/psoc creator/import/gnu/arm/5.4.1/bin/../lib/gcc/arm-none-eabi/5.4.1/../../../../arm-none-eabi/lib/armv6-m\libg_nano.a(lib_a-init.o)
 .ARM.attributes
                0x000004d4       0x2c c:/program files (x86)/cypress/psoc creator/4.4/psoc creator/import/gnu/arm/5.4.1/bin/../lib/gcc/arm-none-eabi/5.4.1/../../../../arm-none-eabi/lib/armv6-m\libg_nano.a(lib_a-memset.o)
 .ARM.attributes
                0x00000500       0x2c c:/program files (x86)/cypress/psoc creator/4.4/psoc creator/import/gnu/arm/5.4.1/bin/../lib/gcc/arm-none-eabi/5.4.1/armv6-m/crtend.o
 .ARM.attributes
                0x0000052c       0x1e c:/program files (x86)/cypress/psoc creator/4.4/psoc creator/import/gnu/arm/5.4.1/bin/../lib/gcc/arm-none-eabi/5.4.1/armv6-m/crtn.o

/DISCARD/
 *(.note.GNU-stack)
OUTPUT(C:\Users\STUDENT\Documents\SkorobohatyiLab1\SkorobohatyiLab3.cydsn\CortexM0\ARM_GCC_541\Debug\SkorobohatyiLab3.elf elf32-littlearm)
